Component: Arm Compiler for Embedded 6.22 Tool: armlink [5ee90200]

==============================================================================

Section Cross References

    board.o(.text.board_init) refers to ti_msp_dl_config.o(.text.SYSCFG_DL_init) for SYSCFG_DL_init
    board.o(.ARM.exidx.text.board_init) refers to board.o(.text.board_init) for [Anonymous Symbol]
    board.o(.ARM.exidx.text.delay_us) refers to board.o(.text.delay_us) for [Anonymous Symbol]
    board.o(.ARM.exidx.text.delay_ms) refers to board.o(.text.delay_ms) for [Anonymous Symbol]
    board.o(.ARM.exidx.text.delay_1us) refers to board.o(.text.delay_1us) for [Anonymous Symbol]
    board.o(.ARM.exidx.text.delay_1ms) refers to board.o(.text.delay_1ms) for [Anonymous Symbol]
    board.o(.ARM.exidx.text.uart0_send_char) refers to board.o(.text.uart0_send_char) for [Anonymous Symbol]
    board.o(.ARM.exidx.text.uart0_send_string) refers to board.o(.text.uart0_send_string) for [Anonymous Symbol]
    board.o(.ARM.exidx.text._sys_exit) refers to board.o(.text._sys_exit) for [Anonymous Symbol]
    board.o(.ARM.exidx.text.fputc) refers to board.o(.text.fputc) for [Anonymous Symbol]
    timer.o(.ARM.exidx.text.timer0_init) refers to timer.o(.text.timer0_init) for [Anonymous Symbol]
    timer.o(.ARM.exidx.text.timer1_init) refers to timer.o(.text.timer1_init) for [Anonymous Symbol]
    key.o(.text.Key_GetNum1) refers to board.o(.text.delay_ms) for delay_ms
    key.o(.ARM.exidx.text.Key_GetNum1) refers to key.o(.text.Key_GetNum1) for [Anonymous Symbol]
    key.o(.text.Key_GetNum2) refers to board.o(.text.delay_ms) for delay_ms
    key.o(.ARM.exidx.text.Key_GetNum2) refers to key.o(.text.Key_GetNum2) for [Anonymous Symbol]
    key.o(.text.Key_GetNum3) refers to board.o(.text.delay_ms) for delay_ms
    key.o(.ARM.exidx.text.Key_GetNum3) refers to key.o(.text.Key_GetNum3) for [Anonymous Symbol]
    led.o(.ARM.exidx.text.LED_Blue_ON) refers to led.o(.text.LED_Blue_ON) for [Anonymous Symbol]
    led.o(.ARM.exidx.text.LED_Blue_OFF) refers to led.o(.text.LED_Blue_OFF) for [Anonymous Symbol]
    led.o(.ARM.exidx.text.LED_Green_ON) refers to led.o(.text.LED_Green_ON) for [Anonymous Symbol]
    led.o(.ARM.exidx.text.LED_Green_OFF) refers to led.o(.text.LED_Green_OFF) for [Anonymous Symbol]
    buzzer.o(.ARM.exidx.text.Buzzer_OFF) refers to buzzer.o(.text.Buzzer_OFF) for [Anonymous Symbol]
    buzzer.o(.ARM.exidx.text.Buzzer_ON) refers to buzzer.o(.text.Buzzer_ON) for [Anonymous Symbol]
    motor.o(.text.Motor_left_duty) refers to dl_timer.o(.text.DL_Timer_setCaptureCompareValue) for DL_Timer_setCaptureCompareValue
    motor.o(.ARM.exidx.text.Motor_left_duty) refers to motor.o(.text.Motor_left_duty) for [Anonymous Symbol]
    motor.o(.text.Motor_right_duty) refers to dl_timer.o(.text.DL_Timer_setCaptureCompareValue) for DL_Timer_setCaptureCompareValue
    motor.o(.ARM.exidx.text.Motor_right_duty) refers to motor.o(.text.Motor_right_duty) for [Anonymous Symbol]
    motor.o(.text.Motor_left_Control) refers to ffixui.o(.text) for __aeabi_f2uiz
    motor.o(.text.Motor_left_Control) refers to dl_timer.o(.text.DL_Timer_setCaptureCompareValue) for DL_Timer_setCaptureCompareValue
    motor.o(.text.Motor_left_Control) refers to motor.o(.data.motor_left_dir) for motor_left_dir
    motor.o(.ARM.exidx.text.Motor_left_Control) refers to motor.o(.text.Motor_left_Control) for [Anonymous Symbol]
    motor.o(.text.Motor_right_Control) refers to ffixui.o(.text) for __aeabi_f2uiz
    motor.o(.text.Motor_right_Control) refers to dl_timer.o(.text.DL_Timer_setCaptureCompareValue) for DL_Timer_setCaptureCompareValue
    motor.o(.text.Motor_right_Control) refers to motor.o(.data.motor_right_dir) for motor_right_dir
    motor.o(.ARM.exidx.text.Motor_right_Control) refers to motor.o(.text.Motor_right_Control) for [Anonymous Symbol]
    motor.o(.ARM.exidx.text.motor_stop) refers to motor.o(.text.motor_stop) for [Anonymous Symbol]
    encoder.o(.ARM.exidx.text.encoder_Init) refers to encoder.o(.text.encoder_Init) for [Anonymous Symbol]
    encoder.o(.text.GROUP1_IRQHandler) refers to encoder.o(.bss.Get_Encoder_countA) for Get_Encoder_countA
    encoder.o(.text.GROUP1_IRQHandler) refers to encoder.o(.bss.Get_Encoder_countB) for Get_Encoder_countB
    encoder.o(.ARM.exidx.text.GROUP1_IRQHandler) refers to encoder.o(.text.GROUP1_IRQHandler) for [Anonymous Symbol]
    gray.o(.text.Gray_Read) refers to gray.o(.bss.L3) for L3
    gray.o(.text.Gray_Read) refers to gray.o(.bss.L2) for L2
    gray.o(.text.Gray_Read) refers to gray.o(.bss.L1) for L1
    gray.o(.text.Gray_Read) refers to gray.o(.bss.M) for M
    gray.o(.text.Gray_Read) refers to gray.o(.bss.R1) for R1
    gray.o(.text.Gray_Read) refers to gray.o(.bss.R2) for R2
    gray.o(.text.Gray_Read) refers to gray.o(.bss.R3) for R3
    gray.o(.ARM.exidx.text.Gray_Read) refers to gray.o(.text.Gray_Read) for [Anonymous Symbol]
[...]
    [Anonymous Symbol]                       0x00001298   Section        0  dl_timer.o(.text.DL_Timer_setClockConfig)
    __arm_cp.0_0                             0x000012b0   Number         4  dl_timer.o(.text.DL_Timer_setClockConfig)
    [Anonymous Symbol]                       0x000012b4   Section        0  dl_uart.o(.text.DL_UART_init)
    __arm_cp.0_0                             0x000012f4   Number         4  dl_uart.o(.text.DL_UART_init)
    __arm_cp.0_1                             0x000012f8   Number         4  dl_uart.o(.text.DL_UART_init)
    [Anonymous Symbol]                       0x000012fc   Section        0  dl_uart.o(.text.DL_UART_setClockConfig)
    [Anonymous Symbol]                       0x00001310   Section        0  encoder.o(.text.GROUP1_IRQHandler)
    __arm_cp.1_0                             0x000013a8   Number         4  encoder.o(.text.GROUP1_IRQHandler)
    __arm_cp.1_1                             0x000013ac   Number         4  encoder.o(.text.GROUP1_IRQHandler)
    __arm_cp.1_3                             0x000013b0   Number         4  encoder.o(.text.GROUP1_IRQHandler)
    __arm_cp.1_5                             0x000013b4   Number         4  encoder.o(.text.GROUP1_IRQHandler)
    [Anonymous Symbol]                       0x000013b8   Section        0  gray.o(.text.Get_Light_TTL)
    __arm_cp.1_8                             0x0000148c   Number         4  gray.o(.text.Get_Light_TTL)
    __arm_cp.1_10                            0x00001490   Number         4  gray.o(.text.Get_Light_TTL)
    __arm_cp.1_11                            0x00001494   Number         4  gray.o(.text.Get_Light_TTL)
    __arm_cp.1_12                            0x00001498   Number         4  gray.o(.text.Get_Light_TTL)
    __arm_cp.1_13                            0x0000149c   Number         4  gray.o(.text.Get_Light_TTL)
    __arm_cp.1_14                            0x000014a0   Number         4  gray.o(.text.Get_Light_TTL)
    __arm_cp.1_15                            0x000014a4   Number         4  gray.o(.text.Get_Light_TTL)
    [Anonymous Symbol]                       0x000014a8   Section        0  gray.o(.text.Gray_Read)
    __arm_cp.0_1                             0x000014f4   Number         4  gray.o(.text.Gray_Read)
    __arm_cp.0_2                             0x000014f8   Number         4  gray.o(.text.Gray_Read)
    __arm_cp.0_3                             0x000014fc   Number         4  gray.o(.text.Gray_Read)
    __arm_cp.0_4                             0x00001500   Number         4  gray.o(.text.Gray_Read)
    __arm_cp.0_5                             0x00001504   Number         4  gray.o(.text.Gray_Read)
    __arm_cp.0_6                             0x00001508   Number         4  gray.o(.text.Gray_Read)
    __arm_cp.0_8                             0x0000150c   Number         4  gray.o(.text.Gray_Read)
    [Anonymous Symbol]                       0x00001510   Section        0  key.o(.text.Key_GetNum1)
    [Anonymous Symbol]                       0x00001548   Section        0  key.o(.text.Key_GetNum2)
    __arm_cp.1_0                             0x00001580   Number         4  key.o(.text.Key_GetNum2)
    [Anonymous Symbol]                       0x00001584   Section        0  key.o(.text.Key_GetNum3)
    __arm_cp.2_0                             0x000015c0   Number         4  key.o(.text.Key_GetNum3)
    [Anonymous Symbol]                       0x000015c4   Section        0  led.o(.text.LED_Blue_OFF)
    [Anonymous Symbol]                       0x000015d0   Section        0  led.o(.text.LED_Blue_ON)
    [Anonymous Symbol]                       0x000015dc   Section        0  led.o(.text.LED_Green_OFF)
    __arm_cp.3_0                             0x000015e8   Number         4  led.o(.text.LED_Green_OFF)
    [Anonymous Symbol]                       0x000015ec   Section        0  led.o(.text.LED_Green_ON)
    [Anonymous Symbol]                       0x000015f8   Section        0  motor.o(.text.Motor_left_Control)
    __arm_cp.2_0                             0x00001630   Number         4  motor.o(.text.Motor_left_Control)
    [Anonymous Symbol]                       0x00001634   Section        0  motor.o(.text.Motor_right_Control)
    __arm_cp.3_0                             0x0000166c   Number         4  motor.o(.text.Motor_right_Control)
    __arm_cp.3_1                             0x00001670   Number         4  motor.o(.text.Motor_right_Control)
    [Anonymous Symbol]                       0x00001674   Section        0  pid.o(.text.PID_select)
    __arm_cp.4_0                             0x000016b8   Number         4  pid.o(.text.PID_select)
    __arm_cp.4_1                             0x000016bc   Number         4  pid.o(.text.PID_select)
    __arm_cp.4_2                             0x000016c0   Number         4  pid.o(.text.PID_select)
    [Anonymous Symbol]                       0x000016c4   Section        0  ti_msp_dl_config.o(.text.SYSCFG_DL_GPIO_init)
    __arm_cp.2_0                             0x00001780   Number         4  ti_msp_dl_config.o(.text.SYSCFG_DL_GPIO_init)
    __arm_cp.2_1                             0x00001784   Number         4  ti_msp_dl_config.o(.text.SYSCFG_DL_GPIO_init)
    __arm_cp.2_2                             0x00001788   Number         4  ti_msp_dl_config.o(.text.SYSCFG_DL_GPIO_init)
    __arm_cp.2_3                             0x0000178c   Number         4  ti_msp_dl_config.o(.text.SYSCFG_DL_GPIO_init)
    __arm_cp.2_4                             0x00001790   Number         4  ti_msp_dl_config.o(.text.SYSCFG_DL_GPIO_init)
    __arm_cp.2_5                             0x00001794   Number         4  ti_msp_dl_config.o(.text.SYSCFG_DL_GPIO_init)
    __arm_cp.2_6                             0x00001798   Number         4  ti_msp_dl_config.o(.text.SYSCFG_DL_GPIO_init)
    __arm_cp.2_7                             0x0000179c   Number         4  ti_msp_dl_config.o(.text.SYSCFG_DL_GPIO_init)
    __arm_cp.2_8                             0x000017a0   Number         4  ti_msp_dl_config.o(.text.SYSCFG_DL_GPIO_init)
    __arm_cp.2_9                             0x000017a4   Number         4  ti_msp_dl_config.o(.text.SYSCFG_DL_GPIO_init)
    __arm_cp.2_10                            0x000017a8   Number         4  ti_msp_dl_config.o(.text.SYSCFG_DL_GPIO_init)
    __arm_cp.2_11                            0x000017ac   Number         4  ti_msp_dl_config.o(.text.SYSCFG_DL_GPIO_init)
    __arm_cp.2_12                            0x000017b0   Number         4  ti_msp_dl_config.o(.text.SYSCFG_DL_GPIO_init)
    [Anonymous Symbol]                       0x000017b4   Section        0  ti_msp_dl_config.o(.text.SYSCFG_DL_PWM_init)
    __arm_cp.4_0                             0x00001828   Number         4  ti_msp_dl_config.o(.text.SYSCFG_DL_PWM_init)
    __arm_cp.4_1                             0x0000182c   Number         4  ti_msp_dl_config.o(.text.SYSCFG_DL_PWM_init)
    __arm_cp.4_2                             0x00001830   Number         4  ti_msp_dl_config.o(.text.SYSCFG_DL_PWM_init)
    __arm_cp.4_3                             0x00001834   Number         4  ti_msp_dl_config.o(.text.SYSCFG_DL_PWM_init)
    __arm_cp.4_4                             0x00001838   Number         4  ti_msp_dl_config.o(.text.SYSCFG_DL_PWM_init)
    __arm_cp.4_5                             0x0000183c   Number         4  ti_msp_dl_config.o(.text.SYSCFG_DL_PWM_init)
    [Anonymous Symbol]                       0x00001840   Section        0  ti_msp_dl_config.o(.text.SYSCFG_DL_SYSCTL_init)
    __arm_cp.3_0                             0x00001880   Number         4  ti_msp_dl_config.o(.text.SYSCFG_DL_SYSCTL_init)
    __arm_cp.3_1                             0x00001884   Number         4  ti_msp_dl_config.o(.text.SYSCFG_DL_SYSCTL_init)
    __arm_cp.3_2                             0x00001888   Number         4  ti_msp_dl_config.o(.text.SYSCFG_DL_SYSCTL_init)
    [Anonymous Symbol]                       0x0000188c   Section        0  ti_msp_dl_config.o(.text.SYSCFG_DL_SYSTICK_init)
    __arm_cp.8_0                             0x000018a4   Number         4  ti_msp_dl_config.o(.text.SYSCFG_DL_SYSTICK_init)
    [Anonymous Symbol]                       0x000018a8   Section        0  ti_msp_dl_config.o(.text.SYSCFG_DL_TIMER_0_init)
    __arm_cp.5_0                             0x000018d8   Number         4  ti_msp_dl_config.o(.text.SYSCFG_DL_TIMER_0_init)
    __arm_cp.5_1                             0x000018dc   Number         4  ti_msp_dl_config.o(.text.SYSCFG_DL_TIMER_0_init)
    __arm_cp.5_2                             0x000018e0   Number         4  ti_msp_dl_config.o(.text.SYSCFG_DL_TIMER_0_init)
    __arm_cp.5_3                             0x000018e4   Number         4  ti_msp_dl_config.o(.text.SYSCFG_DL_TIMER_0_init)
    __arm_cp.5_5                             0x000018e8   Number         4  ti_msp_dl_config.o(.text.SYSCFG_DL_TIMER_0_init)
    [Anonymous Symbol]                       0x000018ec   Section        0  ti_msp_dl_config.o(.text.SYSCFG_DL_TIMER_1_init)
    __arm_cp.6_0                             0x00001920   Number         4  ti_msp_dl_config.o(.text.SYSCFG_DL_TIMER_1_init)
    __arm_cp.6_1                             0x00001924   Number         4  ti_msp_dl_config.o(.text.SYSCFG_DL_TIMER_1_init)
    __arm_cp.6_2                             0x00001928   Number         4  ti_msp_dl_config.o(.text.SYSCFG_DL_TIMER_1_init)
    __arm_cp.6_3                             0x0000192c   Number         4  ti_msp_dl_config.o(.text.SYSCFG_DL_TIMER_1_init)
    __arm_cp.6_4                             0x00001930   Number         4  ti_msp_dl_config.o(.text.SYSCFG_DL_TIMER_1_init)
    __arm_cp.6_5                             0x00001934   Number         4  ti_msp_dl_config.o(.text.SYSCFG_DL_TIMER_1_init)
    [Anonymous Symbol]                       0x00001938   Section        0  ti_msp_dl_config.o(.text.SYSCFG_DL_UART_0_init)
    __arm_cp.7_0                             0x00001990   Number         4  ti_msp_dl_config.o(.text.SYSCFG_DL_UART_0_init)
    __arm_cp.7_1                             0x00001994   Number         4  ti_msp_dl_config.o(.text.SYSCFG_DL_UART_0_init)
    __arm_cp.7_2                             0x00001998   Number         4  ti_msp_dl_config.o(.text.SYSCFG_DL_UART_0_init)
    __arm_cp.7_3                             0x0000199c   Number         4  ti_msp_dl_config.o(.text.SYSCFG_DL_UART_0_init)
    __arm_cp.7_4                             0x000019a0   Number         4  ti_msp_dl_config.o(.text.SYSCFG_DL_UART_0_init)
    __arm_cp.7_5                             0x000019a4   Number         4  ti_msp_dl_config.o(.text.SYSCFG_DL_UART_0_init)
    [Anonymous Symbol]                       0x000019a8   Section        0  ti_msp_dl_config.o(.text.SYSCFG_DL_init)
    __arm_cp.0_0                             0x000019dc   Number         4  ti_msp_dl_config.o(.text.SYSCFG_DL_init)
    __arm_cp.0_1                             0x000019e0   Number         4  ti_msp_dl_config.o(.text.SYSCFG_DL_init)
    [Anonymous Symbol]                       0x000019e4   Section        0  ti_msp_dl_config.o(.text.SYSCFG_DL_initPower)
    __arm_cp.1_0                             0x00001a18   Number         4  ti_msp_dl_config.o(.text.SYSCFG_DL_initPower)
    __arm_cp.1_1                             0x00001a1c   Number         4  ti_msp_dl_config.o(.text.SYSCFG_DL_initPower)
    __arm_cp.1_2                             0x00001a20   Number         4  ti_msp_dl_config.o(.text.SYSCFG_DL_initPower)
    __arm_cp.1_3                             0x00001a24   Number         4  ti_msp_dl_config.o(.text.SYSCFG_DL_initPower)
    __arm_cp.1_4                             0x00001a28   Number         4  ti_msp_dl_config.o(.text.SYSCFG_DL_initPower)
    __arm_cp.1_5                             0x00001a2c   Number         4  ti_msp_dl_config.o(.text.SYSCFG_DL_initPower)
    __arm_cp.1_6                             0x00001a30   Number         4  ti_msp_dl_config.o(.text.SYSCFG_DL_initPower)
    __arm_cp.1_7                             0x00001a34   Number         4  ti_msp_dl_config.o(.text.SYSCFG_DL_initPower)
    [Anonymous Symbol]                       0x00001a38   Section        0  app_utils.o(.text.SoundLight)
    __arm_cp.2_0                             0x00001a58   Number         4  app_utils.o(.text.SoundLight)
    [Anonymous Symbol]                       0x00001a5c   Section        0  empty.o(.text.TIMA0_IRQHandler)
    __arm_cp.1_0                             0x00001a74   Number         4  empty.o(.text.TIMA0_IRQHandler)
    __arm_cp.1_1                             0x00001a78   Number         4  empty.o(.text.TIMA0_IRQHandler)
    [Anonymous Symbol]                       0x00001a7c   Section        0  empty.o(.text.TIMG0_IRQHandler)
    __arm_cp.2_0                             0x00001aa0   Number         4  empty.o(.text.TIMG0_IRQHandler)
    [Anonymous Symbol]                       0x00001aa4   Section        0  app_task.o(.text.Task_1)
    __arm_cp.0_11                            0x00001b98   Number         4  app_task.o(.text.Task_1)
    [Anonymous Symbol]                       0x00001b9c   Section        0  app_task.o(.text.Task_2)
    __arm_cp.1_0                             0x00001c54   Number         4  app_task.o(.text.Task_2)
    __arm_cp.1_2                             0x00001c58   Number         4  app_task.o(.text.Task_2)
    __arm_cp.1_3                             0x00001c5c   Number         4  app_task.o(.text.Task_2)
    __arm_cp.1_4                             0x00001c60   Number         4  app_task.o(.text.Task_2)
    __arm_cp.1_5                             0x00001c64   Number         4  app_task.o(.text.Task_2)
    __arm_cp.1_6                             0x00001c68   Number         4  app_task.o(.text.Task_2)
    __arm_cp.1_7                             0x00001c6c   Number         4  app_task.o(.text.Task_2)
    __arm_cp.1_8                             0x00001c70   Number         4  app_task.o(.text.Task_2)
    __arm_cp.1_9                             0x00001c74   Number         4  app_task.o(.text.Task_2)
    __arm_cp.1_10                            0x00001c78   Number         4  app_task.o(.text.Task_2)
    __arm_cp.1_11                            0x00001c7c   Number         4  app_task.o(.text.Task_2)
    __arm_cp.1_12                            0x00001c80   Number         4  app_task.o(.text.Task_2)
    __arm_cp.1_13                            0x00001c84   Number         4  app_task.o(.text.Task_2)
    __arm_cp.1_14                            0x00001c88   Number         4  app_task.o(.text.Task_2)
    __arm_cp.1_15                            0x00001c8c   Number         4  app_task.o(.text.Task_2)
    [Anonymous Symbol]                       0x00001c90   Section        0  app_utils.o(.text.Task_select)
    __arm_cp.0_0                             0x00001d24   Number         4  app_utils.o(.text.Task_select)
    __arm_cp.0_1                             0x00001d28   Number         4  app_utils.o(.text.Task_select)
    __arm_cp.0_3                             0x00001d2c   Number         4  app_utils.o(.text.Task_select)
    [Anonymous Symbol]                       0x00001d30   Section        0  minpc.o(.text.UART0_IRQHandler)
    __arm_cp.4_0                             0x00001e38   Number         4  minpc.o(.text.UART0_IRQHandler)
    __arm_cp.4_1                             0x00001e3c   Number         4  minpc.o(.text.UART0_IRQHandler)
    __arm_cp.4_2                             0x00001e40   Number         4  minpc.o(.text.UART0_IRQHandler)
    __arm_cp.4_3                             0x00001e44   Number         4  minpc.o(.text.UART0_IRQHandler)
    __arm_cp.4_4                             0x00001e48   Number         4  minpc.o(.text.UART0_IRQHandler)
    __arm_cp.4_5                             0x00001e4c   Number         4  minpc.o(.text.UART0_IRQHandler)
    [Anonymous Symbol]                       0x00001e50   Section        0  app_utils.o(.text.UpdateSoundLight)
    __arm_cp.3_0                             0x00001e7c   Number         4  app_utils.o(.text.UpdateSoundLight)
    __arm_cp.3_1                             0x00001e80   Number         4  app_utils.o(.text.UpdateSoundLight)
    [Anonymous Symbol]                       0x00001e84   Section        0  board.o(.text._sys_exit)
    [Anonymous Symbol]                       0x00001e86   Section        0  board.o(.text.board_init)
    [Anonymous Symbol]                       0x00001e90   Section        0  app_utils.o(.text.capture_initial_yaw)
    __arm_cp.1_0                             0x00001ec4   Number         4  app_utils.o(.text.capture_initial_yaw)
    [Anonymous Symbol]                       0x00001ec8   Section        0  distance.o(.text.clear_distance1)
    __arm_cp.1_1                             0x00001ed4   Number         4  distance.o(.text.clear_distance1)
    [Anonymous Symbol]                       0x00001ed8   Section        0  board.o(.text.delay_ms)
    __arm_cp.2_0                             0x00001f1c   Number         4  board.o(.text.delay_ms)
    [Anonymous Symbol]                       0x00001f20   Section        0  encoder.o(.text.encoder_Init)
    __arm_cp.0_0                             0x00001f30   Number         4  encoder.o(.text.encoder_Init)
    __arm_cp.0_1                             0x00001f34   Number         4  encoder.o(.text.encoder_Init)
    [Anonymous Symbol]                       0x00001f38   Section        0  distance.o(.text.get_distance1)
    __arm_cp.0_1                             0x00001f58   Number         4  distance.o(.text.get_distance1)
    __arm_cp.0_2                             0x00001f5c   Number         4  distance.o(.text.get_distance1)
    __arm_cp.0_3                             0x00001f60   Number         4  distance.o(.text.get_distance1)
    [Anonymous Symbol]                       0x00001f64   Section        0  empty.o(.text.main)
    __arm_cp.0_0                             0x00001f8c   Number         4  empty.o(.text.main)
    __arm_cp.0_1                             0x00001f90   Number         4  empty.o(.text.main)
    __arm_cp.0_2                             0x00001f94   Number         4  empty.o(.text.main)
    [Anonymous Symbol]                       0x00001f98   Section        0  motor.o(.text.motor_stop)
    __arm_cp.4_0                             0x00001fb0   Number         4  motor.o(.text.motor_stop)
    [Anonymous Symbol]                       0x00001fb4   Section        0  app_utils.o(.text.params_clear)
    __arm_cp.4_0                             0x00001fdc   Number         4  app_utils.o(.text.params_clear)
    __arm_cp.4_1                             0x00001fe0   Number         4  app_utils.o(.text.params_clear)
    __arm_cp.4_2                             0x00001fe4   Number         4  app_utils.o(.text.params_clear)
    __arm_cp.4_3                             0x00001fe8   Number         4  app_utils.o(.text.params_clear)
    __arm_cp.4_4                             0x00001fec   Number         4  app_utils.o(.text.params_clear)
    __arm_cp.4_5                             0x00001ff0   Number         4  app_utils.o(.text.params_clear)
    __arm_cp.4_6                             0x00001ff4   Number         4  app_utils.o(.text.params_clear)
    __arm_cp.4_7                             0x00001ff8   Number         4  app_utils.o(.text.params_clear)
    __arm_cp.4_8                             0x00001ffc   Number         4  app_utils.o(.text.params_clear)
    [Anonymous Symbol]                       0x00002000   Section        0  pid.o(.text.pid_Init)
    [Anonymous Symbol]                       0x0000200e   Section        0  pid.o(.text.pid_cal)
    [Anonymous Symbol]                       0x000020cc   Section        0  pid.o(.text.pidout_limit)
    [Anonymous Symbol]                       0x00002114   Section        0  speed.o(.text.speed_cal)
    __arm_cp.0_0                             0x000021d8   Number         4  speed.o(.text.speed_cal)
    __arm_cp.0_1                             0x000021dc   Number         4  speed.o(.text.speed_cal)
    __arm_cp.0_2                             0x000021e0   Number         4  speed.o(.text.speed_cal)
    __arm_cp.0_3                             0x000021e4   Number         4  speed.o(.text.speed_cal)
    __arm_cp.0_4                             0x000021e8   Number         4  speed.o(.text.speed_cal)
    __arm_cp.0_5                             0x000021ec   Number         4  speed.o(.text.speed_cal)
    __arm_cp.0_6                             0x000021f0   Number         4  speed.o(.text.speed_cal)
    __arm_cp.0_7                             0x000021f4   Number         4  speed.o(.text.speed_cal)
    __arm_cp.0_8                             0x000021f8   Number         4  speed.o(.text.speed_cal)
    __arm_cp.0_10                            0x000021fc   Number         4  speed.o(.text.speed_cal)
    [Anonymous Symbol]                       0x00002200   Section        0  speed.o(.text.speed_pid_control)
    __arm_cp.4_0                             0x0000232c   Number         4  speed.o(.text.speed_pid_control)
    __arm_cp.4_1                             0x00002330   Number         4  speed.o(.text.speed_pid_control)
    __arm_cp.4_2                             0x00002334   Number         4  speed.o(.text.speed_pid_control)
    __arm_cp.4_3                             0x00002338   Number         4  speed.o(.text.speed_pid_control)
    __arm_cp.4_4                             0x0000233c   Number         4  speed.o(.text.speed_pid_control)
    __arm_cp.4_5                             0x00002340   Number         4  speed.o(.text.speed_pid_control)
    __arm_cp.4_6                             0x00002344   Number         4  speed.o(.text.speed_pid_control)
    __arm_cp.4_7                             0x00002348   Number         4  speed.o(.text.speed_pid_control)
    __arm_cp.4_8                             0x0000234c   Number         4  speed.o(.text.speed_pid_control)
    __arm_cp.4_9                             0x00002350   Number         4  speed.o(.text.speed_pid_control)
    __arm_cp.4_10                            0x00002354   Number         4  speed.o(.text.speed_pid_control)
    __arm_cp.4_11                            0x00002358   Number         4  speed.o(.text.speed_pid_control)
    __arm_cp.4_12                            0x0000235c   Number         4  speed.o(.text.speed_pid_control)
    __arm_cp.4_13                            0x00002360   Number         4  speed.o(.text.speed_pid_control)
    __arm_cp.4_14                            0x00002364   Number         4  speed.o(.text.speed_pid_control)
    [Anonymous Symbol]                       0x00002368   Section        0  timer.o(.text.timer0_init)
    [Anonymous Symbol]                       0x00002378   Section        0  timer.o(.text.timer1_init)
    __arm_cp.1_0                             0x00002388   Number         4  timer.o(.text.timer1_init)
    __arm_cp.1_1                             0x0000238c   Number         4  timer.o(.text.timer1_init)
    [Anonymous Symbol]                       0x00002390   Section        0  gray_track.o(.text.track1_pid_control)
    __arm_cp.0_0                             0x0000248c   Number         4  gray_track.o(.text.track1_pid_control)
    [Anonymous Symbol]                       0x00002490   Section        0  gray_track.o(.text.track2_pid_control)
    __arm_cp.1_0                             0x00002578   Number         4  gray_track.o(.text.track2_pid_control)
    __arm_cp.1_1                             0x0000257c   Number         4  gray_track.o(.text.track2_pid_control)
    __arm_cp.1_2                             0x00002580   Number         4  gray_track.o(.text.track2_pid_control)
    __arm_cp.1_3                             0x00002584   Number         4  gray_track.o(.text.track2_pid_control)
    __arm_cp.1_4                             0x00002588   Number         4  gray_track.o(.text.track2_pid_control)
    __arm_cp.1_5                             0x0000258c   Number         4  gray_track.o(.text.track2_pid_control)
    __arm_cp.1_6                             0x00002590   Number         4  gray_track.o(.text.track2_pid_control)
    __arm_cp.1_7                             0x00002594   Number         4  gray_track.o(.text.track2_pid_control)
    __arm_cp.1_8                             0x00002598   Number         4  gray_track.o(.text.track2_pid_control)
    __arm_cp.1_9                             0x0000259c   Number         4  gray_track.o(.text.track2_pid_control)
    __arm_cp.1_10                            0x000025a0   Number         4  gray_track.o(.text.track2_pid_control)
    [Anonymous Symbol]                       0x000025a4   Section        0  gray_track.o(.text.trackloop_pid_control)
    [Anonymous Symbol]                       0x000025bc   Section        0  speed.o(.text.turn_90_control)
    __arm_cp.3_0                             0x000026f4   Number         4  speed.o(.text.turn_90_control)
    __arm_cp.3_1                             0x000026f8   Number         4  speed.o(.text.turn_90_control)
    __arm_cp.3_2                             0x000026fc   Number         4  speed.o(.text.turn_90_control)
    __arm_cp.3_3                             0x00002700   Number         4  speed.o(.text.turn_90_control)
    __arm_cp.3_4                             0x00002704   Number         4  speed.o(.text.turn_90_control)
    __arm_cp.3_5                             0x00002708   Number         4  speed.o(.text.turn_90_control)
    __arm_cp.3_6                             0x0000270c   Number         4  speed.o(.text.turn_90_control)
    __arm_cp.3_7                             0x00002710   Number         4  speed.o(.text.turn_90_control)
    __arm_cp.3_8                             0x00002714   Number         4  speed.o(.text.turn_90_control)
    __arm_cp.3_9                             0x00002718   Number         4  speed.o(.text.turn_90_control)
    __arm_cp.3_10                            0x0000271c   Number         4  speed.o(.text.turn_90_control)
    __arm_cp.3_11                            0x00002720   Number         4  speed.o(.text.turn_90_control)
    __arm_cp.3_12                            0x00002724   Number         4  speed.o(.text.turn_90_control)
    __arm_cp.3_13                            0x00002728   Number         4  speed.o(.text.turn_90_control)
    i._fgeq                                  0x0000272c   Section        0  fcmp.o(i._fgeq)
    i._fgr                                   0x00002742   Section        0  fcmp.o(i._fgr)
    i._fleq                                  0x00002758   Section        0  fcmp.o(i._fleq)
    i._fls                                   0x00002772   Section        0  fcmp.o(i._fls)
    x$fpl$fadd                               0x00002788   Section      140  faddsub.o(x$fpl$fadd)
    _fadd1                                   0x00002795   Thumb Code     0  faddsub.o(x$fpl$fadd)
    x$fpl$fgeqf                              0x00002814   Section       84  fgef.o(x$fpl$fgeqf)
    x$fpl$fleqf                              0x00002868   Section       84  flef.o(x$fpl$fleqf)
    x$fpl$fmul                               0x000028bc   Section      176  fmul.o(x$fpl$fmul)
    x$fpl$fsub                               0x0000296c   Section      208  faddsub.o(x$fpl$fsub)
    _fsub1                                   0x00002979   Thumb Code     0  faddsub.o(x$fpl$fsub)
    ddiv_reciptbl                            0x00002a3c   Data         128  ddiv.o(.constdata)
    .constdata                               0x00002a3c   Section      128  ddiv.o(.constdata)
    x$fpl$usenofp                            0x00002a3c   Section        0  usenofp.o(x$fpl$usenofp)
    fdiv_tab                                 0x00002abc   Data          64  fdiv.o(.constdata)
    .constdata                               0x00002abc   Section       64  fdiv.o(.constdata)
    gPWMClockConfig                          0x00002afc   Data           3  ti_msp_dl_config.o(.rodata.gPWMClockConfig)
    [Anonymous Symbol]                       0x00002afc   Section        0  ti_msp_dl_config.o(.rodata.gPWMClockConfig)
    gPWMConfig                               0x00002b00   Data           8  ti_msp_dl_config.o(.rodata.gPWMConfig)
    [Anonymous Symbol]                       0x00002b00   Section        0  ti_msp_dl_config.o(.rodata.gPWMConfig)
    gTIMER_0ClockConfig                      0x00002b08   Data           3  ti_msp_dl_config.o(.rodata.gTIMER_0ClockConfig)
    [Anonymous Symbol]                       0x00002b08   Section        0  ti_msp_dl_config.o(.rodata.gTIMER_0ClockConfig)
    gTIMER_0TimerConfig                      0x00002b0c   Data          20  ti_msp_dl_config.o(.rodata.gTIMER_0TimerConfig)
    [Anonymous Symbol]                       0x00002b0c   Section        0  ti_msp_dl_config.o(.rodata.gTIMER_0TimerConfig)
    gTIMER_1ClockConfig                      0x00002b20   Data           3  ti_msp_dl_config.o(.rodata.gTIMER_1ClockConfig)
    [Anonymous Symbol]                       0x00002b20   Section        0  ti_msp_dl_config.o(.rodata.gTIMER_1ClockConfig)
    gTIMER_1TimerConfig                      0x00002b24   Data          20  ti_msp_dl_config.o(.rodata.gTIMER_1TimerConfig)
    [Anonymous Symbol]                       0x00002b24   Section        0  ti_msp_dl_config.o(.rodata.gTIMER_1TimerConfig)
    gUART_0ClockConfig                       0x00002b38   Data           2  ti_msp_dl_config.o(.rodata.gUART_0ClockConfig)
    [Anonymous Symbol]                       0x00002b38   Section        0  ti_msp_dl_config.o(.rodata.gUART_0ClockConfig)
    gUART_0Config                            0x00002b3a   Data          10  ti_msp_dl_config.o(.rodata.gUART_0Config)
    [Anonymous Symbol]                       0x00002b3a   Section        0  ti_msp_dl_config.o(.rodata.gUART_0Config)
    .bss                                     0x20200028   Section       96  libspace.o(.bss)
    Get_Light_TTL.debounce_time              0x20200090   Data           4  gray.o(.bss.Get_Light_TTL.debounce_time)
    [Anonymous Symbol]                       0x20200090   Section        0  gray.o(.bss.Get_Light_TTL.debounce_time)
    Get_Light_TTL.full_black_count           0x20200094   Data           4  gray.o(.bss.Get_Light_TTL.full_black_count)
    [Anonymous Symbol]                       0x20200094   Section        0  gray.o(.bss.Get_Light_TTL.full_black_count)
    Get_Light_TTL.lap_detected               0x20200098   Data           1  gray.o(.bss.Get_Light_TTL.lap_detected)
    [Anonymous Symbol]                       0x20200098   Section        0  gray.o(.bss.Get_Light_TTL.lap_detected)
    Velocity_A.ControlVelocityA              0x202000b0   Data           4  speed.o(.bss.Velocity_A.ControlVelocityA)
    [Anonymous Symbol]                       0x202000b0   Section        0  speed.o(.bss.Velocity_A.ControlVelocityA)
    Velocity_A.Last_biasA                    0x202000b4   Data           4  speed.o(.bss.Velocity_A.Last_biasA)
    [Anonymous Symbol]                       0x202000b4   Section        0  speed.o(.bss.Velocity_A.Last_biasA)
    Velocity_B.ControlVelocityB              0x202000b8   Data           4  speed.o(.bss.Velocity_B.ControlVelocityB)
    [Anonymous Symbol]                       0x202000b8   Section        0  speed.o(.bss.Velocity_B.ControlVelocityB)
    Velocity_B.Last_biasB                    0x202000bc   Data           4  speed.o(.bss.Velocity_B.Last_biasB)
    [Anonymous Symbol]                       0x202000bc   Section        0  speed.o(.bss.Velocity_B.Last_biasB)
    speed_cal.last_countA                    0x2020033c   Data           4  speed.o(.bss.speed_cal.last_countA)
    [Anonymous Symbol]                       0x2020033c   Section        0  speed.o(.bss.speed_cal.last_countA)
    speed_cal.last_countB                    0x20200340   Data           4  speed.o(.bss.speed_cal.last_countB)
    [Anonymous Symbol]                       0x20200340   Section        0  speed.o(.bss.speed_cal.last_countB)
    speed_cal.last_speedA                    0x20200344   Data           4  speed.o(.bss.speed_cal.last_speedA)
    [Anonymous Symbol]                       0x20200344   Section        0  speed.o(.bss.speed_cal.last_speedA)
    speed_cal.last_speedB                    0x20200348   Data           4  speed.o(.bss.speed_cal.last_speedB)
    [Anonymous Symbol]                       0x20200348   Section        0  speed.o(.bss.speed_cal.last_speedB)
    Heap_Mem                                 0x202003c0   Data        4096  startup_mspm0g350x_uvision.o(HEAP)
    HEAP                                     0x202003c0   Section     4096  startup_mspm0g350x_uvision.o(HEAP)
    Stack_Mem                                0x202013c0   Data        1024  startup_mspm0g350x_uvision.o(STACK)
    STACK                                    0x202013c0   Section     1024  startup_mspm0g350x_uvision.o(STACK)
    __initial_sp                             0x202017c0   Data           0  startup_mspm0g350x_uvision.o(STACK)

    Global Symbols

    Symbol Name                              Value     Ov Type        Size  Object(Section)

    BuildAttributes$$THM_ISAv3M$S$PE$A:L22$X:L11$S22$IEEE1$IW$~IW$USESV6$~STKCKD$USESV7$~SHL$OTIME$ROPI$EBA8$UX$STANDARDLIB$REQ8$PRES8$EABIv2 0x00000000   Number         0  anon$$obj.o ABSOLUTE
    __Vectors                                0x00000000   Data           4  startup_mspm0g350x_uvision.o(RESET)
    __ARM_exceptions_init                     - Undefined Weak Reference
    __alloca_initialize                       - Undefined Weak Reference
    __arm_preinit_                            - Undefined Weak Reference
    __arm_relocate_pie_                       - Undefined Weak Reference
    __cpp_initialize__aeabi_                  - Undefined Weak Reference
    __cxa_finalize                            - Undefined Weak Reference
    __rt_locale                               - Undefined Weak Reference
    __sigvec_lookup                           - Undefined Weak Reference
    _atexit_init                              - Undefined Weak Reference
    _call_atexit_fns                          - Undefined Weak Reference
    _clock_init                               - Undefined Weak Reference
    _fp_trap_init                             - Undefined Weak Reference
    _fp_trap_shutdown                         - Undefined Weak Reference
    _get_lc_collate                           - Undefined Weak Reference
    _get_lc_ctype                             - Undefined Weak Reference
    _get_lc_monetary                          - Undefined Weak Reference
    _get_lc_numeric                           - Undefined Weak Reference
    _get_lc_time                              - Undefined Weak Reference
    _getenv_init                              - Undefined Weak Reference
    _handle_redirection                       - Undefined Weak Reference
    _init_alloc                               - Undefined Weak Reference
    _init_user_alloc                          - Undefined Weak Reference
    _initio                                   - Undefined Weak Reference
    _rand_init                                - Undefined Weak Reference
    _signal_finish                            - Undefined Weak Reference
    _signal_init                              - Undefined Weak Reference
    _terminate_alloc                          - Undefined Weak Reference
    _terminate_user_alloc                     - Undefined Weak Reference
    _terminateio                              - Undefined Weak Reference
    __Vectors_End                            0x000000c0   Data           0  startup_mspm0g350x_uvision.o(RESET)
    __Vectors_Size                           0x000000c0   Number         0  startup_mspm0g350x_uvision.o ABSOLUTE
    __main                                   0x000000c1   Thumb Code     8  __main.o(!!!main)
    __scatterload                            0x000000c9   Thumb Code     0  __scatter.o(!!!scatter)
    __scatterload_rt2                        0x000000c9   Thumb Code    74  __scatter.o(!!!scatter)
    __scatterload_rt2_thumb_only             0x000000c9   Thumb Code     0  __scatter.o(!!!scatter)
    __scatterload_loop                       0x000000d3   Thumb Code     0  __scatter.o(!!!scatter)
    __scatterload_copy                       0x00000121   Thumb Code    26  __scatter_copy.o(!!handler_copy)
    __scatterload_null                       0x00000141   Thumb Code     2  __scatter.o(!!handler_null)
    __scatterload_zeroinit                   0x00000149   Thumb Code    28  __scatter_zi.o(!!handler_zi)
    __rt_lib_init                            0x00000165   Thumb Code     0  libinit.o(.ARM.Collect$$libinit$$00000000)
    __rt_lib_init_alloca_1                   0x00000167   Thumb Code     0  libinit2.o(.ARM.Collect$$libinit$$00000030)
    __rt_lib_init_argv_1                     0x00000167   Thumb Code     0  libinit2.o(.ARM.Collect$$libinit$$0000002E)
    __rt_lib_init_atexit_1                   0x00000167   Thumb Code     0  libinit2.o(.ARM.Collect$$libinit$$0000001D)
    __rt_lib_init_clock_1                    0x00000167   Thumb Code     0  libinit2.o(.ARM.Collect$$libinit$$00000023)
    __rt_lib_init_cpp_1                      0x00000167   Thumb Code     0  libinit2.o(.ARM.Collect$$libinit$$00000034)
    __rt_lib_init_exceptions_1               0x00000167   Thumb Code     0  libinit2.o(.ARM.Collect$$libinit$$00000032)
    __rt_lib_init_fp_1                       0x00000167   Thumb Code     0  libinit2.o(.ARM.Collect$$libinit$$00000002)
    __rt_lib_init_fp_trap_1                  0x00000167   Thumb Code     0  libinit2.o(.ARM.Collect$$libinit$$00000021)
    __rt_lib_init_getenv_1                   0x00000167   Thumb Code     0  libinit2.o(.ARM.Collect$$libinit$$00000025)
    __rt_lib_init_heap_1                     0x00000167   Thumb Code     0  libinit2.o(.ARM.Collect$$libinit$$0000000C)
    __rt_lib_init_lc_collate_1               0x00000167   Thumb Code     0  libinit2.o(.ARM.Collect$$libinit$$00000013)
    __rt_lib_init_lc_ctype_1                 0x00000167   Thumb Code     0  libinit2.o(.ARM.Collect$$libinit$$00000015)
    __rt_lib_init_lc_monetary_1              0x00000167   Thumb Code     0  libinit2.o(.ARM.Collect$$libinit$$00000017)
    __rt_lib_init_lc_numeric_1               0x00000167   Thumb Code     0  libinit2.o(.ARM.Collect$$libinit$$00000019)
    __rt_lib_init_lc_time_1                  0x00000167   Thumb Code     0  libinit2.o(.ARM.Collect$$libinit$$0000001B)
    __rt_lib_init_preinit_1                  0x00000167   Thumb Code     0  libinit2.o(.ARM.Collect$$libinit$$00000006)
    __rt_lib_init_rand_1                     0x00000167   Thumb Code     0  libinit2.o(.ARM.Collect$$libinit$$00000010)
    __rt_lib_init_relocate_pie_1             0x00000167   Thumb Code     0  libinit2.o(.ARM.Collect$$libinit$$00000004)
    __rt_lib_init_return                     0x00000167   Thumb Code     0  libinit2.o(.ARM.Collect$$libinit$$00000035)
    __rt_lib_init_signal_1                   0x00000167   Thumb Code     0  libinit2.o(.ARM.Collect$$libinit$$0000001F)
    __rt_lib_init_stdio_1                    0x00000167   Thumb Code     0  libinit2.o(.ARM.Collect$$libinit$$00000027)
    __rt_lib_init_user_alloc_1               0x00000167   Thumb Code     0  libinit2.o(.ARM.Collect$$libinit$$0000000E)
    __rt_lib_shutdown                        0x00000169   Thumb Code     0  libshutdown.o(.ARM.Collect$$libshutdown$$00000000)
    __rt_lib_shutdown_cpp_1                  0x0000016b   Thumb Code     0  libshutdown2.o(.ARM.Collect$$libshutdown$$00000002)
    __rt_lib_shutdown_fp_trap_1              0x0000016b   Thumb Code     0  libshutdown2.o(.ARM.Collect$$libshutdown$$00000007)
    __rt_lib_shutdown_heap_1                 0x0000016b   Thumb Code     0  libshutdown2.o(.ARM.Collect$$libshutdown$$0000000F)
    __rt_lib_shutdown_return                 0x0000016b   Thumb Code     0  libshutdown2.o(.ARM.Collect$$libshutdown$$00000010)
    __rt_lib_shutdown_signal_1               0x0000016b   Thumb Code     0  libshutdown2.o(.ARM.Collect$$libshutdown$$0000000A)
    __rt_lib_shutdown_stdio_1                0x0000016b   Thumb Code     0  libshutdown2.o(.ARM.Collect$$libshutdown$$00000004)
    __rt_lib_shutdown_user_alloc_1           0x0000016b   Thumb Code     0  libshutdown2.o(.ARM.Collect$$libshutdown$$0000000C)
    __rt_entry                               0x0000016d   Thumb Code     0  __rtentry.o(.ARM.Collect$$rtentry$$00000000)
    __rt_entry_presh_1                       0x0000016d   Thumb Code     0  __rtentry2.o(.ARM.Collect$$rtentry$$00000002)
    __rt_entry_sh                            0x0000016d   Thumb Code     0  __rtentry4.o(.ARM.Collect$$rtentry$$00000004)
    __rt_entry_li                            0x00000173   Thumb Code     0  __rtentry2.o(.ARM.Collect$$rtentry$$0000000A)
    __rt_entry_postsh_1                      0x00000173   Thumb Code     0  __rtentry2.o(.ARM.Collect$$rtentry$$00000009)
    __rt_entry_main                          0x00000177   Thumb Code     0  __rtentry2.o(.ARM.Collect$$rtentry$$0000000D)
    __rt_entry_postli_1                      0x00000177   Thumb Code     0  __rtentry2.o(.ARM.Collect$$rtentry$$0000000C)
    __rt_exit                                0x0000017f   Thumb Code     0  rtexit.o(.ARM.Collect$$rtexit$$00000000)
    __rt_exit_ls                             0x00000181   Thumb Code     0  rtexit2.o(.ARM.Collect$$rtexit$$00000003)
    __rt_exit_prels_1                        0x00000181   Thumb Code     0  rtexit2.o(.ARM.Collect$$rtexit$$00000002)
    __rt_exit_exit                           0x00000185   Thumb Code     0  rtexit2.o(.ARM.Collect$$rtexit$$00000004)
    Reset_Handler                            0x0000018d   Thumb Code     4  startup_mspm0g350x_uvision.o(.text)
    NMI_Handler                              0x00000191   Thumb Code     2  startup_mspm0g350x_uvision.o(.text)
    HardFault_Handler                        0x00000193   Thumb Code     2  startup_mspm0g350x_uvision.o(.text)
    SVC_Handler                              0x00000195   Thumb Code     2  startup_mspm0g350x_uvision.o(.text)
    PendSV_Handler                           0x00000197   Thumb Code     2  startup_mspm0g350x_uvision.o(.text)
    SysTick_Handler                          0x00000199   Thumb Code     2  startup_mspm0g350x_uvision.o(.text)
    ADC0_IRQHandler                          0x0000019b   Thumb Code     0  startup_mspm0g350x_uvision.o(.text)
    ADC1_IRQHandler                          0x0000019b   Thumb Code     0  startup_mspm0g350x_uvision.o(.text)
    AES_IRQHandler                           0x0000019b   Thumb Code     0  startup_mspm0g350x_uvision.o(.text)
    CANFD0_IRQHandler                        0x0000019b   Thumb Code     0  startup_mspm0g350x_uvision.o(.text)
    DAC0_IRQHandler                          0x0000019b   Thumb Code     0  startup_mspm0g350x_uvision.o(.text)
    DMA_IRQHandler                           0x0000019b   Thumb Code     0  startup_mspm0g350x_uvision.o(.text)
    Default_Handler                          0x0000019b   Thumb Code     2  startup_mspm0g350x_uvision.o(.text)
    GROUP0_IRQHandler                        0x0000019b   Thumb Code     0  startup_mspm0g350x_uvision.o(.text)
    I2C0_IRQHandler                          0x0000019b   Thumb Code     0  startup_mspm0g350x_uvision.o(.text)
    I2C1_IRQHandler                          0x0000019b   Thumb Code     0  startup_mspm0g350x_uvision.o(.text)
    RTC_IRQHandler                           0x0000019b   Thumb Code     0  startup_mspm0g350x_uvision.o(.text)
    SPI0_IRQHandler                          0x0000019b   Thumb Code     0  startup_mspm0g350x_uvision.o(.text)
    SPI1_IRQHandler                          0x0000019b   Thumb Code     0  startup_mspm0g350x_uvision.o(.text)
    TIMA1_IRQHandler                         0x0000019b   Thumb Code     0  startup_mspm0g350x_uvision.o(.text)
    TIMG12_IRQHandler                        0x0000019b   Thumb Code     0  startup_mspm0g350x_uvision.o(.text)
    TIMG6_IRQHandler                         0x0000019b   Thumb Code     0  startup_mspm0g350x_uvision.o(.text)
    TIMG7_IRQHandler                         0x0000019b   Thumb Code     0  startup_mspm0g350x_uvision.o(.text)
    TIMG8_IRQHandler                         0x0000019b   Thumb Code     0  startup_mspm0g350x_uvision.o(.text)
    UART1_IRQHandler                         0x0000019b   Thumb Code     0  startup_mspm0g350x_uvision.o(.text)
    UART2_IRQHandler                         0x0000019b   Thumb Code     0  startup_mspm0g350x_uvision.o(.text)
    UART3_IRQHandler                         0x0000019b   Thumb Code     0  startup_mspm0g350x_uvision.o(.text)
    __user_initial_stackheap                 0x0000019d   Thumb Code    10  startup_mspm0g350x_uvision.o(.text)
    __use_two_region_memory                  0x000001bd   Thumb Code     2  heapauxi.o(.text)
    __rt_heap_escrow$2region                 0x000001bf   Thumb Code     2  heapauxi.o(.text)
    __rt_heap_expand$2region                 0x000001c1   Thumb Code     2  heapauxi.o(.text)
    __aeabi_d2f                              0x000001c5   Thumb Code     0  d2f.o(.text)
    __truncdfsf2                             0x000001c5   Thumb Code     0  d2f.o(.text)
    _d2f                                     0x000001c5   Thumb Code   120  d2f.o(.text)
    __adddf3                                 0x00000539   Thumb Code     0  daddsub.o(.text)
    __aeabi_dadd                             0x00000539   Thumb Code     0  daddsub.o(.text)
    _dadd                                    0x00000539   Thumb Code    26  daddsub.o(.text)
    __aeabi_dsub                             0x00000553   Thumb Code     0  daddsub.o(.text)
    __subdf3                                 0x00000553   Thumb Code     0  daddsub.o(.text)
    _dsub                                    0x00000553   Thumb Code    22  daddsub.o(.text)
    __aeabi_drsub                            0x00000569   Thumb Code     0  daddsub.o(.text)
    _drsb                                    0x00000569   Thumb Code    28  daddsub.o(.text)
    __aeabi_ddiv                             0x00000599   Thumb Code     0  ddiv.o(.text)
    __divdf3                                 0x00000599   Thumb Code     0  ddiv.o(.text)
    _ddiv                                    0x00000599   Thumb Code  1072  ddiv.o(.text)
    _drdiv                                   0x000009c9   Thumb Code    20  ddiv.o(.text)
    __aeabi_i2d_normalise                    0x000009e1   Thumb Code    66  dflti.o(.text)
    __aeabi_i2d                              0x00000a23   Thumb Code    16  dflti.o(.text)
    _dflt                                    0x00000a23   Thumb Code     0  dflti.o(.text)
    __aeabi_ui2d                             0x00000a33   Thumb Code     6  dflti.o(.text)
    _dfltu                                   0x00000a33   Thumb Code     0  dflti.o(.text)
    __aeabi_dmul                             0x00000a39   Thumb Code     0  dmul.o(.text)
    __muldf3                                 0x00000a39   Thumb Code     0  dmul.o(.text)
    _dmul                                    0x00000a39   Thumb Code   558  dmul.o(.text)
    __aeabi_f2d                              0x00000c81   Thumb Code     0  f2d.o(.text)
    __extendsfdf2                            0x00000c81   Thumb Code     0  f2d.o(.text)
    _f2d                                     0x00000c81   Thumb Code    80  f2d.o(.text)
    __aeabi_fdiv                             0x00000cd5   Thumb Code     0  fdiv.o(.text)
    __divsf3                                 0x00000cd5   Thumb Code     0  fdiv.o(.text)
    _fdiv                                    0x00000cd5   Thumb Code   334  fdiv.o(.text)
    _frdiv                                   0x00000e23   Thumb Code     8  fdiv.o(.text)
    __aeabi_f2iz                             0x00000e35   Thumb Code     0  ffixi.o(.text)
    _ffix                                    0x00000e35   Thumb Code    76  ffixi.o(.text)
    __aeabi_f2uiz                            0x00000e81   Thumb Code     0  ffixui.o(.text)
    _ffixu                                   0x00000e81   Thumb Code    48  ffixui.o(.text)
    __aeabi_i2f_normalise                    0x00000eb1   Thumb Code    72  fflti.o(.text)
    __aeabi_i2f                              0x00000ef9   Thumb Code    16  fflti.o(.text)
    _fflt                                    0x00000ef9   Thumb Code     0  fflti.o(.text)
    __aeabi_ui2f                             0x00000f09   Thumb Code     6  fflti.o(.text)
    _ffltu                                   0x00000f09   Thumb Code     0  fflti.o(.text)
    __fpl_fcmp_InfNaN                        0x00000f11   Thumb Code    96  fcmpin.o(.text)
    __user_setup_stackheap                   0x00000f75   Thumb Code    62  sys_stackheap_outer.o(.text)
    exit                                     0x00000fb3   Thumb Code    16  exit.o(.text)
    __fpl_cmpreturn                          0x00000fc3   Thumb Code    46  cmpret.o(.text)
    __fpl_fcheck_NaN2                        0x00000ff1   Thumb Code    10  fnan2.o(.text)
    __user_libspace                          0x00001001   Thumb Code     8  libspace.o(.text)
    __user_perproc_libspace                  0x00001001   Thumb Code     0  libspace.o(.text)
    __user_perthread_libspace                0x00001001   Thumb Code     0  libspace.o(.text)
    __fpl_return_NaN                         0x00001009   Thumb Code    94  retnan.o(.text)
    Buzzer_OFF                               0x00001069   Thumb Code    12  buzzer.o(.text.Buzzer_OFF)
    Buzzer_ON                                0x00001079   Thumb Code    12  buzzer.o(.text.Buzzer_ON)
    DL_Common_delayCycles                    0x00001089   Thumb Code    10  dl_common.o(.text.DL_Common_delayCycles)
    DL_Timer_initFourCCPWMMode               0x00001095   Thumb Code   188  dl_timer.o(.text.DL_Timer_initFourCCPWMMode)
    DL_Timer_initTimerMode                   0x00001169   Thumb Code   224  dl_timer.o(.text.DL_Timer_initTimerMode)
    DL_Timer_setCaptCompUpdateMethod         0x00001255   Thumb Code    24  dl_timer.o(.text.DL_Timer_setCaptCompUpdateMethod)
    DL_Timer_setCaptureCompareOutCtl         0x00001271   Thumb Code    20  dl_timer.o(.text.DL_Timer_setCaptureCompareOutCtl)
    DL_Timer_setCaptureCompareValue          0x00001289   Thumb Code    12  dl_timer.o(.text.DL_Timer_setCaptureCompareValue)
    DL_Timer_setClockConfig                  0x00001299   Thumb Code    24  dl_timer.o(.text.DL_Timer_setClockConfig)
    DL_UART_init                             0x000012b5   Thumb Code    64  dl_uart.o(.text.DL_UART_init)
    DL_UART_setClockConfig                   0x000012fd   Thumb Code    18  dl_uart.o(.text.DL_UART_setClockConfig)
    GROUP1_IRQHandler                        0x00001311   Thumb Code   152  encoder.o(.text.GROUP1_IRQHandler)
    Get_Light_TTL                            0x000013b9   Thumb Code   212  gray.o(.text.Get_Light_TTL)
    Gray_Read                                0x000014a9   Thumb Code    76  gray.o(.text.Gray_Read)
    Key_GetNum1                              0x00001511   Thumb Code    56  key.o(.text.Key_GetNum1)
    Key_GetNum2                              0x00001549   Thumb Code    56  key.o(.text.Key_GetNum2)
    Key_GetNum3                              0x00001585   Thumb Code    60  key.o(.text.Key_GetNum3)
    LED_Blue_OFF                             0x000015c5   Thumb Code    12  led.o(.text.LED_Blue_OFF)
    LED_Blue_ON                              0x000015d1   Thumb Code    12  led.o(.text.LED_Blue_ON)
    LED_Green_OFF                            0x000015dd   Thumb Code    12  led.o(.text.LED_Green_OFF)
    LED_Green_ON                             0x000015ed   Thumb Code    12  led.o(.text.LED_Green_ON)
    Motor_left_Control                       0x000015f9   Thumb Code    56  motor.o(.text.Motor_left_Control)
    Motor_right_Control                      0x00001635   Thumb Code    56  motor.o(.text.Motor_right_Control)
    PID_select                               0x00001675   Thumb Code    68  pid.o(.text.PID_select)
    SYSCFG_DL_GPIO_init                      0x000016c5   Thumb Code   188  ti_msp_dl_config.o(.text.SYSCFG_DL_GPIO_init)
    SYSCFG_DL_PWM_init                       0x000017b5   Thumb Code   116  ti_msp_dl_config.o(.text.SYSCFG_DL_PWM_init)
    SYSCFG_DL_SYSCTL_init                    0x00001841   Thumb Code    64  ti_msp_dl_config.o(.text.SYSCFG_DL_SYSCTL_init)
    SYSCFG_DL_SYSTICK_init                   0x0000188d   Thumb Code    24  ti_msp_dl_config.o(.text.SYSCFG_DL_SYSTICK_init)
    SYSCFG_DL_TIMER_0_init                   0x000018a9   Thumb Code    48  ti_msp_dl_config.o(.text.SYSCFG_DL_TIMER_0_init)
    SYSCFG_DL_TIMER_1_init                   0x000018ed   Thumb Code    52  ti_msp_dl_config.o(.text.SYSCFG_DL_TIMER_1_init)
    SYSCFG_DL_UART_0_init                    0x00001939   Thumb Code    88  ti_msp_dl_config.o(.text.SYSCFG_DL_UART_0_init)
    SYSCFG_DL_init                           0x000019a9   Thumb Code    52  ti_msp_dl_config.o(.text.SYSCFG_DL_init)
    SYSCFG_DL_initPower                      0x000019e5   Thumb Code    52  ti_msp_dl_config.o(.text.SYSCFG_DL_initPower)
    SoundLight                               0x00001a39   Thumb Code    32  app_utils.o(.text.SoundLight)
    TIMA0_IRQHandler                         0x00001a5d   Thumb Code    24  empty.o(.text.TIMA0_IRQHandler)
    TIMG0_IRQHandler                         0x00001a7d   Thumb Code    36  empty.o(.text.TIMG0_IRQHandler)
    Task_1                                   0x00001aa5   Thumb Code   244  app_task.o(.text.Task_1)
    Task_2                                   0x00001b9d   Thumb Code   184  app_task.o(.text.Task_2)
    Task_select                              0x00001c91   Thumb Code   148  app_utils.o(.text.Task_select)
    UART0_IRQHandler                         0x00001d31   Thumb Code   264  minpc.o(.text.UART0_IRQHandler)
    UpdateSoundLight                         0x00001e51   Thumb Code    44  app_utils.o(.text.UpdateSoundLight)
    _sys_exit                                0x00001e85   Thumb Code     2  board.o(.text._sys_exit)
    board_init                               0x00001e87   Thumb Code     8  board.o(.text.board_init)
    capture_initial_yaw                      0x00001e91   Thumb Code    52  app_utils.o(.text.capture_initial_yaw)
    clear_distance1                          0x00001ec9   Thumb Code    12  distance.o(.text.clear_distance1)
    delay_ms                                 0x00001ed9   Thumb Code    68  board.o(.text.delay_ms)
    encoder_Init                             0x00001f21   Thumb Code    16  encoder.o(.text.encoder_Init)
    get_distance1                            0x00001f39   Thumb Code    32  distance.o(.text.get_distance1)
    main                                     0x00001f65   Thumb Code    40  empty.o(.text.main)
    motor_stop                               0x00001f99   Thumb Code    24  motor.o(.text.motor_stop)
    params_clear                             0x00001fb5   Thumb Code    40  app_utils.o(.text.params_clear)
    pid_Init                                 0x00002001   Thumb Code    14  pid.o(.text.pid_Init)
    pid_cal                                  0x0000200f   Thumb Code   190  pid.o(.text.pid_cal)
    pidout_limit                             0x000020cd   Thumb Code    70  pid.o(.text.pidout_limit)
    speed_cal                                0x00002115   Thumb Code   196  speed.o(.text.speed_cal)
    speed_pid_control                        0x00002201   Thumb Code   300  speed.o(.text.speed_pid_control)
    timer0_init                              0x00002369   Thumb Code    16  timer.o(.text.timer0_init)
    timer1_init                              0x00002379   Thumb Code    16  timer.o(.text.timer1_init)
    track1_pid_control                       0x00002391   Thumb Code   252  gray_track.o(.text.track1_pid_control)
    track2_pid_control                       0x00002491   Thumb Code   232  gray_track.o(.text.track2_pid_control)
    trackloop_pid_control                    0x000025a5   Thumb Code    24  gray_track.o(.text.trackloop_pid_control)
    turn_90_control                          0x000025bd   Thumb Code   312  speed.o(.text.turn_90_control)
    __aeabi_fcmpge                           0x0000272d   Thumb Code     0  fcmp.o(i._fgeq)
    _fgeq                                    0x0000272d   Thumb Code    22  fcmp.o(i._fgeq)
    __aeabi_fcmpgt                           0x00002743   Thumb Code     0  fcmp.o(i._fgr)
    _fgr                                     0x00002743   Thumb Code    22  fcmp.o(i._fgr)
    __aeabi_fcmple                           0x00002759   Thumb Code     0  fcmp.o(i._fleq)
    _fleq                                    0x00002759   Thumb Code    26  fcmp.o(i._fleq)
    __aeabi_fcmplt                           0x00002773   Thumb Code     0  fcmp.o(i._fls)
    _fls                                     0x00002773   Thumb Code    22  fcmp.o(i._fls)
    __aeabi_fadd                             0x00002789   Thumb Code     0  faddsub.o(x$fpl$fadd)
    _fadd                                    0x00002789   Thumb Code   134  faddsub.o(x$fpl$fadd)
    _fcmpge                                  0x00002815   Thumb Code    78  fgef.o(x$fpl$fgeqf)
    __aeabi_cfcmple                          0x00002869   Thumb Code     0  flef.o(x$fpl$fleqf)
    _fcmple                                  0x00002869   Thumb Code    78  flef.o(x$fpl$fleqf)
    __aeabi_fmul                             0x000028bd   Thumb Code     0  fmul.o(x$fpl$fmul)
    _fmul                                    0x000028bd   Thumb Code   172  fmul.o(x$fpl$fmul)
    __aeabi_fsub                             0x0000296d   Thumb Code     0  faddsub.o(x$fpl$fsub)
    _fsub                                    0x0000296d   Thumb Code   204  faddsub.o(x$fpl$fsub)
    __I$use$fp                               0x00002a3c   Number         0  usenofp.o(x$fpl$usenofp)
    Region$$Table$$Base                      0x00002b48   Number         0  anon$$obj.o(Region$$Table)
    Region$$Table$$Limit                     0x00002b68   Number         0  anon$$obj.o(Region$$Table)
    VelcityA_Ki                              0x20200000   Data           4  speed.o(.data.VelcityA_Ki)
    VelcityB_Ki                              0x20200004   Data           4  speed.o(.data.VelcityB_Ki)
    left                                     0x20200008   Data          12  gray_track.o(.data.left)
    motor_left_dir                           0x20200014   Data           1  motor.o(.data.motor_left_dir)
    motor_right_dir                          0x20200015   Data           1  motor.o(.data.motor_right_dir)
    right                                    0x20200018   Data          12  gray_track.o(.data.right)
    __libspace_start                         0x20200028   Data          96  libspace.o(.bss)
    Get_Encoder_countA                       0x20200088   Data           4  encoder.o(.bss.Get_Encoder_countA)
    __temporary_stack_top$libspace           0x20200088   Data           0  libspace.o(.bss)
    Get_Encoder_countB                       0x2020008c   Data           4  encoder.o(.bss.Get_Encoder_countB)
    L1                                       0x20200099   Data           1  gray.o(.bss.L1)
    L2                                       0x2020009a   Data           1  gray.o(.bss.L2)
    L3                                       0x2020009b   Data           1  gray.o(.bss.L3)
    M                                        0x2020009c   Data           1  gray.o(.bss.M)
    R1                                       0x2020009d   Data           1  gray.o(.bss.R1)
    R2                                       0x2020009e   Data           1  gray.o(.bss.R2)
    R3                                       0x2020009f   Data           1  gray.o(.bss.R3)
    SoundLight_flag                          0x202000a0   Data           1  app_utils.o(.bss.SoundLight_flag)
    SoundLight_time                          0x202000a2   Data           2  app_utils.o(.bss.SoundLight_time)
    Task                                     0x202000a4   Data           1  empty.o(.bss.Task)
    VelcityA_Kp                              0x202000a8   Data           4  speed.o(.bss.VelcityA_Kp)
    VelcityB_Kp                              0x202000ac   Data           4  speed.o(.bss.VelcityB_Kp)
    basespeed                                0x202000c0   Data           4  empty.o(.bss.basespeed)
    bias                                     0x202000c4   Data           2  speed.o(.bss.bias)
    carR_dis                                 0x202000c8   Data           4  distance.o(.bss.carR_dis)
    data_len                                 0x202000cc   Data           1  minpc.o(.bss.data_len)
    first_flag                               0x202000cd   Data           1  empty.o(.bss.first_flag)
    gPWMBackup                               0x202000d0   Data         160  ti_msp_dl_config.o(.bss.gPWMBackup)
    gTIMER_0Backup                           0x20200170   Data         188  ti_msp_dl_config.o(.bss.gTIMER_0Backup)
    lap_count                                0x2020022c   Data           1  app_task.o(.bss.lap_count)
    lap_flag                                 0x2020022d   Data           1  app_task.o(.bss.lap_flag)
    pid_flag                                 0x2020022e   Data           1  pid.o(.bss.pid_flag)
    rx_buf                                   0x2020022f   Data         256  minpc.o(.bss.rx_buf)
    rx_index                                 0x2020032f   Data           1  minpc.o(.bss.rx_index)
    rx_state                                 0x20200330   Data           1  minpc.o(.bss.rx_state)
    speedA                                   0x20200334   Data           4  speed.o(.bss.speedA)
    speedB                                   0x20200338   Data           4  speed.o(.bss.speedB)
    start_flag                               0x2020034c   Data           1  empty.o(.bss.start_flag)
    target_lap                               0x2020034d   Data           1  app_utils.o(.bss.target_lap)
    trackLine1                               0x20200350   Data          52  gray_track.o(.bss.trackLine1)
    trackLine2                               0x20200384   Data          52  gray_track.o(.bss.trackLine2)
    turn_angle_flag                          0x202003b8   Data           1  app_task.o(.bss.turn_angle_flag)
    turn_flag                                0x202003b9   Data           1  app_task.o(.bss.turn_flag)
    workstep                                 0x202003ba   Data           1  app_task.o(.bss.workstep)



==============================================================================

Memory Map of the image

  Image Entry point : 0x000000c1

  Load Region LR_IROM1 (Base: 0x00000000, Size: 0x00002b90, Max: 0x00020000, ABSOLUTE)

    Execution Region ER_IROM1 (Exec base: 0x00000000, Load base: 0x00000000, Size: 0x00002b68, Max: 0x00020000, ABSOLUTE)

    Exec Addr    Load Addr    Size         Type   Attr      Idx    E Section Name        Object

    0x00000000   0x00000000   0x000000c0   Data   RO          319    RESET               startup_mspm0g350x_uvision.o
    0x000000c0   0x000000c0   0x00000008   Code   RO         1094  * !!!main             c_p.l(__main.o)
    0x000000c8   0x000000c8   0x00000054   Code   RO         1336    !!!scatter          c_p.l(__scatter.o)
    0x0000011c   0x0000011c   0x00000004   PAD
    0x00000120   0x00000120   0x0000001a   Code   RO         1340    !!handler_copy      c_p.l(__scatter_copy.o)
    0x0000013a   0x0000013a   0x00000006   PAD
    0x00000140   0x00000140   0x00000002   Code   RO         1337    !!handler_null      c_p.l(__scatter.o)
    0x00000142   0x00000142   0x00000006   PAD
    0x00000148   0x00000148   0x0000001c   Code   RO         1342    !!handler_zi        c_p.l(__scatter_zi.o)
    0x00000164   0x00000164   0x00000002   Code   RO         1195    .ARM.Collect$$libinit$$00000000  c_p.l(libinit.o)
    0x00000166   0x00000166   0x00000000   Code   RO         1213    .ARM.Collect$$libinit$$00000002  c_p.l(libinit2.o)
    0x00000166   0x00000166   0x00000000   Code   RO         1215    .ARM.Collect$$libinit$$00000004  c_p.l(libinit2.o)
    0x00000166   0x00000166   0x00000000   Code   RO         1217    .ARM.Collect$$libinit$$00000006  c_p.l(libinit2.o)
    0x00000166   0x00000166   0x00000000   Code   RO         1220    .ARM.Collect$$libinit$$0000000C  c_p.l(libinit2.o)
    0x00000166   0x00000166   0x00000000   Code   RO         1222    .ARM.Collect$$libinit$$0000000E  c_p.l(libinit2.o)
    0x00000166   0x00000166   0x00000000   Code   RO         1224    .ARM.Collect$$libinit$$00000010  c_p.l(libinit2.o)
    0x00000166   0x00000166   0x00000000   Code   RO         1227    .ARM.Collect$$libinit$$00000013  c_p.l(libinit2.o)
    0x00000166   0x00000166   0x00000000   Code   RO         1229    .ARM.Collect$$libinit$$00000015  c_p.l(libinit2.o)
    0x00000166   0x00000166   0x00000000   Code   RO         1231    .ARM.Collect$$libinit$$00000017  c_p.l(libinit2.o)
    0x00000166   0x00000166   0x00000000   Code   RO         1233    .ARM.Collect$$libinit$$00000019  c_p.l(libinit2.o)
    0x00000166   0x00000166   0x00000000   Code   RO         1235    .ARM.Collect$$libinit$$0000001B  c_p.l(libinit2.o)
    0x00000166   0x00000166   0x00000000   Code   RO         1237    .ARM.Collect$$libinit$$0000001D  c_p.l(libinit2.o)
    0x00000166   0x00000166   0x00000000   Code   RO         1239    .ARM.Collect$$libinit$$0000001F  c_p.l(libinit2.o)
    0x00000166   0x00000166   0x00000000   Code   RO         1241    .ARM.Collect$$libinit$$00000021  c_p.l(libinit2.o)
    0x00000166   0x00000166   0x00000000   Code   RO         1243    .ARM.Collect$$libinit$$00000023  c_p.l(libinit2.o)
    0x00000166   0x00000166   0x00000000   Code   RO         1245    .ARM.Collect$$libinit$$00000025  c_p.l(libinit2.o)
    0x00000166   0x00000166   0x00000000   Code   RO         1247    .ARM.Collect$$libinit$$00000027  c_p.l(libinit2.o)
    0x00000166   0x00000166   0x00000000   Code   RO         1251    .ARM.Collect$$libinit$$0000002E  c_p.l(libinit2.o)
    0x00000166   0x00000166   0x00000000   Code   RO         1253    .ARM.Collect$$libinit$$00000030  c_p.l(libinit2.o)
    0x00000166   0x00000166   0x00000000   Code   RO         1255    .ARM.Collect$$libinit$$00000032  c_p.l(libinit2.o)
    0x00000166   0x00000166   0x00000000   Code   RO         1257    .ARM.Collect$$libinit$$00000034  c_p.l(libinit2.o)
    0x00000166   0x00000166   0x00000002   Code   RO         1258    .ARM.Collect$$libinit$$00000035  c_p.l(libinit2.o)
    0x00000168   0x00000168   0x00000002   Code   RO         1288    .ARM.Collect$$libshutdown$$00000000  c_p.l(libshutdown.o)
    0x0000016a   0x0000016a   0x00000000   Code   RO         1319    .ARM.Collect$$libshutdown$$00000002  c_p.l(libshutdown2.o)
    0x0000016a   0x0000016a   0x00000000   Code   RO         1321    .ARM.Collect$$libshutdown$$00000004  c_p.l(libshutdown2.o)
    0x0000016a   0x0000016a   0x00000000   Code   RO         1324    .ARM.Collect$$libshutdown$$00000007  c_p.l(libshutdown2.o)
    0x0000016a   0x0000016a   0x00000000   Code   RO         1327    .ARM.Collect$$libshutdown$$0000000A  c_p.l(libshutdown2.o)
    0x0000016a   0x0000016a   0x00000000   Code   RO         1329    .ARM.Collect$$libshutdown$$0000000C  c_p.l(libshutdown2.o)
    0x0000016a   0x0000016a   0x00000000   Code   RO         1332    .ARM.Collect$$libshutdown$$0000000F  c_p.l(libshutdown2.o)
    0x0000016a   0x0000016a   0x00000002   Code   RO         1333    .ARM.Collect$$libshutdown$$00000010  c_p.l(libshutdown2.o)
    0x0000016c   0x0000016c   0x00000000   Code   RO         1150    .ARM.Collect$$rtentry$$00000000  c_p.l(__rtentry.o)
    0x0000016c   0x0000016c   0x00000000   Code   RO         1163    .ARM.Collect$$rtentry$$00000002  c_p.l(__rtentry2.o)
    0x0000016c   0x0000016c   0x00000006   Code   RO         1175    .ARM.Collect$$rtentry$$00000004  c_p.l(__rtentry4.o)
    0x00000172   0x00000172   0x00000000   Code   RO         1165    .ARM.Collect$$rtentry$$00000009  c_p.l(__rtentry2.o)
    0x00000172   0x00000172   0x00000004   Code   RO         1166    .ARM.Collect$$rtentry$$0000000A  c_p.l(__rtentry2.o)
    0x00000176   0x00000176   0x00000000   Code   RO         1168    .ARM.Collect$$rtentry$$0000000C  c_p.l(__rtentry2.o)
    0x00000176   0x00000176   0x00000008   Code   RO         1169    .ARM.Collect$$rtentry$$0000000D  c_p.l(__rtentry2.o)
    0x0000017e   0x0000017e   0x00000002   Code   RO         1204    .ARM.Collect$$rtexit$$00000000  c_p.l(rtexit.o)
    0x00000180   0x00000180   0x00000000   Code   RO         1262    .ARM.Collect$$rtexit$$00000002  c_p.l(rtexit2.o)
    0x00000180   0x00000180   0x00000004   Code   RO         1263    .ARM.Collect$$rtexit$$00000003  c_p.l(rtexit2.o)
    0x00000184   0x00000184   0x00000006   Code   RO         1264    .ARM.Collect$$rtexit$$00000004  c_p.l(rtexit2.o)
    0x0000018a   0x0000018a   0x00000002   PAD
    0x0000018c   0x0000018c   0x00000030   Code   RO          320    .text               startup_mspm0g350x_uvision.o
    0x000001bc   0x000001bc   0x00000006   Code   RO         1092    .text               c_p.l(heapauxi.o)
    0x000001c2   0x000001c2   0x00000002   PAD
    0x000001c4   0x000001c4   0x0000007c   Code   RO         1096    .text               fz_ps.l(d2f.o)
    0x00000240   0x00000240   0x00000358   Code   RO         1098    .text               fz_ps.l(daddsub.o)
    0x00000598   0x00000598   0x00000448   Code   RO         1100    .text               fz_ps.l(ddiv.o)
    0x000009e0   0x000009e0   0x00000058   Code   RO         1103    .text               fz_ps.l(dflti.o)
    0x00000a38   0x00000a38   0x00000248   Code   RO         1105    .text               fz_ps.l(dmul.o)
    0x00000c80   0x00000c80   0x00000054   Code   RO         1107    .text               fz_ps.l(f2d.o)
    0x00000cd4   0x00000cd4   0x00000160   Code   RO         1139    .text               fz_ps.l(fdiv.o)
    0x00000e34   0x00000e34   0x0000004c   Code   RO         1142    .text               fz_ps.l(ffixi.o)
    0x00000e80   0x00000e80   0x00000030   Code   RO         1144    .text               fz_ps.l(ffixui.o)
    0x00000eb0   0x00000eb0   0x0000005e   Code   RO         1146    .text               fz_ps.l(fflti.o)
    0x00000f0e   0x00000f0e   0x00000002   PAD
    0x00000f10   0x00000f10   0x00000064   Code   RO         1179    .text               fz_ps.l(fcmpin.o)
    0x00000f74   0x00000f74   0x0000003e   Code   RO         1181    .text               c_p.l(sys_stackheap_outer.o)
    0x00000fb2   0x00000fb2   0x00000010   Code   RO         1184    .text               c_p.l(exit.o)
    0x00000fc2   0x00000fc2   0x0000002e   Code   RO         1196    .text               fz_ps.l(cmpret.o)
    0x00000ff0   0x00000ff0   0x00000010   Code   RO         1198    .text               fz_ps.l(fnan2.o)
    0x00001000   0x00001000   0x00000008   Code   RO         1200    .text               c_p.l(libspace.o)
    0x00001008   0x00001008   0x0000005e   Code   RO         1259    .text               fz_ps.l(retnan.o)
    0x00001066   0x00001066   0x00000002   PAD
    0x00001068   0x00001068   0x00000010   Code   RO           69    .text.Buzzer_OFF    buzzer.o
    0x00001078   0x00001078   0x00000010   Code   RO           71    .text.Buzzer_ON     buzzer.o
    0x00001088   0x00001088   0x0000000a   Code   RO         1021    .text.DL_Common_delayCycles  dl_common.o
    0x00001092   0x00001092   0x00000002   PAD
    0x00001094   0x00001094   0x000000d4   Code   RO          455    .text.DL_Timer_initFourCCPWMMode  dl_timer.o
    0x00001168   0x00001168   0x000000ec   Code   RO          437    .text.DL_Timer_initTimerMode  dl_timer.o
    0x00001254   0x00001254   0x0000001c   Code   RO          469    .text.DL_Timer_setCaptCompUpdateMethod  dl_timer.o
    0x00001270   0x00001270   0x00000018   Code   RO          459    .text.DL_Timer_setCaptureCompareOutCtl  dl_timer.o
    0x00001288   0x00001288   0x00000010   Code   RO          439    .text.DL_Timer_setCaptureCompareValue  dl_timer.o
    0x00001298   0x00001298   0x0000001c   Code   RO          433    .text.DL_Timer_setClockConfig  dl_timer.o
    0x000012b4   0x000012b4   0x00000048   Code   RO          381    .text.DL_UART_init  dl_uart.o
    0x000012fc   0x000012fc   0x00000012   Code   RO          383    .text.DL_UART_setClockConfig  dl_uart.o
    0x0000130e   0x0000130e   0x00000002   PAD
    0x00001310   0x00001310   0x000000a8   Code   RO          102    .text.GROUP1_IRQHandler  encoder.o
    0x000013b8   0x000013b8   0x000000f0   Code   RO          116    .text.Get_Light_TTL  gray.o
    0x000014a8   0x000014a8   0x00000068   Code   RO          114    .text.Gray_Read     gray.o
    0x00001510   0x00001510   0x00000038   Code   RO           40    .text.Key_GetNum1   key.o
    0x00001548   0x00001548   0x0000003c   Code   RO           42    .text.Key_GetNum2   key.o
    0x00001584   0x00001584   0x00000040   Code   RO           44    .text.Key_GetNum3   key.o
    0x000015c4   0x000015c4   0x0000000c   Code   RO           56    .text.LED_Blue_OFF  led.o
    0x000015d0   0x000015d0   0x0000000c   Code   RO           54    .text.LED_Blue_ON   led.o
    0x000015dc   0x000015dc   0x00000010   Code   RO           60    .text.LED_Green_OFF  led.o
    0x000015ec   0x000015ec   0x0000000c   Code   RO           58    .text.LED_Green_ON  led.o
    0x000015f8   0x000015f8   0x0000003c   Code   RO           84    .text.Motor_left_Control  motor.o
    0x00001634   0x00001634   0x00000040   Code   RO           86    .text.Motor_right_Control  motor.o
    0x00001674   0x00001674   0x00000050   Code   RO          168    .text.PID_select    pid.o
    0x000016c4   0x000016c4   0x000000f0   Code   RO          331    .text.SYSCFG_DL_GPIO_init  ti_msp_dl_config.o
    0x000017b4   0x000017b4   0x0000008c   Code   RO          335    .text.SYSCFG_DL_PWM_init  ti_msp_dl_config.o
    0x00001840   0x00001840   0x0000004c   Code   RO          333    .text.SYSCFG_DL_SYSCTL_init  ti_msp_dl_config.o
    0x0000188c   0x0000188c   0x0000001c   Code   RO          343    .text.SYSCFG_DL_SYSTICK_init  ti_msp_dl_config.o
    0x000018a8   0x000018a8   0x00000044   Code   RO          337    .text.SYSCFG_DL_TIMER_0_init  ti_msp_dl_config.o
    0x000018ec   0x000018ec   0x0000004c   Code   RO          339    .text.SYSCFG_DL_TIMER_1_init  ti_msp_dl_config.o
    0x00001938   0x00001938   0x00000070   Code   RO          341    .text.SYSCFG_DL_UART_0_init  ti_msp_dl_config.o
    0x000019a8   0x000019a8   0x0000003c   Code   RO          327    .text.SYSCFG_DL_init  ti_msp_dl_config.o
    0x000019e4   0x000019e4   0x00000054   Code   RO          329    .text.SYSCFG_DL_initPower  ti_msp_dl_config.o
    0x00001a38   0x00001a38   0x00000024   Code   RO          283    .text.SoundLight    app_utils.o
    0x00001a5c   0x00001a5c   0x00000020   Code   RO          302    .text.TIMA0_IRQHandler  empty.o
    0x00001a7c   0x00001a7c   0x00000028   Code   RO          304    .text.TIMG0_IRQHandler  empty.o
    0x00001aa4   0x00001aa4   0x000000f8   Code   RO          263    .text.Task_1        app_task.o
    0x00001b9c   0x00001b9c   0x000000f4   Code   RO          265    .text.Task_2        app_task.o
    0x00001c90   0x00001c90   0x000000a0   Code   RO          279    .text.Task_select   app_utils.o
    0x00001d30   0x00001d30   0x00000120   Code   RO          146    .text.UART0_IRQHandler  minpc.o
    0x00001e50   0x00001e50   0x00000034   Code   RO          285    .text.UpdateSoundLight  app_utils.o
    0x00001e84   0x00001e84   0x00000002   Code   RO           16    .text._sys_exit     board.o
    0x00001e86   0x00001e86   0x00000008   Code   RO            2    .text.board_init    board.o
    0x00001e8e   0x00001e8e   0x00000002   PAD
    0x00001e90   0x00001e90   0x00000038   Code   RO          281    .text.capture_initial_yaw  app_utils.o
    0x00001ec8   0x00001ec8   0x00000010   Code   RO          235    .text.clear_distance1  distance.o
    0x00001ed8   0x00001ed8   0x00000048   Code   RO            6    .text.delay_ms      board.o
    0x00001f20   0x00001f20   0x00000018   Code   RO          100    .text.encoder_Init  encoder.o
    0x00001f38   0x00001f38   0x0000002c   Code   RO          233    .text.get_distance1  distance.o
    0x00001f64   0x00001f64   0x00000034   Code   RO          300    .text.main          empty.o
    0x00001f98   0x00001f98   0x0000001c   Code   RO           88    .text.motor_stop    motor.o
    0x00001fb4   0x00001fb4   0x0000004c   Code   RO          287    .text.params_clear  app_utils.o
    0x00002000   0x00002000   0x0000000e   Code   RO          160    .text.pid_Init      pid.o
    0x0000200e   0x0000200e   0x000000be   Code   RO          164    .text.pid_cal       pid.o
    0x000020cc   0x000020cc   0x00000046   Code   RO          166    .text.pidout_limit  pid.o
    0x00002112   0x00002112   0x00000002   PAD
    0x00002114   0x00002114   0x000000ec   Code   RO          182    .text.speed_cal     speed.o
    0x00002200   0x00002200   0x00000168   Code   RO          190    .text.speed_pid_control  speed.o
    0x00002368   0x00002368   0x00000010   Code   RO           29    .text.timer0_init   timer.o
    0x00002378   0x00002378   0x00000018   Code   RO           31    .text.timer1_init   timer.o
    0x00002390   0x00002390   0x00000100   Code   RO          215    .text.track1_pid_control  gray_track.o
    0x00002490   0x00002490   0x00000114   Code   RO          217    .text.track2_pid_control  gray_track.o
    0x000025a4   0x000025a4   0x00000018   Code   RO          219    .text.trackloop_pid_control  gray_track.o
    0x000025bc   0x000025bc   0x00000170   Code   RO          188    .text.turn_90_control  speed.o
    0x0000272c   0x0000272c   0x00000016   Code   RO         1122    i._fgeq             fz_ps.l(fcmp.o)
    0x00002742   0x00002742   0x00000016   Code   RO         1123    i._fgr              fz_ps.l(fcmp.o)
    0x00002758   0x00002758   0x0000001a   Code   RO         1124    i._fleq             fz_ps.l(fcmp.o)
    0x00002772   0x00002772   0x00000016   Code   RO         1125    i._fls              fz_ps.l(fcmp.o)
    0x00002788   0x00002788   0x0000008c   Code   RO         1109    x$fpl$fadd          fz_ps.l(faddsub.o)
    0x00002814   0x00002814   0x00000054   Code   RO         1157    x$fpl$fgeqf         fz_ps.l(fgef.o)
    0x00002868   0x00002868   0x00000054   Code   RO         1159    x$fpl$fleqf         fz_ps.l(flef.o)
    0x000028bc   0x000028bc   0x000000b0   Code   RO         1148    x$fpl$fmul          fz_ps.l(fmul.o)
    0x0000296c   0x0000296c   0x000000d0   Code   RO         1111    x$fpl$fsub          fz_ps.l(faddsub.o)
    0x00002a3c   0x00002a3c   0x00000000   Code   RO         1161    x$fpl$usenofp       fz_ps.l(usenofp.o)
    0x00002a3c   0x00002a3c   0x00000080   Data   RO         1101    .constdata          fz_ps.l(ddiv.o)
    0x00002abc   0x00002abc   0x00000040   Data   RO         1140    .constdata          fz_ps.l(fdiv.o)
    0x00002afc   0x00002afc   0x00000003   Data   RO          351    .rodata.gPWMClockConfig  ti_msp_dl_config.o
    0x00002aff   0x00002aff   0x00000001   PAD
    0x00002b00   0x00002b00   0x00000008   Data   RO          352    .rodata.gPWMConfig  ti_msp_dl_config.o
    0x00002b08   0x00002b08   0x00000003   Data   RO          353    .rodata.gTIMER_0ClockConfig  ti_msp_dl_config.o
    0x00002b0b   0x00002b0b   0x00000001   PAD
    0x00002b0c   0x00002b0c   0x00000014   Data   RO          354    .rodata.gTIMER_0TimerConfig  ti_msp_dl_config.o
    0x00002b20   0x00002b20   0x00000003   Data   RO          355    .rodata.gTIMER_1ClockConfig  ti_msp_dl_config.o
    0x00002b23   0x00002b23   0x00000001   PAD
    0x00002b24   0x00002b24   0x00000014   Data   RO          356    .rodata.gTIMER_1TimerConfig  ti_msp_dl_config.o
    0x00002b38   0x00002b38   0x00000002   Data   RO          357    .rodata.gUART_0ClockConfig  ti_msp_dl_config.o
    0x00002b3a   0x00002b3a   0x0000000a   Data   RO          358    .rodata.gUART_0Config  ti_msp_dl_config.o
    0x00002b44   0x00002b44   0x00000004   PAD
    0x00002b48   0x00002b48   0x00000020   Data   RO         1335    Region$$Table       anon$$obj.o


    Execution Region RW_IRAM2 (Exec base: 0x20200000, Load base: 0x00002b68, Size: 0x000017c0, Max: 0x00008000, ABSOLUTE)

    Exec Addr    Load Addr    Size         Type   Attr      Idx    E Section Name        Object

    0x20200000   0x00002b68   0x00000004   Data   RW          193    .data.VelcityA_Ki   speed.o
    0x20200004   0x00002b6c   0x00000004   Data   RW          195    .data.VelcityB_Ki   speed.o
    0x20200008   0x00002b70   0x0000000c   Data   RW          221    .data.left          gray_track.o
    0x20200014   0x00002b7c   0x00000001   Data   RW           90    .data.motor_left_dir  motor.o
    0x20200015   0x00002b7d   0x00000001   Data   RW           91    .data.motor_right_dir  motor.o
    0x20200016   0x00002b7e   0x00000002   PAD
    0x20200018   0x00002b80   0x0000000c   Data   RW          222    .data.right         gray_track.o
    0x20200024   0x00002b8c   0x00000004   PAD
    0x20200028        -       0x00000060   Zero   RW         1201    .bss                c_p.l(libspace.o)
    0x20200088        -       0x00000004   Zero   RW          104    .bss.Get_Encoder_countA  encoder.o
    0x2020008c        -       0x00000004   Zero   RW          105    .bss.Get_Encoder_countB  encoder.o
    0x20200090        -       0x00000004   Zero   RW          129    .bss.Get_Light_TTL.debounce_time  gray.o
    0x20200094        -       0x00000004   Zero   RW          128    .bss.Get_Light_TTL.full_black_count  gray.o
    0x20200098        -       0x00000001   Zero   RW          130    .bss.Get_Light_TTL.lap_detected  gray.o
    0x20200099        -       0x00000001   Zero   RW          123    .bss.L1             gray.o
    0x2020009a        -       0x00000001   Zero   RW          122    .bss.L2             gray.o
    0x2020009b        -       0x00000001   Zero   RW          121    .bss.L3             gray.o
    0x2020009c        -       0x00000001   Zero   RW          124    .bss.M              gray.o
    0x2020009d        -       0x00000001   Zero   RW          125    .bss.R1             gray.o
    0x2020009e        -       0x00000001   Zero   RW          126    .bss.R2             gray.o
    0x2020009f        -       0x00000001   Zero   RW          127    .bss.R3             gray.o
    0x202000a0        -       0x00000001   Zero   RW          289    .bss.SoundLight_flag  app_utils.o
    0x202000a1   0x00002b8c   0x00000001   PAD
    0x202000a2        -       0x00000002   Zero   RW          290    .bss.SoundLight_time  app_utils.o
    0x202000a4        -       0x00000001   Zero   RW          306    .bss.Task           empty.o
    0x202000a5   0x00002b8c   0x00000003   PAD
    0x202000a8        -       0x00000004   Zero   RW          194    .bss.VelcityA_Kp    speed.o
    0x202000ac        -       0x00000004   Zero   RW          196    .bss.VelcityB_Kp    speed.o
    0x202000b0        -       0x00000004   Zero   RW          203    .bss.Velocity_A.ControlVelocityA  speed.o
    0x202000b4        -       0x00000004   Zero   RW          204    .bss.Velocity_A.Last_biasA  speed.o
    0x202000b8        -       0x00000004   Zero   RW          205    .bss.Velocity_B.ControlVelocityB  speed.o
    0x202000bc        -       0x00000004   Zero   RW          206    .bss.Velocity_B.Last_biasB  speed.o
    0x202000c0        -       0x00000004   Zero   RW          309    .bss.basespeed      empty.o
    0x202000c4        -       0x00000002   Zero   RW          192    .bss.bias           speed.o
    0x202000c6   0x00002b8c   0x00000002   PAD
    0x202000c8        -       0x00000004   Zero   RW          248    .bss.carR_dis       distance.o
    0x202000cc        -       0x00000001   Zero   RW          150    .bss.data_len       minpc.o
    0x202000cd        -       0x00000001   Zero   RW          308    .bss.first_flag     empty.o
    0x202000ce   0x00002b8c   0x00000002   PAD
    0x202000d0        -       0x000000a0   Zero   RW          349    .bss.gPWMBackup     ti_msp_dl_config.o
    0x20200170        -       0x000000bc   Zero   RW          350    .bss.gTIMER_0Backup  ti_msp_dl_config.o
    0x2020022c        -       0x00000001   Zero   RW          271    .bss.lap_count      app_task.o
    0x2020022d        -       0x00000001   Zero   RW          270    .bss.lap_flag       app_task.o
    0x2020022e        -       0x00000001   Zero   RW          170    .bss.pid_flag       pid.o
    0x2020022f        -       0x00000100   Zero   RW          151    .bss.rx_buf         minpc.o
    0x2020032f        -       0x00000001   Zero   RW          149    .bss.rx_index       minpc.o
    0x20200330        -       0x00000001   Zero   RW          148    .bss.rx_state       minpc.o
    0x20200331   0x00002b8c   0x00000003   PAD
    0x20200334        -       0x00000004   Zero   RW          197    .bss.speedA         speed.o
    0x20200338        -       0x00000004   Zero   RW          198    .bss.speedB         speed.o
    0x2020033c        -       0x00000004   Zero   RW          199    .bss.speed_cal.last_countA  speed.o
    0x20200340        -       0x00000004   Zero   RW          200    .bss.speed_cal.last_countB  speed.o
    0x20200344        -       0x00000004   Zero   RW          201    .bss.speed_cal.last_speedA  speed.o
    0x20200348        -       0x00000004   Zero   RW          202    .bss.speed_cal.last_speedB  speed.o
    0x2020034c        -       0x00000001   Zero   RW          307    .bss.start_flag     empty.o
    0x2020034d        -       0x00000001   Zero   RW          291    .bss.target_lap     app_utils.o
    0x2020034e   0x00002b8c   0x00000002   PAD
    0x20200350        -       0x00000034   Zero   RW          223    .bss.trackLine1     gray_track.o
    0x20200384        -       0x00000034   Zero   RW          224    .bss.trackLine2     gray_track.o
    0x202003b8        -       0x00000001   Zero   RW          269    .bss.turn_angle_flag  app_task.o
    0x202003b9        -       0x00000001   Zero   RW          268    .bss.turn_flag      app_task.o
    0x202003ba        -       0x00000001   Zero   RW          267    .bss.workstep       app_task.o
    0x202003bb   0x00002b8c   0x00000005   PAD
    0x202003c0        -       0x00001000   Zero   RW          318    HEAP                startup_mspm0g350x_uvision.o
    0x202013c0        -       0x00000400   Zero   RW          317    STACK               startup_mspm0g350x_uvision.o



  Load Region LR_BCR (Base: 0x41c00000, Size: 0x00000000, Max: 0x00000100, ABSOLUTE)

    Execution Region BCR_CONFIG (Exec base: 0x41c00000, Load base: 0x41c00000, Size: 0x00000000, Max: 0x00000080, ABSOLUTE)

    **** No section assigned to this execution region ****



  Load Region LR_BSL (Base: 0x41c00100, Size: 0x00000000, Max: 0x00000100, ABSOLUTE)

    Execution Region BSL_CONFIG (Exec base: 0x41c00100, Load base: 0x41c00100, Size: 0x00000000, Max: 0x00000080, ABSOLUTE)

    **** No section assigned to this execution region ****


==============================================================================

Image component sizes


      Code (inc. data)   RO Data    RW Data    ZI Data      Debug   Object Name

       492         64          0          0          5       1227   app_task.o
       380         64          0          0          4       1359   app_utils.o
        82          4          0          0          0       6774   board.o
        32          8          0          0          0       3609   buzzer.o
        60         16          0          0          4       2887   distance.o
        10          0          0          0          0        617   dl_common.o
       544        192          0          0          0      32102   dl_timer.o
        90          8          0          0          0      14537   dl_uart.o
       124         24          0          0          7       4367   empty.o
       192         24          0          0          8       5805   encoder.o
       344         56          0          0         16       4905   gray.o
       556         48          0         24        104       2068   gray_track.o
       180          8          0          0          0       4569   key.o
        52          4          0          0          0       3862   led.o
       288         32          0          0        259      10551   minpc.o
       152         16          0          2          0       6552   motor.o
       354         12          0          0          1       2007   pid.o
       964        156          0          8         50       3634   speed.o
        48         22        192          0       5120        708   startup_mspm0g350x_uvision.o
       884        200         69          0        348      26524   ti_msp_dl_config.o
        40          8          0          0          0       2309   timer.o

    ----------------------------------------------------------------------
      5876        966        300         36       5948     140973   Object Totals
         0          0         32          0          0          0   (incl. Generated)
         8          0          7          2         22          0   (incl. Padding)

    ----------------------------------------------------------------------

      Code (inc. data)   RO Data    RW Data    ZI Data      Debug   Library Member Name

         8          0          0          0          0         68   __main.o
         0          0          0          0          0          0   __rtentry.o
        12          0          0          0          0          0   __rtentry2.o
         6          0          0          0          0          0   __rtentry4.o
        86         10          0          0          0          0   __scatter.o
        26          0          0          0          0          0   __scatter_copy.o
        28          0          0          0          0          0   __scatter_zi.o
        16          0          0          0          0         68   exit.o
         6          0          0          0          0        136   heapauxi.o
         2          0          0          0          0          0   libinit.o
         2          0          0          0          0          0   libinit2.o
         2          0          0          0          0          0   libshutdown.o
         2          0          0          0          0          0   libshutdown2.o
         8          4          0          0         96         68   libspace.o
         2          0          0          0          0          0   rtexit.o
        10          0          0          0          0          0   rtexit2.o
        62          0          0          0          0         80   sys_stackheap_outer.o
        46          0          0          0          0         60   cmpret.o
       124          4          0          0          0         72   d2f.o
       856         20          0          0          0        208   daddsub.o
      1096         26        128          0          0        112   ddiv.o
        88          0          0          0          0         92   dflti.o
       584         26          0          0          0         84   dmul.o
        84          4          0          0          0         60   f2d.o
       348          8          0          0          0        160   faddsub.o
        92          0          0          0          0        272   fcmp.o
       100          4          0          0          0         68   fcmpin.o
       352         10         64          0          0         92   fdiv.o
        76          0          0          0          0         68   ffixi.o
        48          0          0          0          0         60   ffixui.o
        94          0          0          0          0         92   fflti.o
        84          4          0          0          0         76   fgef.o
        84          4          0          0          0         76   flef.o
       176          4          0          0          0         80   fmul.o
        16          6          0          0          0         68   fnan2.o
        94          0          0          0          0         68   retnan.o
         0          0          0          0          0          0   usenofp.o

    ----------------------------------------------------------------------
      4744        138        192          0         96       2288   Library Totals
        24          4          0          0          0          0   (incl. Padding)

    ----------------------------------------------------------------------

      Code (inc. data)   RO Data    RW Data    ZI Data      Debug   Library Name

       278         14          0          0         96        420   c_p.l
      4442        120        192          0          0       1868   fz_ps.l

    ----------------------------------------------------------------------
      4744        138        192          0         96       2288   Library Totals

    ----------------------------------------------------------------------

==============================================================================


      Code (inc. data)   RO Data    RW Data    ZI Data      Debug   

     10620       1104        492         36       6044     141901   Grand Totals
     10620       1104        492         36       6044     141901   ELF Image Totals
     10620       1104        492         36          0          0   ROM Totals

==============================================================================

    Total RO  Size (Code + RO Data)                11112 (  10.85kB)
    Total RW  Size (RW Data + ZI Data)              6080 (   5.94kB)
    Total ROM Size (Code + RO Data + RW Data)      11148 (  10.89kB)

==============================================================================

