Component: Arm Compiler for Embedded 6.21 Tool: armlink [5ec1fa00]

==============================================================================

Section Cross References

    board.o(.text.board_init) refers to ti_msp_dl_config.o(.text.SYSCFG_DL_init) for SYSCFG_DL_init
    board.o(.ARM.exidx.text.board_init) refers to board.o(.text.board_init) for [Anonymous Symbol]
    board.o(.ARM.exidx.text.delay_us) refers to board.o(.text.delay_us) for [Anonymous Symbol]
    board.o(.ARM.exidx.text.delay_ms) refers to board.o(.text.delay_ms) for [Anonymous Symbol]
    board.o(.ARM.exidx.text.delay_1us) refers to board.o(.text.delay_1us) for [Anonymous Symbol]
    board.o(.ARM.exidx.text.delay_1ms) refers to board.o(.text.delay_1ms) for [Anonymous Symbol]
    board.o(.ARM.exidx.text.uart0_send_char) refers to board.o(.text.uart0_send_char) for [Anonymous Symbol]
    board.o(.ARM.exidx.text.uart0_send_string) refers to board.o(.text.uart0_send_string) for [Anonymous Symbol]
    board.o(.ARM.exidx.text._sys_exit) refers to board.o(.text._sys_exit) for [Anonymous Symbol]
    board.o(.ARM.exidx.text.fputc) refers to board.o(.text.fputc) for [Anonymous Symbol]
    timer.o(.ARM.exidx.text.timer0_init) refers to timer.o(.text.timer0_init) for [Anonymous Symbol]
    timer.o(.ARM.exidx.text.timer1_init) refers to timer.o(.text.timer1_init) for [Anonymous Symbol]
    timer.o(.ARM.exidx.text.timer3_init) refers to timer.o(.text.timer3_init) for [Anonymous Symbol]
    bsp_spi.o(.ARM.exidx.text.spi_read_write_byte) refers to bsp_spi.o(.text.spi_read_write_byte) for [Anonymous Symbol]
    key.o(.ARM.exidx.text.Key_GetState) refers to key.o(.text.Key_GetState) for [Anonymous Symbol]
    key.o(.text.Key_Tick) refers to key.o(.bss.Key_Tick.Count) for [Anonymous Symbol]
    key.o(.text.Key_Tick) refers to key.o(.bss.Key_Tick.CurrState) for [Anonymous Symbol]
    key.o(.text.Key_Tick) refers to key.o(.bss.KeyNum) for KeyNum
    key.o(.ARM.exidx.text.Key_Tick) refers to key.o(.text.Key_Tick) for [Anonymous Symbol]
    key.o(.text.Key_GetNum) refers to key.o(.bss.KeyNum) for KeyNum
    key.o(.ARM.exidx.text.Key_GetNum) refers to key.o(.text.Key_GetNum) for [Anonymous Symbol]
    led.o(.ARM.exidx.text.LED_Blue_ON) refers to led.o(.text.LED_Blue_ON) for [Anonymous Symbol]
    led.o(.ARM.exidx.text.LED_Blue_OFF) refers to led.o(.text.LED_Blue_OFF) for [Anonymous Symbol]
    led.o(.ARM.exidx.text.LED_Green_ON) refers to led.o(.text.LED_Green_ON) for [Anonymous Symbol]
    led.o(.ARM.exidx.text.LED_Green_OFF) refers to led.o(.text.LED_Green_OFF) for [Anonymous Symbol]
    buzzer.o(.ARM.exidx.text.Buzzer_OFF) refers to buzzer.o(.text.Buzzer_OFF) for [Anonymous Symbol]
    buzzer.o(.ARM.exidx.text.Buzzer_ON) refers to buzzer.o(.text.Buzzer_ON) for [Anonymous Symbol]
    oled.o(.text.OLED_ColorTurn) refers to oled.o(.text.OLED_WR_Byte) for OLED_WR_Byte
    oled.o(.ARM.exidx.text.OLED_ColorTurn) refers to oled.o(.text.OLED_ColorTurn) for [Anonymous Symbol]
    oled.o(.text.OLED_WR_Byte) refers to board.o(.text.delay_us) for delay_us
    oled.o(.text.OLED_WR_Byte) refers to oled.o(.text.Send_Byte) for Send_Byte
    oled.o(.ARM.exidx.text.OLED_WR_Byte) refers to oled.o(.text.OLED_WR_Byte) for [Anonymous Symbol]
    oled.o(.text.OLED_DisplayTurn) refers to oled.o(.text.OLED_WR_Byte) for OLED_WR_Byte
    oled.o(.ARM.exidx.text.OLED_DisplayTurn) refers to oled.o(.text.OLED_DisplayTurn) for [Anonymous Symbol]
    oled.o(.text.IIC_delay) refers to board.o(.text.delay_us) for delay_us
    oled.o(.ARM.exidx.text.IIC_delay) refers to oled.o(.text.IIC_delay) for [Anonymous Symbol]
    oled.o(.text.I2C_Start) refers to board.o(.text.delay_us) for delay_us
    oled.o(.ARM.exidx.text.I2C_Start) refers to oled.o(.text.I2C_Start) for [Anonymous Symbol]
    oled.o(.text.I2C_Stop) refers to board.o(.text.delay_us) for delay_us
    oled.o(.ARM.exidx.text.I2C_Stop) refers to oled.o(.text.I2C_Stop) for [Anonymous Symbol]
    oled.o(.text.I2C_WaitAck) refers to board.o(.text.delay_us) for delay_us
    oled.o(.ARM.exidx.text.I2C_WaitAck) refers to oled.o(.text.I2C_WaitAck) for [Anonymous Symbol]
    oled.o(.text.Send_Byte) refers to board.o(.text.delay_us) for delay_us
    oled.o(.ARM.exidx.text.Send_Byte) refers to oled.o(.text.Send_Byte) for [Anonymous Symbol]
    oled.o(.text.OLED_DisPlay_On) refers to oled.o(.text.OLED_WR_Byte) for OLED_WR_Byte
    oled.o(.ARM.exidx.text.OLED_DisPlay_On) refers to oled.o(.text.OLED_DisPlay_On) for [Anonymous Symbol]
    oled.o(.text.OLED_DisPlay_Off) refers to oled.o(.text.OLED_WR_Byte) for OLED_WR_Byte
    oled.o(.ARM.exidx.text.OLED_DisPlay_Off) refers to oled.o(.text.OLED_DisPlay_Off) for [Anonymous Symbol]
    oled.o(.text.OLED_Refresh) refers to oled.o(.text.OLED_WR_Byte) for OLED_WR_Byte
    oled.o(.text.OLED_Refresh) refers to board.o(.text.delay_us) for delay_us
    oled.o(.text.OLED_Refresh) refers to oled.o(.text.Send_Byte) for Send_Byte
[...]
    __arm_cp.3_2                             0x00001e80   Number         4  app_task.o(.text.Task_4)
    __arm_cp.3_3                             0x00001e84   Number         4  app_task.o(.text.Task_4)
    __arm_cp.3_4                             0x00001e88   Number         4  app_task.o(.text.Task_4)
    __arm_cp.3_5                             0x00001e8c   Number         4  app_task.o(.text.Task_4)
    __arm_cp.3_6                             0x00001e90   Number         4  app_task.o(.text.Task_4)
    __arm_cp.3_7                             0x00001e94   Number         4  app_task.o(.text.Task_4)
    __arm_cp.3_8                             0x00001e98   Number         4  app_task.o(.text.Task_4)
    __arm_cp.3_9                             0x00001e9c   Number         4  app_task.o(.text.Task_4)
    __arm_cp.3_10                            0x00001ea0   Number         4  app_task.o(.text.Task_4)
    __arm_cp.3_11                            0x00001ea4   Number         4  app_task.o(.text.Task_4)
    __arm_cp.3_12                            0x00001ea8   Number         4  app_task.o(.text.Task_4)
    [Anonymous Symbol]                       0x00001eac   Section        0  app_utils.o(.text.Task_select)
    __arm_cp.1_0                             0x00001f34   Number         4  app_utils.o(.text.Task_select)
    __arm_cp.1_1                             0x00001f38   Number         4  app_utils.o(.text.Task_select)
    [Anonymous Symbol]                       0x00001f3c   Section        0  hc05.o(.text.UART0_IRQHandler)
    __arm_cp.4_0                             0x00002040   Number         4  hc05.o(.text.UART0_IRQHandler)
    __arm_cp.4_1                             0x00002044   Number         4  hc05.o(.text.UART0_IRQHandler)
    __arm_cp.4_2                             0x00002048   Number         4  hc05.o(.text.UART0_IRQHandler)
    __arm_cp.4_3                             0x0000204c   Number         4  hc05.o(.text.UART0_IRQHandler)
    __arm_cp.4_4                             0x00002050   Number         4  hc05.o(.text.UART0_IRQHandler)
    __arm_cp.4_5                             0x00002054   Number         4  hc05.o(.text.UART0_IRQHandler)
    [Anonymous Symbol]                       0x00002058   Section        0  jy901s.o(.text.UART2_IRQHandler)
    __arm_cp.2_0                             0x00002070   Number         4  jy901s.o(.text.UART2_IRQHandler)
    __arm_cp.2_1                             0x00002074   Number         4  jy901s.o(.text.UART2_IRQHandler)
    [Anonymous Symbol]                       0x00002078   Section        0  app_utils.o(.text.UpdateSoundLight)
    __arm_cp.4_0                             0x000020a0   Number         4  app_utils.o(.text.UpdateSoundLight)
    __arm_cp.4_1                             0x000020a4   Number         4  app_utils.o(.text.UpdateSoundLight)
    [Anonymous Symbol]                       0x000020a8   Section        0  board.o(.text._sys_exit)
    [Anonymous Symbol]                       0x000020ac   Section        0  angle.o(.text.angle1_pid_control)
    __arm_cp.1_7                             0x0000213c   Number         4  angle.o(.text.angle1_pid_control)
    [Anonymous Symbol]                       0x00002140   Section        0  angle.o(.text.angle2_pid_control)
    __arm_cp.2_2                             0x000021bc   Number         4  angle.o(.text.angle2_pid_control)
    __arm_cp.2_3                             0x000021c0   Number         4  angle.o(.text.angle2_pid_control)
    __arm_cp.2_4                             0x000021c4   Number         4  angle.o(.text.angle2_pid_control)
    __arm_cp.2_5                             0x000021c8   Number         4  angle.o(.text.angle2_pid_control)
    __arm_cp.2_6                             0x000021cc   Number         4  angle.o(.text.angle2_pid_control)
    [Anonymous Symbol]                       0x000021d0   Section        0  angle.o(.text.angleloop_pid_control)
    [Anonymous Symbol]                       0x000021e0   Section        0  board.o(.text.board_init)
    [Anonymous Symbol]                       0x000021e8   Section        0  app_utils.o(.text.capture_initial_yaw)
    __arm_cp.2_1                             0x00002240   Number         4  app_utils.o(.text.capture_initial_yaw)
    __arm_cp.2_3                             0x00002244   Number         4  app_utils.o(.text.capture_initial_yaw)
    [Anonymous Symbol]                       0x00002248   Section        0  distance.o(.text.clear_distance1)
    [Anonymous Symbol]                       0x0000225c   Section        0  board.o(.text.delay_ms)
    __arm_cp.2_0                             0x000022a0   Number         4  board.o(.text.delay_ms)
    [Anonymous Symbol]                       0x000022a4   Section        0  encoder.o(.text.encoder_Init)
    [Anonymous Symbol]                       0x000022b4   Section        0  distance.o(.text.get_distance1)
    __arm_cp.0_1                             0x000022f0   Number         4  distance.o(.text.get_distance1)
    __arm_cp.0_2                             0x000022f4   Number         4  distance.o(.text.get_distance1)
    [Anonymous Symbol]                       0x000022f8   Section        0  jy901s.o(.text.jy901s_Init)
    __arm_cp.0_0                             0x00002308   Number         4  jy901s.o(.text.jy901s_Init)
    __arm_cp.0_1                             0x0000230c   Number         4  jy901s.o(.text.jy901s_Init)
    [Anonymous Symbol]                       0x00002310   Section        0  jy901s.o(.text.jy901s_ReceiveData)
    __arm_cp.1_0                             0x000023b8   Number         4  jy901s.o(.text.jy901s_ReceiveData)
    __arm_cp.1_1                             0x000023bc   Number         4  jy901s.o(.text.jy901s_ReceiveData)
    __arm_cp.1_2                             0x000023c0   Number         4  jy901s.o(.text.jy901s_ReceiveData)
    __arm_cp.1_3                             0x000023c4   Number         4  jy901s.o(.text.jy901s_ReceiveData)
    __arm_cp.1_4                             0x000023c8   Number         4  jy901s.o(.text.jy901s_ReceiveData)
    __arm_cp.1_5                             0x000023cc   Number         4  jy901s.o(.text.jy901s_ReceiveData)
    [Anonymous Symbol]                       0x000023d0   Section        0  empty.o(.text.main)
    __arm_cp.0_0                             0x00002440   Number         4  empty.o(.text.main)
    __arm_cp.0_1                             0x00002444   Number         4  empty.o(.text.main)
    __arm_cp.0_2                             0x00002448   Number         4  empty.o(.text.main)
    __arm_cp.0_3                             0x0000244c   Number         4  empty.o(.text.main)
    __arm_cp.0_4                             0x00002450   Number         4  empty.o(.text.main)
    __arm_cp.0_5                             0x00002454   Number         4  empty.o(.text.main)
    __arm_cp.0_6                             0x00002458   Number         4  empty.o(.text.main)
    __arm_cp.0_7                             0x0000245c   Number         4  empty.o(.text.main)
    [Anonymous Symbol]                       0x00002460   Section        0  motor.o(.text.motor_stop)
    __arm_cp.4_0                             0x00002478   Number         4  motor.o(.text.motor_stop)
    [Anonymous Symbol]                       0x0000247c   Section        0  app_utils.o(.text.params_clear)
    __arm_cp.5_0                             0x000024b8   Number         4  app_utils.o(.text.params_clear)
    __arm_cp.5_1                             0x000024bc   Number         4  app_utils.o(.text.params_clear)
    __arm_cp.5_2                             0x000024c0   Number         4  app_utils.o(.text.params_clear)
    __arm_cp.5_3                             0x000024c4   Number         4  app_utils.o(.text.params_clear)
    __arm_cp.5_4                             0x000024c8   Number         4  app_utils.o(.text.params_clear)
    __arm_cp.5_5                             0x000024cc   Number         4  app_utils.o(.text.params_clear)
    __arm_cp.5_6                             0x000024d0   Number         4  app_utils.o(.text.params_clear)
    __arm_cp.5_7                             0x000024d4   Number         4  app_utils.o(.text.params_clear)
    __arm_cp.5_8                             0x000024d8   Number         4  app_utils.o(.text.params_clear)
    __arm_cp.5_9                             0x000024dc   Number         4  app_utils.o(.text.params_clear)
    __arm_cp.5_10                            0x000024e0   Number         4  app_utils.o(.text.params_clear)
    __arm_cp.5_11                            0x000024e4   Number         4  app_utils.o(.text.params_clear)
    __arm_cp.5_12                            0x000024e8   Number         4  app_utils.o(.text.params_clear)
    __arm_cp.5_13                            0x000024ec   Number         4  app_utils.o(.text.params_clear)
    [Anonymous Symbol]                       0x000024f0   Section        0  pid.o(.text.pid_Init)
    [Anonymous Symbol]                       0x000024fe   Section        0  pid.o(.text.pid_cal)
    [Anonymous Symbol]                       0x000025bc   Section        0  pid.o(.text.pidout_limit)
    [Anonymous Symbol]                       0x00002604   Section        0  speed.o(.text.speed2_pid_control)
    [Anonymous Symbol]                       0x00002720   Section        0  speed.o(.text.speed_cal)
    __arm_cp.0_0                             0x000027e4   Number         4  speed.o(.text.speed_cal)
    __arm_cp.0_1                             0x000027e8   Number         4  speed.o(.text.speed_cal)
    __arm_cp.0_2                             0x000027ec   Number         4  speed.o(.text.speed_cal)
    __arm_cp.0_3                             0x000027f0   Number         4  speed.o(.text.speed_cal)
    __arm_cp.0_4                             0x000027f4   Number         4  speed.o(.text.speed_cal)
    __arm_cp.0_5                             0x000027f8   Number         4  speed.o(.text.speed_cal)
    __arm_cp.0_6                             0x000027fc   Number         4  speed.o(.text.speed_cal)
    __arm_cp.0_7                             0x00002800   Number         4  speed.o(.text.speed_cal)
    __arm_cp.0_8                             0x00002804   Number         4  speed.o(.text.speed_cal)
    __arm_cp.0_10                            0x00002808   Number         4  speed.o(.text.speed_cal)
    [Anonymous Symbol]                       0x0000280c   Section        0  speed.o(.text.speed_pid_control)
    __arm_cp.4_0                             0x00002940   Number         4  speed.o(.text.speed_pid_control)
    __arm_cp.4_1                             0x00002944   Number         4  speed.o(.text.speed_pid_control)
    __arm_cp.4_2                             0x00002948   Number         4  speed.o(.text.speed_pid_control)
    __arm_cp.4_3                             0x0000294c   Number         4  speed.o(.text.speed_pid_control)
    __arm_cp.4_4                             0x00002950   Number         4  speed.o(.text.speed_pid_control)
    __arm_cp.4_5                             0x00002954   Number         4  speed.o(.text.speed_pid_control)
    __arm_cp.4_6                             0x00002958   Number         4  speed.o(.text.speed_pid_control)
    __arm_cp.4_7                             0x0000295c   Number         4  speed.o(.text.speed_pid_control)
    __arm_cp.4_8                             0x00002960   Number         4  speed.o(.text.speed_pid_control)
    __arm_cp.4_9                             0x00002964   Number         4  speed.o(.text.speed_pid_control)
    __arm_cp.4_10                            0x00002968   Number         4  speed.o(.text.speed_pid_control)
    __arm_cp.4_11                            0x0000296c   Number         4  speed.o(.text.speed_pid_control)
    __arm_cp.4_12                            0x00002970   Number         4  speed.o(.text.speed_pid_control)
    __arm_cp.4_13                            0x00002974   Number         4  speed.o(.text.speed_pid_control)
    __arm_cp.4_14                            0x00002978   Number         4  speed.o(.text.speed_pid_control)
    __arm_cp.4_15                            0x0000297c   Number         4  speed.o(.text.speed_pid_control)
    [Anonymous Symbol]                       0x00002980   Section        0  test.o(.text.test)
    __arm_cp.0_0                             0x00002994   Number         4  test.o(.text.test)
    __arm_cp.0_1                             0x00002998   Number         4  test.o(.text.test)
    __arm_cp.0_2                             0x0000299c   Number         4  test.o(.text.test)
    __arm_cp.0_3                             0x000029a0   Number         4  test.o(.text.test)
    [Anonymous Symbol]                       0x000029a4   Section        0  timer.o(.text.timer0_init)
    [Anonymous Symbol]                       0x000029b4   Section        0  timer.o(.text.timer1_init)
    __arm_cp.1_0                             0x000029c4   Number         4  timer.o(.text.timer1_init)
    __arm_cp.1_1                             0x000029c8   Number         4  timer.o(.text.timer1_init)
    [Anonymous Symbol]                       0x000029cc   Section        0  gray_track.o(.text.track1_pid_control)
    __arm_cp.0_0                             0x00002afc   Number         4  gray_track.o(.text.track1_pid_control)
    [Anonymous Symbol]                       0x00002b00   Section        0  gray_track.o(.text.track2_pid_control)
    __arm_cp.1_0                             0x00002c14   Number         4  gray_track.o(.text.track2_pid_control)
    __arm_cp.1_1                             0x00002c18   Number         4  gray_track.o(.text.track2_pid_control)
    __arm_cp.1_2                             0x00002c1c   Number         4  gray_track.o(.text.track2_pid_control)
    __arm_cp.1_3                             0x00002c20   Number         4  gray_track.o(.text.track2_pid_control)
    __arm_cp.1_4                             0x00002c24   Number         4  gray_track.o(.text.track2_pid_control)
    __arm_cp.1_5                             0x00002c28   Number         4  gray_track.o(.text.track2_pid_control)
    __arm_cp.1_6                             0x00002c2c   Number         4  gray_track.o(.text.track2_pid_control)
    __arm_cp.1_7                             0x00002c30   Number         4  gray_track.o(.text.track2_pid_control)
    __arm_cp.1_8                             0x00002c34   Number         4  gray_track.o(.text.track2_pid_control)
    __arm_cp.1_9                             0x00002c38   Number         4  gray_track.o(.text.track2_pid_control)
    __arm_cp.1_10                            0x00002c3c   Number         4  gray_track.o(.text.track2_pid_control)
    __arm_cp.1_11                            0x00002c40   Number         4  gray_track.o(.text.track2_pid_control)
    [Anonymous Symbol]                       0x00002c44   Section        0  gray_track.o(.text.trackloop_pid_control)
    i._fgeq                                  0x00002c5c   Section        0  fcmp.o(i._fgeq)
    i._fgr                                   0x00002c72   Section        0  fcmp.o(i._fgr)
    i._fleq                                  0x00002c88   Section        0  fcmp.o(i._fleq)
    x$fpl$fadd                               0x00002ca4   Section      140  faddsub.o(x$fpl$fadd)
    _fadd1                                   0x00002cb1   Thumb Code     0  faddsub.o(x$fpl$fadd)
    x$fpl$fgeqf                              0x00002d30   Section       84  fgef.o(x$fpl$fgeqf)
    x$fpl$fleqf                              0x00002d84   Section       84  flef.o(x$fpl$fleqf)
    x$fpl$fmul                               0x00002dd8   Section      176  fmul.o(x$fpl$fmul)
    x$fpl$fsub                               0x00002e88   Section      208  faddsub.o(x$fpl$fsub)
    _fsub1                                   0x00002e95   Thumb Code     0  faddsub.o(x$fpl$fsub)
    ddiv_reciptbl                            0x00002f58   Data         128  ddiv.o(.constdata)
    .constdata                               0x00002f58   Section      128  ddiv.o(.constdata)
    x$fpl$usenofp                            0x00002f58   Section        0  usenofp.o(x$fpl$usenofp)
    fdiv_tab                                 0x00002fd8   Data          64  fdiv.o(.constdata)
    .constdata                               0x00002fd8   Section       64  fdiv.o(.constdata)
    gPWMClockConfig                          0x00003018   Data           3  ti_msp_dl_config.o(.rodata.gPWMClockConfig)
    [Anonymous Symbol]                       0x00003018   Section        0  ti_msp_dl_config.o(.rodata.gPWMClockConfig)
    gPWMConfig                               0x0000301c   Data           8  ti_msp_dl_config.o(.rodata.gPWMConfig)
    [Anonymous Symbol]                       0x0000301c   Section        0  ti_msp_dl_config.o(.rodata.gPWMConfig)
    gSPI_clockConfig                         0x00003024   Data           2  ti_msp_dl_config.o(.rodata.gSPI_clockConfig)
    [Anonymous Symbol]                       0x00003024   Section        0  ti_msp_dl_config.o(.rodata.gSPI_clockConfig)
    gSPI_config                              0x00003026   Data          10  ti_msp_dl_config.o(.rodata.gSPI_config)
    [Anonymous Symbol]                       0x00003026   Section        0  ti_msp_dl_config.o(.rodata.gSPI_config)
    gSYSPLLConfig                            0x00003030   Data          40  ti_msp_dl_config.o(.rodata.gSYSPLLConfig)
    [Anonymous Symbol]                       0x00003030   Section        0  ti_msp_dl_config.o(.rodata.gSYSPLLConfig)
    gTIMER_0ClockConfig                      0x00003058   Data           3  ti_msp_dl_config.o(.rodata.gTIMER_0ClockConfig)
    [Anonymous Symbol]                       0x00003058   Section        0  ti_msp_dl_config.o(.rodata.gTIMER_0ClockConfig)
    gTIMER_0TimerConfig                      0x0000305c   Data          20  ti_msp_dl_config.o(.rodata.gTIMER_0TimerConfig)
    [Anonymous Symbol]                       0x0000305c   Section        0  ti_msp_dl_config.o(.rodata.gTIMER_0TimerConfig)
    gTIMER_1ClockConfig                      0x00003070   Data           3  ti_msp_dl_config.o(.rodata.gTIMER_1ClockConfig)
    [Anonymous Symbol]                       0x00003070   Section        0  ti_msp_dl_config.o(.rodata.gTIMER_1ClockConfig)
    gTIMER_1TimerConfig                      0x00003074   Data          20  ti_msp_dl_config.o(.rodata.gTIMER_1TimerConfig)
    [Anonymous Symbol]                       0x00003074   Section        0  ti_msp_dl_config.o(.rodata.gTIMER_1TimerConfig)
    gTIMER_2ClockConfig                      0x00003088   Data           3  ti_msp_dl_config.o(.rodata.gTIMER_2ClockConfig)
    [Anonymous Symbol]                       0x00003088   Section        0  ti_msp_dl_config.o(.rodata.gTIMER_2ClockConfig)
    gTIMER_2TimerConfig                      0x0000308c   Data          20  ti_msp_dl_config.o(.rodata.gTIMER_2TimerConfig)
    [Anonymous Symbol]                       0x0000308c   Section        0  ti_msp_dl_config.o(.rodata.gTIMER_2TimerConfig)
    gTIMER_3ClockConfig                      0x000030a0   Data           3  ti_msp_dl_config.o(.rodata.gTIMER_3ClockConfig)
    [Anonymous Symbol]                       0x000030a0   Section        0  ti_msp_dl_config.o(.rodata.gTIMER_3ClockConfig)
    gTIMER_3TimerConfig                      0x000030a4   Data          20  ti_msp_dl_config.o(.rodata.gTIMER_3TimerConfig)
    [Anonymous Symbol]                       0x000030a4   Section        0  ti_msp_dl_config.o(.rodata.gTIMER_3TimerConfig)
    gUART_0ClockConfig                       0x000030b8   Data           2  ti_msp_dl_config.o(.rodata.gUART_0ClockConfig)
    [Anonymous Symbol]                       0x000030b8   Section        0  ti_msp_dl_config.o(.rodata.gUART_0ClockConfig)
    gUART_0Config                            0x000030ba   Data          10  ti_msp_dl_config.o(.rodata.gUART_0Config)
    [Anonymous Symbol]                       0x000030ba   Section        0  ti_msp_dl_config.o(.rodata.gUART_0Config)
    gUART_2ClockConfig                       0x000030c4   Data           2  ti_msp_dl_config.o(.rodata.gUART_2ClockConfig)
    [Anonymous Symbol]                       0x000030c4   Section        0  ti_msp_dl_config.o(.rodata.gUART_2ClockConfig)
    gUART_2Config                            0x000030c6   Data          10  ti_msp_dl_config.o(.rodata.gUART_2Config)
    [Anonymous Symbol]                       0x000030c6   Section        0  ti_msp_dl_config.o(.rodata.gUART_2Config)
    .bss                                     0x20200030   Section       96  libspace.o(.bss)
    Key_Tick.Count                           0x20200099   Data           1  key.o(.bss.Key_Tick.Count)
    [Anonymous Symbol]                       0x20200099   Section        0  key.o(.bss.Key_Tick.Count)
    Key_Tick.CurrState                       0x2020009a   Data           1  key.o(.bss.Key_Tick.CurrState)
    [Anonymous Symbol]                       0x2020009a   Section        0  key.o(.bss.Key_Tick.CurrState)
    RxBuffer                                 0x202000a8   Data          11  jy901s.o(.bss.RxBuffer)
    [Anonymous Symbol]                       0x202000a8   Section        0  jy901s.o(.bss.RxBuffer)
    RxIndex                                  0x202000b3   Data           1  jy901s.o(.bss.RxIndex)
    [Anonymous Symbol]                       0x202000b3   Section        0  jy901s.o(.bss.RxIndex)
    RxState                                  0x202000b4   Data           1  jy901s.o(.bss.RxState)
    [Anonymous Symbol]                       0x202000b4   Section        0  jy901s.o(.bss.RxState)
    Velocity_A.ControlVelocityA              0x202000c4   Data           4  speed.o(.bss.Velocity_A.ControlVelocityA)
    [Anonymous Symbol]                       0x202000c4   Section        0  speed.o(.bss.Velocity_A.ControlVelocityA)
    Velocity_A.Last_biasA                    0x202000c8   Data           4  speed.o(.bss.Velocity_A.Last_biasA)
    [Anonymous Symbol]                       0x202000c8   Section        0  speed.o(.bss.Velocity_A.Last_biasA)
    Velocity_B.ControlVelocityB              0x202000cc   Data           4  speed.o(.bss.Velocity_B.ControlVelocityB)
    [Anonymous Symbol]                       0x202000cc   Section        0  speed.o(.bss.Velocity_B.ControlVelocityB)
    Velocity_B.Last_biasB                    0x202000d0   Data           4  speed.o(.bss.Velocity_B.Last_biasB)
    [Anonymous Symbol]                       0x202000d0   Section        0  speed.o(.bss.Velocity_B.Last_biasB)
    speed_cal.last_countA                    0x20200558   Data           4  speed.o(.bss.speed_cal.last_countA)
    [Anonymous Symbol]                       0x20200558   Section        0  speed.o(.bss.speed_cal.last_countA)
    speed_cal.last_countB                    0x2020055c   Data           4  speed.o(.bss.speed_cal.last_countB)
    [Anonymous Symbol]                       0x2020055c   Section        0  speed.o(.bss.speed_cal.last_countB)
    speed_cal.last_speedA                    0x20200560   Data           4  speed.o(.bss.speed_cal.last_speedA)
    [Anonymous Symbol]                       0x20200560   Section        0  speed.o(.bss.speed_cal.last_speedA)
    speed_cal.last_speedB                    0x20200564   Data           4  speed.o(.bss.speed_cal.last_speedB)
    [Anonymous Symbol]                       0x20200564   Section        0  speed.o(.bss.speed_cal.last_speedB)
    Heap_Mem                                 0x202005e0   Data        4096  startup_mspm0g350x_uvision.o(HEAP)
    HEAP                                     0x202005e0   Section     4096  startup_mspm0g350x_uvision.o(HEAP)
    Stack_Mem                                0x202015e0   Data        1024  startup_mspm0g350x_uvision.o(STACK)
    STACK                                    0x202015e0   Section     1024  startup_mspm0g350x_uvision.o(STACK)
    __initial_sp                             0x202019e0   Data           0  startup_mspm0g350x_uvision.o(STACK)

    Global Symbols

    Symbol Name                              Value     Ov Type        Size  Object(Section)

    BuildAttributes$$THM_ISAv3M$S$PE$A:L22$X:L11$S22$IEEE1$IW$~IW$USESV6$~STKCKD$USESV7$~SHL$OTIME$ROPI$IEEEX$EBA8$UX$STANDARDLIB$REQ8$PRES8$EABIv2 0x00000000   Number         0  anon$$obj.o ABSOLUTE
    __Vectors                                0x00000000   Data           4  startup_mspm0g350x_uvision.o(RESET)
    _printf_flags                            0x00000000   Number         0  printf_stubs.o ABSOLUTE
    _printf_return_value                     0x00000000   Number         0  printf_stubs.o ABSOLUTE
    _printf_sizespec                         0x00000000   Number         0  printf_stubs.o ABSOLUTE
    _printf_widthprec                        0x00000000   Number         0  printf_stubs.o ABSOLUTE
    __ARM_exceptions_init                     - Undefined Weak Reference
    __alloca_initialize                       - Undefined Weak Reference
    __arm_preinit_                            - Undefined Weak Reference
    __arm_relocate_pie_                       - Undefined Weak Reference
    __cpp_initialize__aeabi_                  - Undefined Weak Reference
    __cxa_finalize                            - Undefined Weak Reference
    __rt_locale                               - Undefined Weak Reference
    __sigvec_lookup                           - Undefined Weak Reference
    _atexit_init                              - Undefined Weak Reference
    _call_atexit_fns                          - Undefined Weak Reference
    _clock_init                               - Undefined Weak Reference
    _fp_trap_init                             - Undefined Weak Reference
    _fp_trap_shutdown                         - Undefined Weak Reference
    _get_lc_collate                           - Undefined Weak Reference
    _get_lc_ctype                             - Undefined Weak Reference
    _get_lc_monetary                          - Undefined Weak Reference
    _get_lc_numeric                           - Undefined Weak Reference
    _get_lc_time                              - Undefined Weak Reference
    _getenv_init                              - Undefined Weak Reference
    _handle_redirection                       - Undefined Weak Reference
    _init_alloc                               - Undefined Weak Reference
    _init_user_alloc                          - Undefined Weak Reference
    _initio                                   - Undefined Weak Reference
    _mutex_acquire                            - Undefined Weak Reference
    _mutex_release                            - Undefined Weak Reference
    _printf_mbtowc                            - Undefined Weak Reference
    _printf_truncate_signed                   - Undefined Weak Reference
    _printf_truncate_unsigned                 - Undefined Weak Reference
    _rand_init                                - Undefined Weak Reference
    _signal_finish                            - Undefined Weak Reference
    _signal_init                              - Undefined Weak Reference
    _terminate_alloc                          - Undefined Weak Reference
    _terminate_user_alloc                     - Undefined Weak Reference
    _terminateio                              - Undefined Weak Reference
    __Vectors_End                            0x000000c0   Data           0  startup_mspm0g350x_uvision.o(RESET)
    __Vectors_Size                           0x000000c0   Number         0  startup_mspm0g350x_uvision.o ABSOLUTE
    __main                                   0x000000c1   Thumb Code     8  __main.o(!!!main)
    __scatterload                            0x000000c9   Thumb Code     0  __scatter.o(!!!scatter)
    __scatterload_rt2                        0x000000c9   Thumb Code    74  __scatter.o(!!!scatter)
    __scatterload_rt2_thumb_only             0x000000c9   Thumb Code     0  __scatter.o(!!!scatter)
    __scatterload_loop                       0x000000d3   Thumb Code     0  __scatter.o(!!!scatter)
    __scatterload_copy                       0x00000121   Thumb Code    26  __scatter_copy.o(!!handler_copy)
    __scatterload_null                       0x00000141   Thumb Code     2  __scatter.o(!!handler_null)
    __scatterload_zeroinit                   0x00000149   Thumb Code    28  __scatter_zi.o(!!handler_zi)
    __rt_lib_init                            0x00000165   Thumb Code     0  libinit.o(.ARM.Collect$$libinit$$00000000)
    __rt_lib_init_alloca_1                   0x00000167   Thumb Code     0  libinit2.o(.ARM.Collect$$libinit$$00000030)
    __rt_lib_init_argv_1                     0x00000167   Thumb Code     0  libinit2.o(.ARM.Collect$$libinit$$0000002E)
    __rt_lib_init_atexit_1                   0x00000167   Thumb Code     0  libinit2.o(.ARM.Collect$$libinit$$0000001D)
    __rt_lib_init_clock_1                    0x00000167   Thumb Code     0  libinit2.o(.ARM.Collect$$libinit$$00000023)
    __rt_lib_init_cpp_1                      0x00000167   Thumb Code     0  libinit2.o(.ARM.Collect$$libinit$$00000034)
    __rt_lib_init_exceptions_1               0x00000167   Thumb Code     0  libinit2.o(.ARM.Collect$$libinit$$00000032)
    __rt_lib_init_fp_1                       0x00000167   Thumb Code     0  libinit2.o(.ARM.Collect$$libinit$$00000002)
    __rt_lib_init_fp_trap_1                  0x00000167   Thumb Code     0  libinit2.o(.ARM.Collect$$libinit$$00000021)
    __rt_lib_init_getenv_1                   0x00000167   Thumb Code     0  libinit2.o(.ARM.Collect$$libinit$$00000025)
    __rt_lib_init_heap_1                     0x00000167   Thumb Code     0  libinit2.o(.ARM.Collect$$libinit$$0000000C)
    __rt_lib_init_lc_collate_1               0x00000167   Thumb Code     0  libinit2.o(.ARM.Collect$$libinit$$00000013)
    __rt_lib_init_lc_ctype_1                 0x00000167   Thumb Code     0  libinit2.o(.ARM.Collect$$libinit$$00000015)
    __rt_lib_init_lc_monetary_1              0x00000167   Thumb Code     0  libinit2.o(.ARM.Collect$$libinit$$00000017)
    __rt_lib_init_lc_numeric_1               0x00000167   Thumb Code     0  libinit2.o(.ARM.Collect$$libinit$$00000019)
    __rt_lib_init_lc_time_1                  0x00000167   Thumb Code     0  libinit2.o(.ARM.Collect$$libinit$$0000001B)
    __rt_lib_init_preinit_1                  0x00000167   Thumb Code     0  libinit2.o(.ARM.Collect$$libinit$$00000006)
    __rt_lib_init_rand_1                     0x00000167   Thumb Code     0  libinit2.o(.ARM.Collect$$libinit$$00000010)
    __rt_lib_init_relocate_pie_1             0x00000167   Thumb Code     0  libinit2.o(.ARM.Collect$$libinit$$00000004)
    __rt_lib_init_return                     0x00000167   Thumb Code     0  libinit2.o(.ARM.Collect$$libinit$$00000035)
    __rt_lib_init_signal_1                   0x00000167   Thumb Code     0  libinit2.o(.ARM.Collect$$libinit$$0000001F)
    __rt_lib_init_stdio_1                    0x00000167   Thumb Code     0  libinit2.o(.ARM.Collect$$libinit$$00000027)
    __rt_lib_init_user_alloc_1               0x00000167   Thumb Code     0  libinit2.o(.ARM.Collect$$libinit$$0000000E)
    __rt_lib_shutdown                        0x00000169   Thumb Code     0  libshutdown.o(.ARM.Collect$$libshutdown$$00000000)
    __rt_lib_shutdown_cpp_1                  0x0000016b   Thumb Code     0  libshutdown2.o(.ARM.Collect$$libshutdown$$00000002)
    __rt_lib_shutdown_fp_trap_1              0x0000016b   Thumb Code     0  libshutdown2.o(.ARM.Collect$$libshutdown$$00000007)
    __rt_lib_shutdown_heap_1                 0x0000016b   Thumb Code     0  libshutdown2.o(.ARM.Collect$$libshutdown$$0000000F)
    __rt_lib_shutdown_return                 0x0000016b   Thumb Code     0  libshutdown2.o(.ARM.Collect$$libshutdown$$00000010)
    __rt_lib_shutdown_signal_1               0x0000016b   Thumb Code     0  libshutdown2.o(.ARM.Collect$$libshutdown$$0000000A)
    __rt_lib_shutdown_stdio_1                0x0000016b   Thumb Code     0  libshutdown2.o(.ARM.Collect$$libshutdown$$00000004)
    __rt_lib_shutdown_user_alloc_1           0x0000016b   Thumb Code     0  libshutdown2.o(.ARM.Collect$$libshutdown$$0000000C)
    __rt_entry                               0x0000016d   Thumb Code     0  __rtentry.o(.ARM.Collect$$rtentry$$00000000)
    __rt_entry_presh_1                       0x0000016d   Thumb Code     0  __rtentry2.o(.ARM.Collect$$rtentry$$00000002)
    __rt_entry_sh                            0x0000016d   Thumb Code     0  __rtentry4.o(.ARM.Collect$$rtentry$$00000004)
    __rt_entry_li                            0x00000173   Thumb Code     0  __rtentry2.o(.ARM.Collect$$rtentry$$0000000A)
    __rt_entry_postsh_1                      0x00000173   Thumb Code     0  __rtentry2.o(.ARM.Collect$$rtentry$$00000009)
    __rt_entry_main                          0x00000177   Thumb Code     0  __rtentry2.o(.ARM.Collect$$rtentry$$0000000D)
    __rt_entry_postli_1                      0x00000177   Thumb Code     0  __rtentry2.o(.ARM.Collect$$rtentry$$0000000C)
    __rt_exit                                0x0000017f   Thumb Code     0  rtexit.o(.ARM.Collect$$rtexit$$00000000)
    __rt_exit_ls                             0x00000181   Thumb Code     0  rtexit2.o(.ARM.Collect$$rtexit$$00000003)
    __rt_exit_prels_1                        0x00000181   Thumb Code     0  rtexit2.o(.ARM.Collect$$rtexit$$00000002)
    __rt_exit_exit                           0x00000185   Thumb Code     0  rtexit2.o(.ARM.Collect$$rtexit$$00000004)
    Reset_Handler                            0x0000018d   Thumb Code     4  startup_mspm0g350x_uvision.o(.text)
    NMI_Handler                              0x00000191   Thumb Code     2  startup_mspm0g350x_uvision.o(.text)
    HardFault_Handler                        0x00000193   Thumb Code     2  startup_mspm0g350x_uvision.o(.text)
    SVC_Handler                              0x00000195   Thumb Code     2  startup_mspm0g350x_uvision.o(.text)
    PendSV_Handler                           0x00000197   Thumb Code     2  startup_mspm0g350x_uvision.o(.text)
    SysTick_Handler                          0x00000199   Thumb Code     2  startup_mspm0g350x_uvision.o(.text)
    ADC0_IRQHandler                          0x0000019b   Thumb Code     0  startup_mspm0g350x_uvision.o(.text)
    ADC1_IRQHandler                          0x0000019b   Thumb Code     0  startup_mspm0g350x_uvision.o(.text)
    AES_IRQHandler                           0x0000019b   Thumb Code     0  startup_mspm0g350x_uvision.o(.text)
    CANFD0_IRQHandler                        0x0000019b   Thumb Code     0  startup_mspm0g350x_uvision.o(.text)
    DAC0_IRQHandler                          0x0000019b   Thumb Code     0  startup_mspm0g350x_uvision.o(.text)
    DMA_IRQHandler                           0x0000019b   Thumb Code     0  startup_mspm0g350x_uvision.o(.text)
    Default_Handler                          0x0000019b   Thumb Code     2  startup_mspm0g350x_uvision.o(.text)
    GROUP0_IRQHandler                        0x0000019b   Thumb Code     0  startup_mspm0g350x_uvision.o(.text)
    I2C0_IRQHandler                          0x0000019b   Thumb Code     0  startup_mspm0g350x_uvision.o(.text)
    I2C1_IRQHandler                          0x0000019b   Thumb Code     0  startup_mspm0g350x_uvision.o(.text)
    RTC_IRQHandler                           0x0000019b   Thumb Code     0  startup_mspm0g350x_uvision.o(.text)
    SPI0_IRQHandler                          0x0000019b   Thumb Code     0  startup_mspm0g350x_uvision.o(.text)
    SPI1_IRQHandler                          0x0000019b   Thumb Code     0  startup_mspm0g350x_uvision.o(.text)
    TIMG12_IRQHandler                        0x0000019b   Thumb Code     0  startup_mspm0g350x_uvision.o(.text)
    TIMG6_IRQHandler                         0x0000019b   Thumb Code     0  startup_mspm0g350x_uvision.o(.text)
    TIMG8_IRQHandler                         0x0000019b   Thumb Code     0  startup_mspm0g350x_uvision.o(.text)
    UART1_IRQHandler                         0x0000019b   Thumb Code     0  startup_mspm0g350x_uvision.o(.text)
    UART3_IRQHandler                         0x0000019b   Thumb Code     0  startup_mspm0g350x_uvision.o(.text)
    __user_initial_stackheap                 0x0000019d   Thumb Code    10  startup_mspm0g350x_uvision.o(.text)
    __use_two_region_memory                  0x000001bd   Thumb Code     2  heapauxi.o(.text)
    __rt_heap_escrow$2region                 0x000001bf   Thumb Code     2  heapauxi.o(.text)
    __rt_heap_expand$2region                 0x000001c1   Thumb Code     2  heapauxi.o(.text)
    __aeabi_d2f                              0x000001c5   Thumb Code     0  d2f.o(.text)
    _d2f                                     0x000001c5   Thumb Code   120  d2f.o(.text)
    __aeabi_ddiv                             0x00000241   Thumb Code     0  ddiv.o(.text)
    _ddiv                                    0x00000241   Thumb Code  1072  ddiv.o(.text)
    _drdiv                                   0x00000671   Thumb Code    20  ddiv.o(.text)
    __aeabi_i2d_normalise                    0x00000689   Thumb Code    66  dflti.o(.text)
    __aeabi_i2d                              0x000006cb   Thumb Code    16  dflti.o(.text)
    _dflt                                    0x000006cb   Thumb Code     0  dflti.o(.text)
    __aeabi_ui2d                             0x000006db   Thumb Code     6  dflti.o(.text)
    _dfltu                                   0x000006db   Thumb Code     0  dflti.o(.text)
    __aeabi_dmul                             0x000006e1   Thumb Code     0  dmul.o(.text)
    _dmul                                    0x000006e1   Thumb Code   558  dmul.o(.text)
    __aeabi_f2d                              0x00000929   Thumb Code     0  f2d.o(.text)
    _f2d                                     0x00000929   Thumb Code    80  f2d.o(.text)
    __aeabi_fdiv                             0x0000097d   Thumb Code     0  fdiv.o(.text)
    _fdiv                                    0x0000097d   Thumb Code   334  fdiv.o(.text)
    _frdiv                                   0x00000acb   Thumb Code     8  fdiv.o(.text)
    __aeabi_f2iz                             0x00000add   Thumb Code     0  ffixi.o(.text)
    _ffix                                    0x00000add   Thumb Code    76  ffixi.o(.text)
    __aeabi_f2uiz                            0x00000b29   Thumb Code     0  ffixui.o(.text)
    _ffixu                                   0x00000b29   Thumb Code    48  ffixui.o(.text)
    __aeabi_i2f_normalise                    0x00000b59   Thumb Code    72  fflti.o(.text)
    __aeabi_i2f                              0x00000ba1   Thumb Code    16  fflti.o(.text)
    _fflt                                    0x00000ba1   Thumb Code     0  fflti.o(.text)
    __aeabi_ui2f                             0x00000bb1   Thumb Code     6  fflti.o(.text)
    _ffltu                                   0x00000bb1   Thumb Code     0  fflti.o(.text)
    __fpl_fcmp_InfNaN                        0x00000bb9   Thumb Code    96  fcmpin.o(.text)
    __user_libspace                          0x00000c1d   Thumb Code     8  libspace.o(.text)
    __user_perproc_libspace                  0x00000c1d   Thumb Code     0  libspace.o(.text)
    __user_perthread_libspace                0x00000c1d   Thumb Code     0  libspace.o(.text)
    __user_setup_stackheap                   0x00000c25   Thumb Code    62  sys_stackheap_outer.o(.text)
    exit                                     0x00000c63   Thumb Code    16  exit.o(.text)
    __fpl_cmpreturn                          0x00000c73   Thumb Code    46  cmpret.o(.text)
    __fpl_fcheck_NaN2                        0x00000ca1   Thumb Code    10  fnan2.o(.text)
    __fpl_return_NaN                         0x00000cb1   Thumb Code    94  retnan.o(.text)
    Buzzer_OFF                               0x00000d11   Thumb Code    12  buzzer.o(.text.Buzzer_OFF)
    Buzzer_ON                                0x00000d21   Thumb Code    12  buzzer.o(.text.Buzzer_ON)
    DL_Common_delayCycles                    0x00000d31   Thumb Code    10  dl_common.o(.text.DL_Common_delayCycles)
    DL_SPI_init                              0x00000d3d   Thumb Code    60  dl_spi.o(.text.DL_SPI_init)
    DL_SPI_setClockConfig                    0x00000d81   Thumb Code    18  dl_spi.o(.text.DL_SPI_setClockConfig)
    DL_SYSCTL_configSYSPLL                   0x00000d95   Thumb Code   196  dl_sysctl_mspm0g1x0x_g3x0x.o(.text.DL_SYSCTL_configSYSPLL)
    DL_SYSCTL_setHFCLKSourceHFXTParams       0x00000e59   Thumb Code    80  dl_sysctl_mspm0g1x0x_g3x0x.o(.text.DL_SYSCTL_setHFCLKSourceHFXTParams)
    DL_SYSCTL_switchMCLKfromSYSOSCtoHSCLK    0x00000ea9   Thumb Code    40  dl_sysctl_mspm0g1x0x_g3x0x.o(.text.DL_SYSCTL_switchMCLKfromSYSOSCtoHSCLK)
    DL_Timer_initFourCCPWMMode               0x00000ed1   Thumb Code   108  dl_timer.o(.text.DL_Timer_initFourCCPWMMode)
    DL_Timer_initPWMMode                     0x00000f41   Thumb Code   172  dl_timer.o(.text.DL_Timer_initPWMMode)
    DL_Timer_initTimerMode                   0x00001001   Thumb Code   220  dl_timer.o(.text.DL_Timer_initTimerMode)
    DL_Timer_setCaptCompUpdateMethod         0x000010e9   Thumb Code    24  dl_timer.o(.text.DL_Timer_setCaptCompUpdateMethod)
    DL_Timer_setCaptureCompareOutCtl         0x00001105   Thumb Code    20  dl_timer.o(.text.DL_Timer_setCaptureCompareOutCtl)
    DL_Timer_setCaptureCompareValue          0x0000111d   Thumb Code    12  dl_timer.o(.text.DL_Timer_setCaptureCompareValue)
    DL_Timer_setClockConfig                  0x0000112d   Thumb Code    24  dl_timer.o(.text.DL_Timer_setClockConfig)
    DL_UART_init                             0x00001149   Thumb Code    64  dl_uart.o(.text.DL_UART_init)
    DL_UART_setClockConfig                   0x00001191   Thumb Code    18  dl_uart.o(.text.DL_UART_setClockConfig)
    GROUP1_IRQHandler                        0x000011a5   Thumb Code   140  encoder.o(.text.GROUP1_IRQHandler)
    Get_Light_TTL                            0x00001241   Thumb Code   152  gray.o(.text.Get_Light_TTL)
    Gray_Read                                0x000012e9   Thumb Code   120  gray.o(.text.Gray_Read)
    HC05_Init                                0x00001381   Thumb Code    16  hc05.o(.text.HC05_Init)
    Key_GetNum                               0x00001399   Thumb Code    16  key.o(.text.Key_GetNum)
    Key_Tick                                 0x000013a9   Thumb Code    76  key.o(.text.Key_Tick)
    LED_Blue_OFF                             0x00001409   Thumb Code    12  led.o(.text.LED_Blue_OFF)
    LED_Blue_ON                              0x00001415   Thumb Code    12  led.o(.text.LED_Blue_ON)
    LED_Green_OFF                            0x00001421   Thumb Code    12  led.o(.text.LED_Green_OFF)
    LED_Green_ON                             0x00001431   Thumb Code    12  led.o(.text.LED_Green_ON)
    Motor_left_Control                       0x0000143d   Thumb Code    48  motor.o(.text.Motor_left_Control)
    Motor_right_Control                      0x00001471   Thumb Code    48  motor.o(.text.Motor_right_Control)
    PID_select                               0x000014a9   Thumb Code   116  pid.o(.text.PID_select)
    SYSCFG_DL_GPIO_init                      0x00001531   Thumb Code   220  ti_msp_dl_config.o(.text.SYSCFG_DL_GPIO_init)
    SYSCFG_DL_PWM_init                       0x00001649   Thumb Code   108  ti_msp_dl_config.o(.text.SYSCFG_DL_PWM_init)
    SYSCFG_DL_SPI_init                       0x000016c5   Thumb Code    56  ti_msp_dl_config.o(.text.SYSCFG_DL_SPI_init)
    SYSCFG_DL_SYSCTL_init                    0x00001711   Thumb Code   108  ti_msp_dl_config.o(.text.SYSCFG_DL_SYSCTL_init)
    SYSCFG_DL_SYSTICK_init                   0x0000178d   Thumb Code    24  ti_msp_dl_config.o(.text.SYSCFG_DL_SYSTICK_init)
    SYSCFG_DL_TIMER_0_init                   0x000017a9   Thumb Code    48  ti_msp_dl_config.o(.text.SYSCFG_DL_TIMER_0_init)
    SYSCFG_DL_TIMER_1_init                   0x000017ed   Thumb Code    52  ti_msp_dl_config.o(.text.SYSCFG_DL_TIMER_1_init)
    SYSCFG_DL_TIMER_2_init                   0x00001835   Thumb Code    56  ti_msp_dl_config.o(.text.SYSCFG_DL_TIMER_2_init)
    SYSCFG_DL_TIMER_3_init                   0x00001885   Thumb Code    52  ti_msp_dl_config.o(.text.SYSCFG_DL_TIMER_3_init)
    SYSCFG_DL_UART_0_init                    0x000018d1   Thumb Code   104  ti_msp_dl_config.o(.text.SYSCFG_DL_UART_0_init)
    SYSCFG_DL_UART_2_init                    0x0000194d   Thumb Code   100  ti_msp_dl_config.o(.text.SYSCFG_DL_UART_2_init)
    SYSCFG_DL_init                           0x000019cd   Thumb Code    80  ti_msp_dl_config.o(.text.SYSCFG_DL_init)
    SYSCFG_DL_initPower                      0x00001a31   Thumb Code    88  ti_msp_dl_config.o(.text.SYSCFG_DL_initPower)
    SoundLight                               0x00001ab9   Thumb Code    28  app_utils.o(.text.SoundLight)
    TIMA0_IRQHandler                         0x00001ad9   Thumb Code    24  empty.o(.text.TIMA0_IRQHandler)
    TIMA1_IRQHandler                         0x00001af9   Thumb Code    20  sr04.o(.text.TIMA1_IRQHandler)
    TIMG0_IRQHandler                         0x00001b15   Thumb Code    40  empty.o(.text.TIMG0_IRQHandler)
    TIMG7_IRQHandler                         0x00001b49   Thumb Code    24  empty.o(.text.TIMG7_IRQHandler)
    Task_1                                   0x00001b69   Thumb Code    44  app_task.o(.text.Task_1)
    Task_2                                   0x00001b95   Thumb Code    56  app_task.o(.text.Task_2)
    Task_3                                   0x00001bcd   Thumb Code   316  app_task.o(.text.Task_3)
    Task_4                                   0x00001d09   Thumb Code   368  app_task.o(.text.Task_4)
    Task_select                              0x00001ead   Thumb Code   136  app_utils.o(.text.Task_select)
    UART0_IRQHandler                         0x00001f3d   Thumb Code   260  hc05.o(.text.UART0_IRQHandler)
    UART2_IRQHandler                         0x00002059   Thumb Code    24  jy901s.o(.text.UART2_IRQHandler)
    UpdateSoundLight                         0x00002079   Thumb Code    40  app_utils.o(.text.UpdateSoundLight)
    _sys_exit                                0x000020a9   Thumb Code     2  board.o(.text._sys_exit)
    angle1_pid_control                       0x000020ad   Thumb Code   144  angle.o(.text.angle1_pid_control)
    angle2_pid_control                       0x00002141   Thumb Code   124  angle.o(.text.angle2_pid_control)
    angleloop_pid_control                    0x000021d1   Thumb Code    16  angle.o(.text.angleloop_pid_control)
    board_init                               0x000021e1   Thumb Code     8  board.o(.text.board_init)
    capture_initial_yaw                      0x000021e9   Thumb Code    88  app_utils.o(.text.capture_initial_yaw)
    clear_distance1                          0x00002249   Thumb Code    20  distance.o(.text.clear_distance1)
    delay_ms                                 0x0000225d   Thumb Code    68  board.o(.text.delay_ms)
    encoder_Init                             0x000022a5   Thumb Code    16  encoder.o(.text.encoder_Init)
    get_distance1                            0x000022b5   Thumb Code    60  distance.o(.text.get_distance1)
    jy901s_Init                              0x000022f9   Thumb Code    16  jy901s.o(.text.jy901s_Init)
    jy901s_ReceiveData                       0x00002311   Thumb Code   168  jy901s.o(.text.jy901s_ReceiveData)
    main                                     0x000023d1   Thumb Code   112  empty.o(.text.main)
    motor_stop                               0x00002461   Thumb Code    24  motor.o(.text.motor_stop)
    params_clear                             0x0000247d   Thumb Code    60  app_utils.o(.text.params_clear)
    pid_Init                                 0x000024f1   Thumb Code    14  pid.o(.text.pid_Init)
    pid_cal                                  0x000024ff   Thumb Code   190  pid.o(.text.pid_cal)
    pidout_limit                             0x000025bd   Thumb Code    70  pid.o(.text.pidout_limit)
    speed2_pid_control                       0x00002605   Thumb Code   284  speed.o(.text.speed2_pid_control)
    speed_cal                                0x00002721   Thumb Code   196  speed.o(.text.speed_cal)
    speed_pid_control                        0x0000280d   Thumb Code   308  speed.o(.text.speed_pid_control)
    test                                     0x00002981   Thumb Code    20  test.o(.text.test)
    timer0_init                              0x000029a5   Thumb Code    16  timer.o(.text.timer0_init)
    timer1_init                              0x000029b5   Thumb Code    16  timer.o(.text.timer1_init)
    track1_pid_control                       0x000029cd   Thumb Code   304  gray_track.o(.text.track1_pid_control)
    track2_pid_control                       0x00002b01   Thumb Code   276  gray_track.o(.text.track2_pid_control)
    trackloop_pid_control                    0x00002c45   Thumb Code    24  gray_track.o(.text.trackloop_pid_control)
    __aeabi_fcmpge                           0x00002c5d   Thumb Code     0  fcmp.o(i._fgeq)
    _fgeq                                    0x00002c5d   Thumb Code    22  fcmp.o(i._fgeq)
    __aeabi_fcmpgt                           0x00002c73   Thumb Code     0  fcmp.o(i._fgr)
    _fgr                                     0x00002c73   Thumb Code    22  fcmp.o(i._fgr)
    __aeabi_fcmple                           0x00002c89   Thumb Code     0  fcmp.o(i._fleq)
    _fleq                                    0x00002c89   Thumb Code    26  fcmp.o(i._fleq)
    __aeabi_fadd                             0x00002ca5   Thumb Code     0  faddsub.o(x$fpl$fadd)
    _fadd                                    0x00002ca5   Thumb Code   134  faddsub.o(x$fpl$fadd)
    _fcmpge                                  0x00002d31   Thumb Code    78  fgef.o(x$fpl$fgeqf)
    __aeabi_cfcmple                          0x00002d85   Thumb Code     0  flef.o(x$fpl$fleqf)
    _fcmple                                  0x00002d85   Thumb Code    78  flef.o(x$fpl$fleqf)
    __aeabi_fmul                             0x00002dd9   Thumb Code     0  fmul.o(x$fpl$fmul)
    _fmul                                    0x00002dd9   Thumb Code   172  fmul.o(x$fpl$fmul)
    __aeabi_fsub                             0x00002e89   Thumb Code     0  faddsub.o(x$fpl$fsub)
    _fsub                                    0x00002e89   Thumb Code   204  faddsub.o(x$fpl$fsub)
    __I$use$fp                               0x00002f58   Number         0  usenofp.o(x$fpl$usenofp)
    Region$$Table$$Base                      0x000030d0   Number         0  anon$$obj.o(Region$$Table)
    Region$$Table$$Limit                     0x000030f0   Number         0  anon$$obj.o(Region$$Table)
    VelcityA_Ki                              0x20200000   Data           4  speed.o(.data.VelcityA_Ki)
    VelcityB_Ki                              0x20200004   Data           4  speed.o(.data.VelcityB_Ki)
    left                                     0x20200008   Data          16  gray_track.o(.data.left)
    motor_left_dir                           0x20200018   Data           1  motor.o(.data.motor_left_dir)
    motor_right_dir                          0x20200019   Data           1  motor.o(.data.motor_right_dir)
    right                                    0x2020001c   Data          16  gray_track.o(.data.right)
    __libspace_start                         0x20200030   Data          96  libspace.o(.bss)
    Get_Encoder_countA                       0x20200090   Data           4  encoder.o(.bss.Get_Encoder_countA)
    __temporary_stack_top$libspace           0x20200090   Data           0  libspace.o(.bss)
    Get_Encoder_countB                       0x20200094   Data           4  encoder.o(.bss.Get_Encoder_countB)
    KeyNum                                   0x20200098   Data           1  key.o(.bss.KeyNum)
    L1                                       0x2020009b   Data           1  gray.o(.bss.L1)
    L2                                       0x2020009c   Data           1  gray.o(.bss.L2)
    L3                                       0x2020009d   Data           1  gray.o(.bss.L3)
    L4                                       0x2020009e   Data           1  gray.o(.bss.L4)
    LineFlagCNT                              0x202000a0   Data           2  gray.o(.bss.LineFlagCNT)
    Line_flag                                0x202000a2   Data           2  gray.o(.bss.Line_flag)
    R1                                       0x202000a4   Data           1  gray.o(.bss.R1)
    R2                                       0x202000a5   Data           1  gray.o(.bss.R2)
    R3                                       0x202000a6   Data           1  gray.o(.bss.R3)
    R4                                       0x202000a7   Data           1  gray.o(.bss.R4)
    SoundLight_flag                          0x202000b5   Data           1  app_utils.o(.bss.SoundLight_flag)
    SoundLight_time                          0x202000b6   Data           2  app_utils.o(.bss.SoundLight_time)
    Task                                     0x202000b8   Data           1  empty.o(.bss.Task)
    VelcityA_Kp                              0x202000bc   Data           4  speed.o(.bss.VelcityA_Kp)
    VelcityB_Kp                              0x202000c0   Data           4  speed.o(.bss.VelcityB_Kp)
    Yaw                                      0x202000d4   Data           4  jy901s.o(.bss.Yaw)
    Yaw_update                               0x202000d8   Data           1  pid.o(.bss.Yaw_update)
    ang                                      0x202000da   Data           2  angle.o(.bss.ang)
    angle1                                   0x202000dc   Data          52  angle.o(.bss.angle1)
    angle2                                   0x20200110   Data          52  angle.o(.bss.angle2)
    angle_initial                            0x20200144   Data           4  app_utils.o(.bss.angle_initial)
    angle_tar                                0x20200148   Data           4  pid.o(.bss.angle_tar)
    baisetime                                0x2020014c   Data           2  gray.o(.bss.baisetime)
    basespeed                                0x20200150   Data           4  empty.o(.bss.basespeed)
    carL_dis                                 0x20200154   Data           4  distance.o(.bss.carL_dis)
    carR_dis                                 0x20200158   Data           4  distance.o(.bss.carR_dis)
    data_len                                 0x2020015c   Data           1  hc05.o(.bss.data_len)
    first_flag                               0x2020015d   Data           1  empty.o(.bss.first_flag)
    gPWMBackup                               0x20200160   Data         160  ti_msp_dl_config.o(.bss.gPWMBackup)
    gSPIBackup                               0x20200200   Data          40  ti_msp_dl_config.o(.bss.gSPIBackup)
    gTIMER_0Backup                           0x20200228   Data         188  ti_msp_dl_config.o(.bss.gTIMER_0Backup)
    gTIMER_2Backup                           0x202002e4   Data         188  ti_msp_dl_config.o(.bss.gTIMER_2Backup)
    gTIMER_3Backup                           0x202003a0   Data         160  ti_msp_dl_config.o(.bss.gTIMER_3Backup)
    lap_count                                0x20200440   Data           1  app_task.o(.bss.lap_count)
    msHcCount                                0x20200444   Data           4  sr04.o(.bss.msHcCount)
    nowtime                                  0x20200448   Data           4  imu.o(.bss.nowtime)
    pid_flag                                 0x2020044c   Data           1  pid.o(.bss.pid_flag)
    rx_buf                                   0x2020044d   Data         256  hc05.o(.bss.rx_buf)
    rx_index                                 0x2020054d   Data           1  hc05.o(.bss.rx_index)
    rx_state                                 0x2020054e   Data           1  hc05.o(.bss.rx_state)
    speedA                                   0x20200550   Data           4  speed.o(.bss.speedA)
    speedB                                   0x20200554   Data           4  speed.o(.bss.speedB)
    speed_tar                                0x20200568   Data           4  pid.o(.bss.speed_tar)
    start_flag                               0x2020056c   Data           1  empty.o(.bss.start_flag)
    time_10ms                                0x2020056d   Data           1  empty.o(.bss.time_10ms)
    trackLine1                               0x20200570   Data          52  gray_track.o(.bss.trackLine1)
    trackLine2                               0x202005a4   Data          52  gray_track.o(.bss.trackLine2)
    turn_flag                                0x202005d8   Data           1  app_task.o(.bss.turn_flag)
    turn_time                                0x202005da   Data           2  app_task.o(.bss.turn_time)
    workstep                                 0x202005dc   Data           1  app_task.o(.bss.workstep)



==============================================================================

Memory Map of the image

  Image Entry point : 0x000000c1

  Load Region LR_IROM1 (Base: 0x00000000, Size: 0x00003120, Max: 0x00020000, ABSOLUTE)

    Execution Region ER_IROM1 (Exec base: 0x00000000, Load base: 0x00000000, Size: 0x000030f0, Max: 0x00020000, ABSOLUTE)

    Exec Addr    Load Addr    Size         Type   Attr      Idx    E Section Name        Object

    0x00000000   0x00000000   0x000000c0   Data   RO          531    RESET               startup_mspm0g350x_uvision.o
    0x000000c0   0x000000c0   0x00000008   Code   RO         1515  * !!!main             c_p.l(__main.o)
    0x000000c8   0x000000c8   0x00000054   Code   RO         1816    !!!scatter          c_p.l(__scatter.o)
    0x0000011c   0x0000011c   0x00000004   PAD
    0x00000120   0x00000120   0x0000001a   Code   RO         1820    !!handler_copy      c_p.l(__scatter_copy.o)
    0x0000013a   0x0000013a   0x00000006   PAD
    0x00000140   0x00000140   0x00000002   Code   RO         1817    !!handler_null      c_p.l(__scatter.o)
    0x00000142   0x00000142   0x00000006   PAD
    0x00000148   0x00000148   0x0000001c   Code   RO         1822    !!handler_zi        c_p.l(__scatter_zi.o)
    0x00000164   0x00000164   0x00000002   Code   RO         1676    .ARM.Collect$$libinit$$00000000  c_p.l(libinit.o)
    0x00000166   0x00000166   0x00000000   Code   RO         1693    .ARM.Collect$$libinit$$00000002  c_p.l(libinit2.o)
    0x00000166   0x00000166   0x00000000   Code   RO         1695    .ARM.Collect$$libinit$$00000004  c_p.l(libinit2.o)
    0x00000166   0x00000166   0x00000000   Code   RO         1697    .ARM.Collect$$libinit$$00000006  c_p.l(libinit2.o)
    0x00000166   0x00000166   0x00000000   Code   RO         1700    .ARM.Collect$$libinit$$0000000C  c_p.l(libinit2.o)
    0x00000166   0x00000166   0x00000000   Code   RO         1702    .ARM.Collect$$libinit$$0000000E  c_p.l(libinit2.o)
    0x00000166   0x00000166   0x00000000   Code   RO         1704    .ARM.Collect$$libinit$$00000010  c_p.l(libinit2.o)
    0x00000166   0x00000166   0x00000000   Code   RO         1707    .ARM.Collect$$libinit$$00000013  c_p.l(libinit2.o)
    0x00000166   0x00000166   0x00000000   Code   RO         1709    .ARM.Collect$$libinit$$00000015  c_p.l(libinit2.o)
    0x00000166   0x00000166   0x00000000   Code   RO         1711    .ARM.Collect$$libinit$$00000017  c_p.l(libinit2.o)
    0x00000166   0x00000166   0x00000000   Code   RO         1713    .ARM.Collect$$libinit$$00000019  c_p.l(libinit2.o)
    0x00000166   0x00000166   0x00000000   Code   RO         1715    .ARM.Collect$$libinit$$0000001B  c_p.l(libinit2.o)
    0x00000166   0x00000166   0x00000000   Code   RO         1717    .ARM.Collect$$libinit$$0000001D  c_p.l(libinit2.o)
    0x00000166   0x00000166   0x00000000   Code   RO         1719    .ARM.Collect$$libinit$$0000001F  c_p.l(libinit2.o)
    0x00000166   0x00000166   0x00000000   Code   RO         1721    .ARM.Collect$$libinit$$00000021  c_p.l(libinit2.o)
    0x00000166   0x00000166   0x00000000   Code   RO         1723    .ARM.Collect$$libinit$$00000023  c_p.l(libinit2.o)
    0x00000166   0x00000166   0x00000000   Code   RO         1725    .ARM.Collect$$libinit$$00000025  c_p.l(libinit2.o)
    0x00000166   0x00000166   0x00000000   Code   RO         1727    .ARM.Collect$$libinit$$00000027  c_p.l(libinit2.o)
    0x00000166   0x00000166   0x00000000   Code   RO         1731    .ARM.Collect$$libinit$$0000002E  c_p.l(libinit2.o)
    0x00000166   0x00000166   0x00000000   Code   RO         1733    .ARM.Collect$$libinit$$00000030  c_p.l(libinit2.o)
    0x00000166   0x00000166   0x00000000   Code   RO         1735    .ARM.Collect$$libinit$$00000032  c_p.l(libinit2.o)
    0x00000166   0x00000166   0x00000000   Code   RO         1737    .ARM.Collect$$libinit$$00000034  c_p.l(libinit2.o)
    0x00000166   0x00000166   0x00000002   Code   RO         1738    .ARM.Collect$$libinit$$00000035  c_p.l(libinit2.o)
    0x00000168   0x00000168   0x00000002   Code   RO         1768    .ARM.Collect$$libshutdown$$00000000  c_p.l(libshutdown.o)
    0x0000016a   0x0000016a   0x00000000   Code   RO         1799    .ARM.Collect$$libshutdown$$00000002  c_p.l(libshutdown2.o)
    0x0000016a   0x0000016a   0x00000000   Code   RO         1801    .ARM.Collect$$libshutdown$$00000004  c_p.l(libshutdown2.o)
    0x0000016a   0x0000016a   0x00000000   Code   RO         1804    .ARM.Collect$$libshutdown$$00000007  c_p.l(libshutdown2.o)
    0x0000016a   0x0000016a   0x00000000   Code   RO         1807    .ARM.Collect$$libshutdown$$0000000A  c_p.l(libshutdown2.o)
    0x0000016a   0x0000016a   0x00000000   Code   RO         1809    .ARM.Collect$$libshutdown$$0000000C  c_p.l(libshutdown2.o)
    0x0000016a   0x0000016a   0x00000000   Code   RO         1812    .ARM.Collect$$libshutdown$$0000000F  c_p.l(libshutdown2.o)
    0x0000016a   0x0000016a   0x00000002   Code   RO         1813    .ARM.Collect$$libshutdown$$00000010  c_p.l(libshutdown2.o)
    0x0000016c   0x0000016c   0x00000000   Code   RO         1568    .ARM.Collect$$rtentry$$00000000  c_p.l(__rtentry.o)
    0x0000016c   0x0000016c   0x00000000   Code   RO         1624    .ARM.Collect$$rtentry$$00000002  c_p.l(__rtentry2.o)
    0x0000016c   0x0000016c   0x00000006   Code   RO         1636    .ARM.Collect$$rtentry$$00000004  c_p.l(__rtentry4.o)
    0x00000172   0x00000172   0x00000000   Code   RO         1626    .ARM.Collect$$rtentry$$00000009  c_p.l(__rtentry2.o)
    0x00000172   0x00000172   0x00000004   Code   RO         1627    .ARM.Collect$$rtentry$$0000000A  c_p.l(__rtentry2.o)
    0x00000176   0x00000176   0x00000000   Code   RO         1629    .ARM.Collect$$rtentry$$0000000C  c_p.l(__rtentry2.o)
    0x00000176   0x00000176   0x00000008   Code   RO         1630    .ARM.Collect$$rtentry$$0000000D  c_p.l(__rtentry2.o)
    0x0000017e   0x0000017e   0x00000002   Code   RO         1684    .ARM.Collect$$rtexit$$00000000  c_p.l(rtexit.o)
    0x00000180   0x00000180   0x00000000   Code   RO         1742    .ARM.Collect$$rtexit$$00000002  c_p.l(rtexit2.o)
    0x00000180   0x00000180   0x00000004   Code   RO         1743    .ARM.Collect$$rtexit$$00000003  c_p.l(rtexit2.o)
    0x00000184   0x00000184   0x00000006   Code   RO         1744    .ARM.Collect$$rtexit$$00000004  c_p.l(rtexit2.o)
    0x0000018a   0x0000018a   0x00000002   PAD
    0x0000018c   0x0000018c   0x00000030   Code   RO          532    .text               startup_mspm0g350x_uvision.o
    0x000001bc   0x000001bc   0x00000006   Code   RO         1513    .text               c_p.l(heapauxi.o)
    0x000001c2   0x000001c2   0x00000002   PAD
    0x000001c4   0x000001c4   0x0000007c   Code   RO         1517    .text               fz_ps.l(d2f.o)
    0x00000240   0x00000240   0x00000448   Code   RO         1521    .text               fz_ps.l(ddiv.o)
    0x00000688   0x00000688   0x00000058   Code   RO         1524    .text               fz_ps.l(dflti.o)
    0x000006e0   0x000006e0   0x00000248   Code   RO         1526    .text               fz_ps.l(dmul.o)
    0x00000928   0x00000928   0x00000054   Code   RO         1528    .text               fz_ps.l(f2d.o)
    0x0000097c   0x0000097c   0x00000160   Code   RO         1548    .text               fz_ps.l(fdiv.o)
    0x00000adc   0x00000adc   0x0000004c   Code   RO         1551    .text               fz_ps.l(ffixi.o)
    0x00000b28   0x00000b28   0x00000030   Code   RO         1553    .text               fz_ps.l(ffixui.o)
    0x00000b58   0x00000b58   0x0000005e   Code   RO         1555    .text               fz_ps.l(fflti.o)
    0x00000bb6   0x00000bb6   0x00000002   PAD
    0x00000bb8   0x00000bb8   0x00000064   Code   RO         1655    .text               fz_ps.l(fcmpin.o)
    0x00000c1c   0x00000c1c   0x00000008   Code   RO         1657    .text               c_p.l(libspace.o)
    0x00000c24   0x00000c24   0x0000003e   Code   RO         1660    .text               c_p.l(sys_stackheap_outer.o)
    0x00000c62   0x00000c62   0x00000010   Code   RO         1665    .text               c_p.l(exit.o)
    0x00000c72   0x00000c72   0x0000002e   Code   RO         1677    .text               fz_ps.l(cmpret.o)
    0x00000ca0   0x00000ca0   0x00000010   Code   RO         1681    .text               fz_ps.l(fnan2.o)
    0x00000cb0   0x00000cb0   0x0000005e   Code   RO         1739    .text               fz_ps.l(retnan.o)
    0x00000d0e   0x00000d0e   0x00000002   PAD
    0x00000d10   0x00000d10   0x00000010   Code   RO           84    .text.Buzzer_OFF    buzzer.o
    0x00000d20   0x00000d20   0x00000010   Code   RO           86    .text.Buzzer_ON     buzzer.o
    0x00000d30   0x00000d30   0x0000000a   Code   RO         1253    .text.DL_Common_delayCycles  dl_common.o
    0x00000d3a   0x00000d3a   0x00000002   PAD
    0x00000d3c   0x00000d3c   0x00000044   Code   RO          748    .text.DL_SPI_init   dl_spi.o
    0x00000d80   0x00000d80   0x00000012   Code   RO          750    .text.DL_SPI_setClockConfig  dl_spi.o
    0x00000d92   0x00000d92   0x00000002   PAD
    0x00000d94   0x00000d94   0x000000c4   Code   RO         1409    .text.DL_SYSCTL_configSYSPLL  driverlib.a(dl_sysctl_mspm0g1x0x_g3x0x.o)
    0x00000e58   0x00000e58   0x00000050   Code   RO         1423    .text.DL_SYSCTL_setHFCLKSourceHFXTParams  driverlib.a(dl_sysctl_mspm0g1x0x_g3x0x.o)
    0x00000ea8   0x00000ea8   0x00000028   Code   RO         1417    .text.DL_SYSCTL_switchMCLKfromSYSOSCtoHSCLK  driverlib.a(dl_sysctl_mspm0g1x0x_g3x0x.o)
    0x00000ed0   0x00000ed0   0x00000070   Code   RO          727    .text.DL_Timer_initFourCCPWMMode  dl_timer.o
    0x00000f40   0x00000f40   0x000000c0   Code   RO          687    .text.DL_Timer_initPWMMode  dl_timer.o
    0x00001000   0x00001000   0x000000e8   Code   RO          669    .text.DL_Timer_initTimerMode  dl_timer.o
    0x000010e8   0x000010e8   0x0000001c   Code   RO          701    .text.DL_Timer_setCaptCompUpdateMethod  dl_timer.o
    0x00001104   0x00001104   0x00000018   Code   RO          691    .text.DL_Timer_setCaptureCompareOutCtl  dl_timer.o
    0x0000111c   0x0000111c   0x00000010   Code   RO          671    .text.DL_Timer_setCaptureCompareValue  dl_timer.o
    0x0000112c   0x0000112c   0x0000001c   Code   RO          665    .text.DL_Timer_setClockConfig  dl_timer.o
    0x00001148   0x00001148   0x00000048   Code   RO          613    .text.DL_UART_init  dl_uart.o
    0x00001190   0x00001190   0x00000012   Code   RO          615    .text.DL_UART_setClockConfig  dl_uart.o
    0x000011a2   0x000011a2   0x00000002   PAD
    0x000011a4   0x000011a4   0x0000009c   Code   RO          182    .text.GROUP1_IRQHandler  encoder.o
    0x00001240   0x00001240   0x000000a8   Code   RO          196    .text.Get_Light_TTL  gray.o
    0x000012e8   0x000012e8   0x00000098   Code   RO          194    .text.Gray_Read     gray.o
    0x00001380   0x00001380   0x00000018   Code   RO          317    .text.HC05_Init     hc05.o
    0x00001398   0x00001398   0x00000010   Code   RO           56    .text.Key_GetNum    key.o
    0x000013a8   0x000013a8   0x00000060   Code   RO           54    .text.Key_Tick      key.o
    0x00001408   0x00001408   0x0000000c   Code   RO           71    .text.LED_Blue_OFF  led.o
    0x00001414   0x00001414   0x0000000c   Code   RO           69    .text.LED_Blue_ON   led.o
    0x00001420   0x00001420   0x00000010   Code   RO           75    .text.LED_Green_OFF  led.o
    0x00001430   0x00001430   0x0000000c   Code   RO           73    .text.LED_Green_ON  led.o
    0x0000143c   0x0000143c   0x00000034   Code   RO          164    .text.Motor_left_Control  motor.o
    0x00001470   0x00001470   0x00000038   Code   RO          166    .text.Motor_right_Control  motor.o
    0x000014a8   0x000014a8   0x00000088   Code   RO          347    .text.PID_select    pid.o
    0x00001530   0x00001530   0x00000118   Code   RO          543    .text.SYSCFG_DL_GPIO_init  ti_msp_dl_config.o
    0x00001648   0x00001648   0x0000007c   Code   RO          547    .text.SYSCFG_DL_PWM_init  ti_msp_dl_config.o
    0x000016c4   0x000016c4   0x0000004c   Code   RO          561    .text.SYSCFG_DL_SPI_init  ti_msp_dl_config.o
    0x00001710   0x00001710   0x0000007c   Code   RO          545    .text.SYSCFG_DL_SYSCTL_init  ti_msp_dl_config.o
    0x0000178c   0x0000178c   0x0000001c   Code   RO          563    .text.SYSCFG_DL_SYSTICK_init  ti_msp_dl_config.o
    0x000017a8   0x000017a8   0x00000044   Code   RO          549    .text.SYSCFG_DL_TIMER_0_init  ti_msp_dl_config.o
    0x000017ec   0x000017ec   0x00000048   Code   RO          551    .text.SYSCFG_DL_TIMER_1_init  ti_msp_dl_config.o
    0x00001834   0x00001834   0x00000050   Code   RO          553    .text.SYSCFG_DL_TIMER_2_init  ti_msp_dl_config.o
    0x00001884   0x00001884   0x0000004c   Code   RO          555    .text.SYSCFG_DL_TIMER_3_init  ti_msp_dl_config.o
    0x000018d0   0x000018d0   0x0000007c   Code   RO          559    .text.SYSCFG_DL_UART_0_init  ti_msp_dl_config.o
    0x0000194c   0x0000194c   0x00000080   Code   RO          557    .text.SYSCFG_DL_UART_2_init  ti_msp_dl_config.o
    0x000019cc   0x000019cc   0x00000064   Code   RO          539    .text.SYSCFG_DL_init  ti_msp_dl_config.o
    0x00001a30   0x00001a30   0x00000088   Code   RO          541    .text.SYSCFG_DL_initPower  ti_msp_dl_config.o
    0x00001ab8   0x00001ab8   0x00000020   Code   RO          485    .text.SoundLight    app_utils.o
    0x00001ad8   0x00001ad8   0x00000020   Code   RO          511    .text.TIMA0_IRQHandler  empty.o
    0x00001af8   0x00001af8   0x0000001c   Code   RO          302    .text.TIMA1_IRQHandler  sr04.o
    0x00001b14   0x00001b14   0x00000034   Code   RO          513    .text.TIMG0_IRQHandler  empty.o
    0x00001b48   0x00001b48   0x00000020   Code   RO          515    .text.TIMG7_IRQHandler  empty.o
    0x00001b68   0x00001b68   0x0000002c   Code   RO          460    .text.Task_1        app_task.o
    0x00001b94   0x00001b94   0x00000038   Code   RO          462    .text.Task_2        app_task.o
    0x00001bcc   0x00001bcc   0x0000013c   Code   RO          464    .text.Task_3        app_task.o
    0x00001d08   0x00001d08   0x000001a4   Code   RO          466    .text.Task_4        app_task.o
    0x00001eac   0x00001eac   0x00000090   Code   RO          481    .text.Task_select   app_utils.o
    0x00001f3c   0x00001f3c   0x0000011c   Code   RO          325    .text.UART0_IRQHandler  hc05.o
    0x00002058   0x00002058   0x00000020   Code   RO          220    .text.UART2_IRQHandler  jy901s.o
    0x00002078   0x00002078   0x00000030   Code   RO          487    .text.UpdateSoundLight  app_utils.o
    0x000020a8   0x000020a8   0x00000002   Code   RO           16    .text._sys_exit     board.o
    0x000020aa   0x000020aa   0x00000002   PAD
    0x000020ac   0x000020ac   0x00000094   Code   RO          395    .text.angle1_pid_control  angle.o
    0x00002140   0x00002140   0x00000090   Code   RO          397    .text.angle2_pid_control  angle.o
    0x000021d0   0x000021d0   0x00000010   Code   RO          399    .text.angleloop_pid_control  angle.o
    0x000021e0   0x000021e0   0x00000008   Code   RO            2    .text.board_init    board.o
    0x000021e8   0x000021e8   0x00000060   Code   RO          483    .text.capture_initial_yaw  app_utils.o
    0x00002248   0x00002248   0x00000014   Code   RO          414    .text.clear_distance1  distance.o
    0x0000225c   0x0000225c   0x00000048   Code   RO            6    .text.delay_ms      board.o
    0x000022a4   0x000022a4   0x00000010   Code   RO          180    .text.encoder_Init  encoder.o
    0x000022b4   0x000022b4   0x00000044   Code   RO          412    .text.get_distance1  distance.o
    0x000022f8   0x000022f8   0x00000018   Code   RO          216    .text.jy901s_Init   jy901s.o
    0x00002310   0x00002310   0x000000c0   Code   RO          218    .text.jy901s_ReceiveData  jy901s.o
    0x000023d0   0x000023d0   0x00000090   Code   RO          509    .text.main          empty.o
    0x00002460   0x00002460   0x0000001c   Code   RO          168    .text.motor_stop    motor.o
    0x0000247c   0x0000247c   0x00000074   Code   RO          489    .text.params_clear  app_utils.o
    0x000024f0   0x000024f0   0x0000000e   Code   RO          339    .text.pid_Init      pid.o
    0x000024fe   0x000024fe   0x000000be   Code   RO          343    .text.pid_cal       pid.o
    0x000025bc   0x000025bc   0x00000046   Code   RO          345    .text.pidout_limit  pid.o
    0x00002602   0x00002602   0x00000002   PAD
    0x00002604   0x00002604   0x0000011c   Code   RO          367    .text.speed2_pid_control  speed.o
    0x00002720   0x00002720   0x000000ec   Code   RO          361    .text.speed_cal     speed.o
    0x0000280c   0x0000280c   0x00000174   Code   RO          369    .text.speed_pid_control  speed.o
    0x00002980   0x00002980   0x00000024   Code   RO          501    .text.test          test.o
    0x000029a4   0x000029a4   0x00000010   Code   RO           29    .text.timer0_init   timer.o
    0x000029b4   0x000029b4   0x00000018   Code   RO           31    .text.timer1_init   timer.o
    0x000029cc   0x000029cc   0x00000134   Code   RO          442    .text.track1_pid_control  gray_track.o
    0x00002b00   0x00002b00   0x00000144   Code   RO          444    .text.track2_pid_control  gray_track.o
    0x00002c44   0x00002c44   0x00000018   Code   RO          446    .text.trackloop_pid_control  gray_track.o
    0x00002c5c   0x00002c5c   0x00000016   Code   RO         1537    i._fgeq             fz_ps.l(fcmp.o)
    0x00002c72   0x00002c72   0x00000016   Code   RO         1538    i._fgr              fz_ps.l(fcmp.o)
    0x00002c88   0x00002c88   0x0000001a   Code   RO         1539    i._fleq             fz_ps.l(fcmp.o)
    0x00002ca2   0x00002ca2   0x00000002   PAD
    0x00002ca4   0x00002ca4   0x0000008c   Code   RO         1530    x$fpl$fadd          fz_ps.l(faddsub.o)
    0x00002d30   0x00002d30   0x00000054   Code   RO         1590    x$fpl$fgeqf         fz_ps.l(fgef.o)
    0x00002d84   0x00002d84   0x00000054   Code   RO         1592    x$fpl$fleqf         fz_ps.l(flef.o)
    0x00002dd8   0x00002dd8   0x000000b0   Code   RO         1557    x$fpl$fmul          fz_ps.l(fmul.o)
    0x00002e88   0x00002e88   0x000000d0   Code   RO         1532    x$fpl$fsub          fz_ps.l(faddsub.o)
    0x00002f58   0x00002f58   0x00000000   Code   RO         1594    x$fpl$usenofp       fz_ps.l(usenofp.o)
    0x00002f58   0x00002f58   0x00000080   Data   RO         1522    .constdata          fz_ps.l(ddiv.o)
    0x00002fd8   0x00002fd8   0x00000040   Data   RO         1549    .constdata          fz_ps.l(fdiv.o)
    0x00003018   0x00003018   0x00000003   Data   RO          575    .rodata.gPWMClockConfig  ti_msp_dl_config.o
    0x0000301b   0x0000301b   0x00000001   PAD
    0x0000301c   0x0000301c   0x00000008   Data   RO          576    .rodata.gPWMConfig  ti_msp_dl_config.o
    0x00003024   0x00003024   0x00000002   Data   RO          589    .rodata.gSPI_clockConfig  ti_msp_dl_config.o
    0x00003026   0x00003026   0x0000000a   Data   RO          590    .rodata.gSPI_config  ti_msp_dl_config.o
    0x00003030   0x00003030   0x00000028   Data   RO          574    .rodata.gSYSPLLConfig  ti_msp_dl_config.o
    0x00003058   0x00003058   0x00000003   Data   RO          577    .rodata.gTIMER_0ClockConfig  ti_msp_dl_config.o
    0x0000305b   0x0000305b   0x00000001   PAD
    0x0000305c   0x0000305c   0x00000014   Data   RO          578    .rodata.gTIMER_0TimerConfig  ti_msp_dl_config.o
    0x00003070   0x00003070   0x00000003   Data   RO          579    .rodata.gTIMER_1ClockConfig  ti_msp_dl_config.o
    0x00003073   0x00003073   0x00000001   PAD
    0x00003074   0x00003074   0x00000014   Data   RO          580    .rodata.gTIMER_1TimerConfig  ti_msp_dl_config.o
    0x00003088   0x00003088   0x00000003   Data   RO          581    .rodata.gTIMER_2ClockConfig  ti_msp_dl_config.o
    0x0000308b   0x0000308b   0x00000001   PAD
    0x0000308c   0x0000308c   0x00000014   Data   RO          582    .rodata.gTIMER_2TimerConfig  ti_msp_dl_config.o
    0x000030a0   0x000030a0   0x00000003   Data   RO          583    .rodata.gTIMER_3ClockConfig  ti_msp_dl_config.o
    0x000030a3   0x000030a3   0x00000001   PAD
    0x000030a4   0x000030a4   0x00000014   Data   RO          584    .rodata.gTIMER_3TimerConfig  ti_msp_dl_config.o
    0x000030b8   0x000030b8   0x00000002   Data   RO          587    .rodata.gUART_0ClockConfig  ti_msp_dl_config.o
    0x000030ba   0x000030ba   0x0000000a   Data   RO          588    .rodata.gUART_0Config  ti_msp_dl_config.o
    0x000030c4   0x000030c4   0x00000002   Data   RO          585    .rodata.gUART_2ClockConfig  ti_msp_dl_config.o
    0x000030c6   0x000030c6   0x0000000a   Data   RO          586    .rodata.gUART_2Config  ti_msp_dl_config.o
    0x000030d0   0x000030d0   0x00000020   Data   RO         1815    Region$$Table       anon$$obj.o


    Execution Region RW_IRAM2 (Exec base: 0x20200000, Load base: 0x000030f0, Size: 0x000019e0, Max: 0x00008000, ABSOLUTE)

    Exec Addr    Load Addr    Size         Type   Attr      Idx    E Section Name        Object

    0x20200000   0x000030f0   0x00000004   Data   RW          371    .data.VelcityA_Ki   speed.o
    0x20200004   0x000030f4   0x00000004   Data   RW          373    .data.VelcityB_Ki   speed.o
    0x20200008   0x000030f8   0x00000010   Data   RW          448    .data.left          gray_track.o
    0x20200018   0x00003108   0x00000001   Data   RW          170    .data.motor_left_dir  motor.o
    0x20200019   0x00003109   0x00000001   Data   RW          171    .data.motor_right_dir  motor.o
    0x2020001a   0x0000310a   0x00000002   PAD
    0x2020001c   0x0000310c   0x00000010   Data   RW          449    .data.right         gray_track.o
    0x2020002c   0x0000311c   0x00000004   PAD
    0x20200030        -       0x00000060   Zero   RW         1658    .bss                c_p.l(libspace.o)
    0x20200090        -       0x00000004   Zero   RW          184    .bss.Get_Encoder_countA  encoder.o
    0x20200094        -       0x00000004   Zero   RW          185    .bss.Get_Encoder_countB  encoder.o
    0x20200098        -       0x00000001   Zero   RW           58    .bss.KeyNum         key.o
    0x20200099        -       0x00000001   Zero   RW           59    .bss.Key_Tick.Count  key.o
    0x2020009a        -       0x00000001   Zero   RW           60    .bss.Key_Tick.CurrState  key.o
    0x2020009b        -       0x00000001   Zero   RW          205    .bss.L1             gray.o
    0x2020009c        -       0x00000001   Zero   RW          206    .bss.L2             gray.o
    0x2020009d        -       0x00000001   Zero   RW          207    .bss.L3             gray.o
    0x2020009e        -       0x00000001   Zero   RW          208    .bss.L4             gray.o
    0x2020009f   0x0000311c   0x00000001   PAD
    0x202000a0        -       0x00000002   Zero   RW          200    .bss.LineFlagCNT    gray.o
    0x202000a2        -       0x00000002   Zero   RW          199    .bss.Line_flag      gray.o
    0x202000a4        -       0x00000001   Zero   RW          204    .bss.R1             gray.o
    0x202000a5        -       0x00000001   Zero   RW          203    .bss.R2             gray.o
    0x202000a6        -       0x00000001   Zero   RW          202    .bss.R3             gray.o
    0x202000a7        -       0x00000001   Zero   RW          201    .bss.R4             gray.o
    0x202000a8        -       0x0000000b   Zero   RW          223    .bss.RxBuffer       jy901s.o
    0x202000b3        -       0x00000001   Zero   RW          224    .bss.RxIndex        jy901s.o
    0x202000b4        -       0x00000001   Zero   RW          222    .bss.RxState        jy901s.o
    0x202000b5        -       0x00000001   Zero   RW          491    .bss.SoundLight_flag  app_utils.o
    0x202000b6        -       0x00000002   Zero   RW          492    .bss.SoundLight_time  app_utils.o
    0x202000b8        -       0x00000001   Zero   RW          517    .bss.Task           empty.o
    0x202000b9   0x0000311c   0x00000003   PAD
    0x202000bc        -       0x00000004   Zero   RW          372    .bss.VelcityA_Kp    speed.o
    0x202000c0        -       0x00000004   Zero   RW          374    .bss.VelcityB_Kp    speed.o
    0x202000c4        -       0x00000004   Zero   RW          381    .bss.Velocity_A.ControlVelocityA  speed.o
    0x202000c8        -       0x00000004   Zero   RW          382    .bss.Velocity_A.Last_biasA  speed.o
    0x202000cc        -       0x00000004   Zero   RW          383    .bss.Velocity_B.ControlVelocityB  speed.o
    0x202000d0        -       0x00000004   Zero   RW          384    .bss.Velocity_B.Last_biasB  speed.o
    0x202000d4        -       0x00000004   Zero   RW          225    .bss.Yaw            jy901s.o
    0x202000d8        -       0x00000001   Zero   RW          352    .bss.Yaw_update     pid.o
    0x202000d9   0x0000311c   0x00000001   PAD
    0x202000da        -       0x00000002   Zero   RW          401    .bss.ang            angle.o
    0x202000dc        -       0x00000034   Zero   RW          402    .bss.angle1         angle.o
    0x20200110        -       0x00000034   Zero   RW          403    .bss.angle2         angle.o
    0x20200144        -       0x00000004   Zero   RW          493    .bss.angle_initial  app_utils.o
    0x20200148        -       0x00000004   Zero   RW          350    .bss.angle_tar      pid.o
    0x2020014c        -       0x00000002   Zero   RW          198    .bss.baisetime      gray.o
    0x2020014e   0x0000311c   0x00000002   PAD
    0x20200150        -       0x00000004   Zero   RW          520    .bss.basespeed      empty.o
    0x20200154        -       0x00000004   Zero   RW          426    .bss.carL_dis       distance.o
    0x20200158        -       0x00000004   Zero   RW          427    .bss.carR_dis       distance.o
    0x2020015c        -       0x00000001   Zero   RW          329    .bss.data_len       hc05.o
    0x2020015d        -       0x00000001   Zero   RW          519    .bss.first_flag     empty.o
    0x2020015e   0x0000311c   0x00000002   PAD
    0x20200160        -       0x000000a0   Zero   RW          569    .bss.gPWMBackup     ti_msp_dl_config.o
    0x20200200        -       0x00000028   Zero   RW          573    .bss.gSPIBackup     ti_msp_dl_config.o
    0x20200228        -       0x000000bc   Zero   RW          570    .bss.gTIMER_0Backup  ti_msp_dl_config.o
    0x202002e4        -       0x000000bc   Zero   RW          571    .bss.gTIMER_2Backup  ti_msp_dl_config.o
    0x202003a0        -       0x000000a0   Zero   RW          572    .bss.gTIMER_3Backup  ti_msp_dl_config.o
    0x20200440        -       0x00000001   Zero   RW          471    .bss.lap_count      app_task.o
    0x20200441   0x0000311c   0x00000003   PAD
    0x20200444        -       0x00000004   Zero   RW          306    .bss.msHcCount      sr04.o
    0x20200448        -       0x00000004   Zero   RW          258    .bss.nowtime        imu.o
    0x2020044c        -       0x00000001   Zero   RW          351    .bss.pid_flag       pid.o
    0x2020044d        -       0x00000100   Zero   RW          330    .bss.rx_buf         hc05.o
    0x2020054d        -       0x00000001   Zero   RW          328    .bss.rx_index       hc05.o
    0x2020054e        -       0x00000001   Zero   RW          327    .bss.rx_state       hc05.o
    0x2020054f   0x0000311c   0x00000001   PAD
    0x20200550        -       0x00000004   Zero   RW          375    .bss.speedA         speed.o
    0x20200554        -       0x00000004   Zero   RW          376    .bss.speedB         speed.o
    0x20200558        -       0x00000004   Zero   RW          377    .bss.speed_cal.last_countA  speed.o
    0x2020055c        -       0x00000004   Zero   RW          378    .bss.speed_cal.last_countB  speed.o
    0x20200560        -       0x00000004   Zero   RW          379    .bss.speed_cal.last_speedA  speed.o
    0x20200564        -       0x00000004   Zero   RW          380    .bss.speed_cal.last_speedB  speed.o
    0x20200568        -       0x00000004   Zero   RW          349    .bss.speed_tar      pid.o
    0x2020056c        -       0x00000001   Zero   RW          518    .bss.start_flag     empty.o
    0x2020056d        -       0x00000001   Zero   RW          521    .bss.time_10ms      empty.o
    0x2020056e   0x0000311c   0x00000002   PAD
    0x20200570        -       0x00000034   Zero   RW          450    .bss.trackLine1     gray_track.o
    0x202005a4        -       0x00000034   Zero   RW          451    .bss.trackLine2     gray_track.o
    0x202005d8        -       0x00000001   Zero   RW          470    .bss.turn_flag      app_task.o
    0x202005d9   0x0000311c   0x00000001   PAD
    0x202005da        -       0x00000002   Zero   RW          469    .bss.turn_time      app_task.o
    0x202005dc        -       0x00000001   Zero   RW          468    .bss.workstep       app_task.o
    0x202005dd   0x0000311c   0x00000003   PAD
    0x202005e0        -       0x00001000   Zero   RW          530    HEAP                startup_mspm0g350x_uvision.o
    0x202015e0        -       0x00000400   Zero   RW          529    STACK               startup_mspm0g350x_uvision.o



  Load Region LR_BCR (Base: 0x41c00000, Size: 0x00000000, Max: 0x00000100, ABSOLUTE)

    Execution Region BCR_CONFIG (Exec base: 0x41c00000, Load base: 0x41c00000, Size: 0x00000000, Max: 0x00000080, ABSOLUTE)

    **** No section assigned to this execution region ****



  Load Region LR_BSL (Base: 0x41c00100, Size: 0x00000000, Max: 0x00000100, ABSOLUTE)

    Execution Region BSL_CONFIG (Exec base: 0x41c00100, Load base: 0x41c00100, Size: 0x00000000, Max: 0x00000080, ABSOLUTE)

    **** No section assigned to this execution region ****


==============================================================================

Image component sizes


      Code (inc. data)   RO Data    RW Data    ZI Data      Debug   Object Name

       308         24          0          0        106       1998   angle.o
       836         70          0          0          5       1565   app_task.o
       436         88          0          0          7       1465   app_utils.o
        82          4          0          0          0       6713   board.o
        32          8          0          0          0       3564   buzzer.o
        88          8          0          0          8       2862   distance.o
        10          0          0          0          0        572   dl_common.o
        86          8          0          0          0      15686   dl_spi.o
       632        192          0          0          0      31877   dl_timer.o
        90          8          0          0          0      14497   dl_uart.o
       260         60          0          0          8       4630   empty.o
       172         16          0          0          8       5740   encoder.o
       320         48          0          0         14       4331   gray.o
       656         52          0         32        104       2077   gray_track.o
       308         40          0          0        259      10600   hc05.o
         0          0          0          0          4       6486   imu.o
       248         40          0          0         17       5811   jy901s.o
       112         20          0          0          3       4271   key.o
        52          4          0          0          0       3817   led.o
       136         16          0          2          0       7221   motor.o
       410         26          0          0         10       2005   pid.o
       892        104          0          8         48       3461   speed.o
        28          8          0          0          4       9555   sr04.o
        48         22        192          0       5120        680   startup_mspm0g350x_uvision.o
        36         16          0          0          0        348   test.o
      1416        320        179          0        736      39924   ti_msp_dl_config.o
        40          8          0          0          0       2412   timer.o

    ----------------------------------------------------------------------
      7744       1210        408         44       6484     194168   Object Totals
         0          0         32          0          0          0   (incl. Generated)
        10          0          5          2         23          0   (incl. Padding)

    ----------------------------------------------------------------------

      Code (inc. data)   RO Data    RW Data    ZI Data      Debug   Library Member Name

         8          0          0          0          0         68   __main.o
         0          0          0          0          0          0   __rtentry.o
        12          0          0          0          0          0   __rtentry2.o
         6          0          0          0          0          0   __rtentry4.o
        86         10          0          0          0          0   __scatter.o
        26          0          0          0          0          0   __scatter_copy.o
        28          0          0          0          0          0   __scatter_zi.o
        16          0          0          0          0         68   exit.o
         6          0          0          0          0        136   heapauxi.o
         2          0          0          0          0          0   libinit.o
         2          0          0          0          0          0   libinit2.o
         2          0          0          0          0          0   libshutdown.o
         2          0          0          0          0          0   libshutdown2.o
         8          4          0          0         96         68   libspace.o
         2          0          0          0          0          0   rtexit.o
        10          0          0          0          0          0   rtexit2.o
        62          0          0          0          0         80   sys_stackheap_outer.o
       316         28          0          0          0      18491   dl_sysctl_mspm0g1x0x_g3x0x.o
        46          0          0          0          0         60   cmpret.o
       124          4          0          0          0         72   d2f.o
      1096         26        128          0          0        112   ddiv.o
        88          0          0          0          0         92   dflti.o
       584         26          0          0          0         84   dmul.o
        84          4          0          0          0         60   f2d.o
       348          8          0          0          0        160   faddsub.o
        70          0          0          0          0        204   fcmp.o
       100          4          0          0          0         68   fcmpin.o
       352         10         64          0          0         92   fdiv.o
        76          0          0          0          0         68   ffixi.o
        48          0          0          0          0         60   ffixui.o
        94          0          0          0          0         92   fflti.o
        84          4          0          0          0         76   fgef.o
        84          4          0          0          0         76   flef.o
       176          4          0          0          0         80   fmul.o
        16          6          0          0          0         68   fnan2.o
        94          0          0          0          0         68   retnan.o
         0          0          0          0          0          0   usenofp.o

    ----------------------------------------------------------------------
      4184        146        192          0         96      20503   Library Totals
        26          4          0          0          0          0   (incl. Padding)

    ----------------------------------------------------------------------

      Code (inc. data)   RO Data    RW Data    ZI Data      Debug   Library Name

       278         14          0          0         96        420   c_p.l
       316         28          0          0          0      18491   driverlib.a
      3564        100        192          0          0       1592   fz_ps.l

    ----------------------------------------------------------------------
      4184        146        192          0         96      20503   Library Totals

    ----------------------------------------------------------------------

==============================================================================


      Code (inc. data)   RO Data    RW Data    ZI Data      Debug   

     11928       1356        600         44       6580     213279   Grand Totals
     11928       1356        600         44       6580     213279   ELF Image Totals
     11928       1356        600         44          0          0   ROM Totals

==============================================================================

    Total RO  Size (Code + RO Data)                12528 (  12.23kB)
    Total RW  Size (RW Data + ZI Data)              6624 (   6.47kB)
    Total ROM Size (Code + RO Data + RW Data)      12572 (  12.28kB)

==============================================================================

